******************************************************************************
                  MSP430 Linker Unix v4.4.5                    
******************************************************************************
>> Linked Tue Feb  7 21:00:11 2017

OUTPUT FILE NAME:   <Project.out>
ENTRY POINT SYMBOL: "_c_int00_noargs_noexit"  address: 0000aee2


MEMORY CONFIGURATION

         name            origin    length      used     unused   attr    fill
----------------------  --------  ---------  --------  --------  ----  --------
  SFR                   00000000   00000010  00000000  00000010  RWIX
  PERIPHERALS_8BIT      00000010   000000f0  00000000  000000f0  RWIX
  PERIPHERALS_16BIT     00000100   00000100  00000000  00000100  RWIX
  INFOD                 00001800   00000080  00000000  00000080  RWIX
  INFOC                 00001880   00000080  00000000  00000080  RWIX
  INFOB                 00001900   00000080  00000000  00000080  RWIX
  INFOA                 00001980   00000080  00000000  00000080  RWIX
  RAM                   00001c00   000007fe  0000066e  00000190  RWIX
  FLASH                 00008000   00007f80  00003697  000048e9  RWIX
  INT00                 0000ff80   00000002  00000000  00000002  RWIX
  INT01                 0000ff82   00000002  00000000  00000002  RWIX
  INT02                 0000ff84   00000002  00000000  00000002  RWIX
  INT03                 0000ff86   00000002  00000000  00000002  RWIX
  INT04                 0000ff88   00000002  00000000  00000002  RWIX
  INT05                 0000ff8a   00000002  00000000  00000002  RWIX
  INT06                 0000ff8c   00000002  00000000  00000002  RWIX
  INT07                 0000ff8e   00000002  00000000  00000002  RWIX
  INT08                 0000ff90   00000002  00000000  00000002  RWIX
  INT09                 0000ff92   00000002  00000000  00000002  RWIX
  INT10                 0000ff94   00000002  00000000  00000002  RWIX
  INT11                 0000ff96   00000002  00000000  00000002  RWIX
  INT12                 0000ff98   00000002  00000000  00000002  RWIX
  INT13                 0000ff9a   00000002  00000000  00000002  RWIX
  INT14                 0000ff9c   00000002  00000000  00000002  RWIX
  INT15                 0000ff9e   00000002  00000000  00000002  RWIX
  INT16                 0000ffa0   00000002  00000000  00000002  RWIX
  INT17                 0000ffa2   00000002  00000000  00000002  RWIX
  INT18                 0000ffa4   00000002  00000000  00000002  RWIX
  INT19                 0000ffa6   00000002  00000000  00000002  RWIX
  INT20                 0000ffa8   00000002  00000000  00000002  RWIX
  INT21                 0000ffaa   00000002  00000000  00000002  RWIX
  INT22                 0000ffac   00000002  00000000  00000002  RWIX
  INT23                 0000ffae   00000002  00000000  00000002  RWIX
  INT24                 0000ffb0   00000002  00000000  00000002  RWIX
  INT25                 0000ffb2   00000002  00000000  00000002  RWIX
  INT26                 0000ffb4   00000002  00000000  00000002  RWIX
  INT27                 0000ffb6   00000002  00000000  00000002  RWIX
  INT28                 0000ffb8   00000002  00000000  00000002  RWIX
  INT29                 0000ffba   00000002  00000000  00000002  RWIX
  INT30                 0000ffbc   00000002  00000000  00000002  RWIX
  INT31                 0000ffbe   00000002  00000000  00000002  RWIX
  INT32                 0000ffc0   00000002  00000000  00000002  RWIX
  INT33                 0000ffc2   00000002  00000000  00000002  RWIX
  INT34                 0000ffc4   00000002  00000000  00000002  RWIX
  INT35                 0000ffc6   00000002  00000000  00000002  RWIX
  INT36                 0000ffc8   00000002  00000000  00000002  RWIX
  INT37                 0000ffca   00000002  00000000  00000002  RWIX
  INT38                 0000ffcc   00000002  00000000  00000002  RWIX
  INT39                 0000ffce   00000002  00000000  00000002  RWIX
  INT40                 0000ffd0   00000002  00000000  00000002  RWIX
  INT41                 0000ffd2   00000002  00000002  00000000  RWIX
  INT42                 0000ffd4   00000002  00000002  00000000  RWIX
  INT43                 0000ffd6   00000002  00000002  00000000  RWIX
  INT44                 0000ffd8   00000002  00000002  00000000  RWIX
  INT45                 0000ffda   00000002  00000002  00000000  RWIX
  INT46                 0000ffdc   00000002  00000002  00000000  RWIX
  INT47                 0000ffde   00000002  00000002  00000000  RWIX
  INT48                 0000ffe0   00000002  00000002  00000000  RWIX
  INT49                 0000ffe2   00000002  00000002  00000000  RWIX
  INT50                 0000ffe4   00000002  00000002  00000000  RWIX
  INT51                 0000ffe6   00000002  00000002  00000000  RWIX
  INT52                 0000ffe8   00000002  00000002  00000000  RWIX
  INT53                 0000ffea   00000002  00000002  00000000  RWIX
  INT54                 0000ffec   00000002  00000002  00000000  RWIX
  INT55                 0000ffee   00000002  00000002  00000000  RWIX
  INT56                 0000fff0   00000002  00000002  00000000  RWIX
  INT57                 0000fff2   00000002  00000002  00000000  RWIX
  INT58                 0000fff4   00000002  00000002  00000000  RWIX
  INT59                 0000fff6   00000002  00000002  00000000  RWIX
  INT60                 0000fff8   00000002  00000002  00000000  RWIX
  INT61                 0000fffa   00000002  00000002  00000000  RWIX
  INT62                 0000fffc   00000002  00000002  00000000  RWIX
  RESET                 0000fffe   00000002  00000002  00000000  RWIX


SECTION ALLOCATION MAP

 output                                  attributes/
section   page    origin      length       input sections
--------  ----  ----------  ----------   ----------------
.bss       0    00001c00    0000061e     UNINITIALIZED
                  00001c00    000003f0     uart_intfc_cc430.obj (.bss)
                  00001ff0    000000a8     nwk_QMgmt.obj (.bss)
                  00002098    00000065     task_scheduler.obj (.bss)
                  000020fd    00000001     main_manyEDs_autoack.obj (.bss)
                  000020fe    00000052     soft_timer.obj (.bss)
                  00002150    00000043     mrfi.obj (.bss)
                  00002193    00000029     nwk.obj (.bss)
                  000021bc    00000010     wrkstn.obj (.bss)
                  000021cc    0000000c     tmpsnr.obj (.bss)
                  000021d8    0000000a     nwk_frame.obj (.bss)
                  000021e2    0000000a     nwk_link.obj (.bss)
                  000021ec    00000009     nwk_globals.obj (.bss)
                  000021f5    00000001     nwk_api.obj (.bss)
                  000021f6    00000009     nwk_join.obj (.bss)
                  000021ff    00000001     nwk_ping.obj (.bss)
                  00002200    00000009     uart_cc430.obj (.bss)
                  00002209    00000001     --HOLE--
                  0000220a    00000008     rtc_cc430.obj (.bss)
                  00002212    00000004     mydef.obj (.bss)
                  00002216    00000003     nwk_mgmt.obj (.bss)
                  00002219    00000002     nwk_freq.obj (.bss)
                  0000221b    00000001     --HOLE--
                  0000221c    00000002     utils.obj (.bss)

.stack     0    000023ac    00000050     UNINITIALIZED
                  000023ac    00000002     rts430x.lib : boot.obj (.stack)
                  000023ae    0000004e     --HOLE--

.text      0    00008000    00003284     
                  00008000    000001e4     mrfi.obj (.text:MRFI_Init)
                  000081e4    00000196     nwk_link.obj (.text:smpl_send_link_reply)
                  0000837a    0000016c     utils.obj (.text:log)
                  000084e6    00000156     nwk_link.obj (.text:nwk_link)
                  0000863c    0000014e     nwk_api.obj (.text:SMPL_Ioctl)
                  0000878a    00000130     tmpsnr.obj (.text:tmpsnr_processSyncRep)
                  000088ba    00000126     nwk_QMgmt.obj (.text:nwk_QfindOldest)
                  000089e0    00000126     nwk_join.obj (.text:nwk_join)
                  00008b06    00000108     nwk_freq.obj (.text:nwk_scanForChannels)
                  00008c0e    00000108     soft_timer.obj (.text:soft_ISR)
                  00008d16    000000f8     mrfi.obj (.text:Mrfi_SyncPinRxIsr)
                  00008e0e    000000f8     soft_timer.obj (.text:soft_setTimer)
                  00008f06    000000d8     utils.obj (.text:my_itoa)
                  00008fde    000000d6     nwk.obj (.text:nwk_allocateLocalRxPort)
                  000090b4    000000c6     mrfi.obj (.text:MRFI_Transmit)
                  0000917a    000000c4     task_scheduler.obj (.text:post_task)
                  0000923e    000000b4     utils.obj (.text:my_utoa)
                  000092f2    000000b2     nwk_frame.obj (.text:dispatchFrame)
                  000093a4    000000aa     task_scheduler.obj (.text:task_scheduler)
                  0000944e    000000a6     nwk_frame.obj (.text:nwk_retrieveFrame)
                  000094f4    000000a2     uart_cc430.obj (.text:uart_init)
                  00009596    000000a0     nwk_ioctl.obj (.text:nwk_radioControl)
                  00009636    0000009a     nwk_frame.obj (.text:nwk_sendAckReply)
                  000096d0    0000009a     tmpsnr.obj (.text:tmpsnr_task_readFrame)
                  0000976a    00000096     nwk_frame.obj (.text:nwk_buildFrame)
                  00009800    00000092     mrfi.obj (.text:mrfiRadioInterfaceCmdStrobe)
                  00009892    00000092     nwk.obj (.text:nwk_isConnectionValid)
                  00009924    00000086     nwk.obj (.text:nwk_nwkInit)
                  000099aa    0000007c     nwk_QMgmt.obj (.text:nwk_QfindSlot)
                  00009a26    00000068     mrfi.obj (.text:_isr:MRFI_RadioIsr)
                  00009a8e    00000066     nwk_link.obj (.text:smpl_send_unlink_reply)
                  00009af4    00000062     mrfi.obj (.text:mrfiRadioInterfaceReadRxFifo)
                  00009b56    0000005e     rts430x.lib : autoinit_wdt.obj (.text:_auto_init_hold_wdt)
                  00009bb4    00000058     main_manyEDs_autoack.obj (.text:linkTo)
                  00009c0c    00000058     rts430x.lib : div32u.obj (.text)
                  00009c64    00000054     uart_intfc_cc430.obj (.text:rx_handler)
                  00009cb8    00000052     bsp.obj (.text:Bsp_SetClocks)
                  00009d0a    00000052     bsp.obj (.text:SetVCoreUp)
                  00009d5c    00000052     nwk_ioctl.obj (.text:nwk_rawSend)
                  00009dae    00000052     uart_intfc_cc430.obj (.text:push_buffer)
                  00009e00    00000050     nwk.obj (.text:nwk_getNextConnection)
                  00009e50    00000050     uart_intfc_cc430.obj (.text:pop_buffer)
                  00009ea0    0000004e     uart_cc430.obj (.text:uart_tx_irq)
                  00009eee    0000004c     main_manyEDs_autoack.obj (.text:main)
                  00009f3a    00000048     nwk_api.obj (.text:SMPL_Receive)
                  00009f82    00000048     w25x16.obj (.text:SPI_FLASH_Init)
                  00009fca    00000048     mrfi.obj (.text:mrfiRadioInterfaceReadReg)
                  0000a012    00000046     mrfi.obj (.text:Mrfi_RxAddrIsFiltered)
                  0000a058    00000046     rtc_cc430.obj (.text:_isr:RTC_ISR)
                  0000a09e    00000046     nwk.obj (.text:nwk_findPeer)
                  0000a0e4    00000044     nwk_ping.obj (.text:smpl_send_ping_reply)
                  0000a128    00000042     nwk_api.obj (.text:SMPL_Init)
                  0000a16a    00000042     nwk.obj (.text:nwk_isLinkDuplicate)
                  0000a1ac    00000040     mrfi.obj (.text:MRFI_ReplyDelay)
                  0000a1ec    00000040     rts430x.lib : div32s.obj (.text)
                  0000a22c    00000040     tmpsnr.obj (.text:tmpsnr_tmr_awakeISR)
                  0000a26c    0000003e     nwk_freq.obj (.text:change_channel_cmd_is_valid)
                  0000a2aa    0000003e     nwk.obj (.text:initializeConnection)
                  0000a2e8    0000003e     rts430x.lib : lsl32.obj (.text:l_lsl_const)
                  0000a326    0000003e                 : lsr32.obj (.text:l_lsr_const)
                  0000a364    0000003c     nwk.obj (.text:nwk_putNumObjectIntoMsg)
                  0000a3a0    0000003c     uart_intfc_cc430.obj (.text:tx_send)
                  0000a3dc    0000003c     uart_intfc_cc430.obj (.text:tx_send_wait)
                  0000a418    0000003a     nwk_freq.obj (.text:nwk_freqControl)
                  0000a452    0000003a     nwk.obj (.text:nwk_isValidReply)
                  0000a48c    0000003a     nwk_mgmt.obj (.text:nwk_processMgmt)
                  0000a4c6    0000003a     tmpsnr.obj (.text:tmpsnr_task_mytask)
                  0000a500    00000038     uart_intfc_cc430.obj (.text:uart_intfc_init)
                  0000a538    00000036     bsp.obj (.text:BSP_Delay)
                  0000a56e    00000036     mrfi.obj (.text:mrfiRadioInterfaceWriteReg)
                  0000a5a4    00000036     mrfi.obj (.text:mrfiRadioInterfaceWriteTxFifo)
                  0000a5da    00000036     task_scheduler.obj (.text:task_pool_init)
                  0000a610    00000034     mrfi.obj (.text:MRFI_SetRxAddrFilter)
                  0000a644    00000034     nwk_QMgmt.obj (.text:nwk_QadjustOrder)
                  0000a678    00000032     mrfi.obj (.text:MRFI_SetLogicalChannel)
                  0000a6aa    00000032     nwk_ioctl.obj (.text:nwk_deviceAddress)
                  0000a6dc    00000032     nwk.obj (.text:nwk_getConnInfo)
                  0000a70e    00000032     nwk_link.obj (.text:nwk_linkInit)
                  0000a740    00000030     nwk_freq.obj (.text:handle_freq_cmd)
                  0000a770    00000030     nwk.obj (.text:map_lid2idx)
                  0000a7a0    00000030     nwk_freq.obj (.text:nwk_processFreq)
                  0000a7d0    00000030     nwk_ioctl.obj (.text:nwk_rawReceive)
                  0000a800    00000030     nwk_frame.obj (.text:nwk_sendFrame)
                  0000a830    00000030     uart_intfc_cc430.obj (.text:tx_handler)
                  0000a860    0000002e     mrfi.obj (.text:Mrfi_CalculateRssi)
                  0000a88e    0000002c     mrfi.obj (.text:Mrfi_DelayUsecSem)
                  0000a8ba    0000002c     mrfi.obj (.text:Mrfi_RxModeOff)
                  0000a8e6    0000002c     bsp.obj (.text:SetVCore)
                  0000a912    0000002c     uart_cc430.obj (.text:_isr:uart_rx_tx_enter_irq)
                  0000a93e    0000002c     nwk_link.obj (.text:handleLinkRequest)
                  0000a96a    0000002c     rts430x.lib : div16s.obj (.text)
                  0000a996    0000002c                 : strncpy.obj (.text:strncpy)
                  0000a9c2    0000002a     nwk.obj (.text:nwk_checkConnInfo)
                  0000a9ec    00000028     nwk_globals.obj (.text:nwk_getAPAddress)
                  0000aa14    00000028     nwk_ping.obj (.text:nwk_processPing)
                  0000aa3c    00000028     rtc_cc430.obj (.text:rtc_init)
                  0000aa64    00000026     mrfi.obj (.text:MRFI_Sleep)
                  0000aa8a    00000026     mrfi.obj (.text:Mrfi_DelayUsec)
                  0000aab0    00000026     bsp.obj (.text:SetVCoreDown)
                  0000aad6    00000026     nwk_ioctl.obj (.text:nwk_connectionControl)
                  0000aafc    00000026     nwk_globals.obj (.text:nwk_globalsInit)
                  0000ab22    00000026     nwk_join.obj (.text:nwk_joinInit)
                  0000ab48    00000026     nwk_link.obj (.text:nwk_processLink)
                  0000ab6e    00000026     uart_cc430.obj (.text:uart_tx_message)
                  0000ab94    00000024     mrfi.obj (.text:MRFI_Rssi)
                  0000abb8    00000024     mrfi.obj (.text:Mrfi_RandomBackoffDelay)
                  0000abdc    00000022     mrfi.obj (.text:MRFI_EnableRxAddrFilter)
                  0000abfe    00000022     mrfi.obj (.text:MRFI_RxOn)
                  0000ac20    00000022     mrfi.obj (.text:MRFI_WakeUp)
                  0000ac42    00000022     rts430x.lib : memcmp.obj (.text:memcmp)
                  0000ac64    00000022                 : mult32_f5hw.obj (.text)
                  0000ac86    00000022     uart_cc430.obj (.text:uart_rx_message)
                  0000aca8    00000022     uart_cc430.obj (.text:uart_tx_message_resume)
                  0000acca    00000020     bsp.obj (.text:BSP_Init)
                  0000acea    00000020     nwk_frame.obj (.text:MRFI_RxCompleteISR)
                  0000ad0a    00000020     mrfi.obj (.text:MRFI_RxIdle)
                  0000ad2a    00000020     rts430x.lib : memmov.obj (.text:memmove)
                  0000ad4a    00000020     nwk_frame.obj (.text:nwk_frameInit)
                  0000ad6a    00000020     nwk_join.obj (.text:nwk_processJoin)
                  0000ad8a    0000001e     mrfi.obj (.text:MRFI_SetRFPwr)
                  0000ada8    0000001e     w25x16.obj (.text:SPI_FLASH_BulkErase)
                  0000adc6    0000001e     w25x16.obj (.text:SPI_FLASH_WaitForWriteEnd)
                  0000ade4    0000001e     nwk_QMgmt.obj (.text:nwk_QInit)
                  0000ae02    0000001e     main_manyEDs_autoack.obj (.text:sCB)
                  0000ae20    0000001e     uart_cc430.obj (.text:uart_tx_message_suspend)
                  0000ae3e    0000001c     node.obj (.text:node_init)
                  0000ae5a    0000001c     nwk_freq.obj (.text:nwk_setChannel)
                  0000ae76    0000001c     nwk_globals.obj (.text:nwk_setMyAddress)
                  0000ae92    0000001c     rtc_cc430.obj (.text:rtc_setTimeOffset)
                  0000aeae    0000001a     bsp.obj (.text:BSP_InitDrivers)
                  0000aec8    0000001a     bsp.obj (.text:BSP_InitLeds)
                  0000aee2    0000001a     rts430x.lib : boot_special.obj (.text:_isr:_c_int00_noargs_noexit)
                  0000aefc    0000001a     port_cc430.obj (.text:init_p20)
                  0000af16    0000001a     tmpsnr.obj (.text:tmpsnr_registerMsgProcessor)
                  0000af30    0000001a     uart_cc430.obj (.text:uart_rx_irq)
                  0000af4a    00000018     mrfi.obj (.text:MRFI_DelayMs)
                  0000af62    00000018     uart_intfc_cc430.obj (.text:tx_peek)
                  0000af7a    00000016     w25x16.obj (.text:ExtenalFlash_Write_Enable)
                  0000af90    00000016     mrfi.obj (.text:MRFI_RandomByte)
                  0000afa6    00000016     mrfi.obj (.text:Mrfi_RxModeOn)
                  0000afbc    00000016     nwk_freq.obj (.text:nwk_freqInit)
                  0000afd2    00000016     rts430x.lib : div16u.obj (.text)
                  0000afe8    00000016                 : mult16_f5hw.obj (.text)
                  0000affe    00000014     w25x16.obj (.text:SPI_Read_Data)
                  0000b012    00000014     w25x16.obj (.text:SPI_Send_Data)
                  0000b026    00000014     nwk_api.obj (.text:ioctlPreInitAccessIsOK)
                  0000b03a    00000014     rts430x.lib : memset.obj (.text:memset)
                  0000b04e    00000014     rtc_cc430.obj (.text:rtc_getTimeOffset)
                  0000b062    00000014     soft_timer.obj (.text:soft_initTimers)
                  0000b076    00000012     port_cc430.obj (.text:_isr:PORT2_ISR)
                  0000b088    00000012     bsp.obj (.text:_system_pre_init)
                  0000b09a    00000012     nwk_freq.obj (.text:change_channel_cmd)
                  0000b0ac    00000012     rts430x.lib : memcpy.obj (.text:memcpy)
                  0000b0be    00000012     nwk_join.obj (.text:nwk_getJoinToken)
                  0000b0d0    00000012     nwk_link.obj (.text:nwk_getLinkToken)
                  0000b0e2    00000012     nwk_globals.obj (.text:nwk_getMyAddress)
                  0000b0f4    00000012     nwk_join.obj (.text:nwk_setJoinToken)
                  0000b106    00000012     nwk_link.obj (.text:nwk_setLinkToken)
                  0000b118    00000012     tmpsnr.obj (.text:tmpsnr_processSyncReq)
                  0000b12a    00000012     tmpsnr.obj (.text:tmpsnr_processTmpData)
                  0000b13c    00000012     tmpsnr.obj (.text:tmpsnr_task_addDevice)
                  0000b14e    00000012     tmpsnr.obj (.text:tmpsnr_task_sleep)
                  0000b160    00000010     bsp.obj (.text:BSP_InitBoard)
                  0000b170    00000010     rts430x.lib : asr32.obj (.text:l_asr)
                  0000b180    0000000e     bsp.obj (.text:BSP_InitButtons)
                  0000b18e    0000000e     mrfi.obj (.text:MRFI_Receive)
                  0000b19c    0000000e     uart_intfc_cc430.obj (.text:buffer_free_space)
                  0000b1aa    0000000e     nwk.obj (.text:nwk_getNumObjectFromMsg)
                  0000b1b8    0000000e     nwk_globals.obj (.text:nwk_setAPAddress)
                  0000b1c6    0000000c     mrfi.obj (.text:MRFI_PostKillSem)
                  0000b1d2    0000000c     uart_intfc_cc430.obj (.text:buffer_used_space)
                  0000b1de    0000000c     nwk_ping.obj (.text:handlePingRequest)
                  0000b1ea    0000000c     tmpsnr.obj (.text:tmpsnr_tmr_sleepISR)
                  0000b1f6    0000000a     bsp.obj (.text:Bsp_SetVCore)
                  0000b200    0000000a     Si705x.obj (.text:Si705x_Init)
                  0000b20a    0000000a     lpw_cc430.obj (.text:lpw_exitSleep)
                  0000b214    0000000a     nwk_mgmt.obj (.text:nwk_mgmtInit)
                  0000b21e    0000000a     nwk_ping.obj (.text:nwk_pingInit)
                  0000b228    00000008     lpw_cc430.obj (.text:lpw_enterSleep)
                  0000b230    00000008     nwk_freq.obj (.text:nwk_getChannel)
                  0000b238    00000006     mrfi.obj (.text:MRFI_GetRadioState)
                  0000b23e    00000006     nwk_api.obj (.text:SMPL_Link)
                  0000b244    00000006     rts430x.lib : isr_trap.obj (.text:_isr:__TI_ISR_TRAP)
                  0000b24a    00000006     lpw_cc430.obj (.text:lpw_init)
                  0000b250    00000006     nwk.obj (.text:nwk_freeConnection)
                  0000b256    00000006     nwk_globals.obj (.text:nwk_getBCastAddress)
                  0000b25c    00000006     nwk_globals.obj (.text:nwk_getFWVersion)
                  0000b262    00000006     nwk_frame.obj (.text:nwk_getMyRxType)
                  0000b268    00000006     nwk_globals.obj (.text:nwk_getProtocolVersion)
                  0000b26e    00000004     rts430x.lib : exit.obj (.text:abort)
                  0000b272    00000004     nwk.obj (.text:nwk_NVObj)
                  0000b276    00000004     nwk_security.obj (.text:nwk_processSecurity)
                  0000b27a    00000004     nwk_freq.obj (.text:send_ping_reply)
                  0000b27e    00000004     uart_cc430.obj (.text:uart_rx_message_suspend)
                  0000b282    00000002     nwk_security.obj (.text:nwk_securityInit)

.const     0    0000b284    000002eb     
                  0000b284    0000012e     tmpsnr.obj (.const:.string)
                  0000b3b2    000000a0     wrkstn.obj (.const:.string)
                  0000b452    00000042     main_manyEDs_autoack.obj (.const:.string)
                  0000b494    00000040     mrfi.obj (.const:mrfiRadioCfg)
                  0000b4d4    00000034     wrkstn.obj (.const)
                  0000b508    00000020     utils.obj (.const:.string)
                  0000b528    0000001a     tmpsnr.obj (.const)
                  0000b542    00000018     nwk_frame.obj (.const:func)
                  0000b55a    00000009     nwk_globals.obj (.const)
                  0000b563    00000001     --HOLE-- [fill = 0]
                  0000b564    00000004     mrfi.obj (.const:.string:mrfiBroadcastAddr)
                  0000b568    00000004     mrfi.obj (.const:.string:mrfiLogicalChanTable)
                  0000b56c    00000003     mrfi.obj (.const:.string:mrfiRFPowerTable)

.cinit     0    0000b570    00000128     
                  0000b570    0000004d     mrfi.obj (.cinit)
                  0000b5bd    00000001     --HOLE-- [fill = 0]
                  0000b5be    00000020     nwk_frame.obj (.cinit)
                  0000b5de    00000019     nwk_link.obj (.cinit)
                  0000b5f7    00000001     --HOLE-- [fill = 0]
                  0000b5f8    00000018     uart_intfc_cc430.obj (.cinit)
                  0000b610    00000015     nwk_join.obj (.cinit)
                  0000b625    00000001     --HOLE-- [fill = 0]
                  0000b626    00000015     uart_cc430.obj (.cinit)
                  0000b63b    00000001     --HOLE-- [fill = 0]
                  0000b63c    00000010     rtc_cc430.obj (.cinit)
                  0000b64c    0000000b     nwk_mgmt.obj (.cinit)
                  0000b657    00000001     --HOLE-- [fill = 0]
                  0000b658    0000000b     wrkstn.obj (.cinit)
                  0000b663    00000001     --HOLE-- [fill = 0]
                  0000b664    00000008     mydef.obj (.cinit)
                  0000b66c    00000006     utils.obj (.cinit)
                  0000b672    00000005     main_manyEDs_autoack.obj (.cinit)
                  0000b677    00000001     --HOLE-- [fill = 0]
                  0000b678    00000005     nwk.obj (.cinit)
                  0000b67d    00000001     --HOLE-- [fill = 0]
                  0000b67e    00000005     nwk_api.obj (.cinit)
                  0000b683    00000001     --HOLE-- [fill = 0]
                  0000b684    00000005     nwk_freq.obj (.cinit)
                  0000b689    00000001     --HOLE-- [fill = 0]
                  0000b68a    00000005     nwk_globals.obj (.cinit)
                  0000b68f    00000001     --HOLE-- [fill = 0]
                  0000b690    00000005     nwk_ping.obj (.cinit)
                  0000b695    00000001     --HOLE-- [fill = 0]
                  0000b696    00000002     (.pad.cinit) [fill = 0]

.pinit     0    00008000    00000000     UNINITIALIZED

RTC        0    0000ffd2    00000002     
                  0000ffd2    00000002     rts430x.lib : int41.obj (.int41)

PORT2      0    0000ffd4    00000002     
                  0000ffd4    00000002     rts430x.lib : int42.obj (.int42)

USCI_B3    0    0000ffd6    00000002     
                  0000ffd6    00000002     rts430x.lib : int43.obj (.int43)

USCI_A3    0    0000ffd8    00000002     
                  0000ffd8    00000002     rts430x.lib : int44.obj (.int44)

USCI_B1    0    0000ffda    00000002     
                  0000ffda    00000002     rts430x.lib : int45.obj (.int45)

USCI_A1    0    0000ffdc    00000002     
                  0000ffdc    00000002     rtc_cc430.obj (.int46)

PORT1      0    0000ffde    00000002     
                  0000ffde    00000002     rts430x.lib : int47.obj (.int47)

TIMER1_A1 
*          0    0000ffe0    00000002     
                  0000ffe0    00000002     port_cc430.obj (.int48)

TIMER1_A0 
*          0    0000ffe2    00000002     
                  0000ffe2    00000002     rts430x.lib : int49.obj (.int49)

DMA        0    0000ffe4    00000002     
                  0000ffe4    00000002     rts430x.lib : int50.obj (.int50)

USCI_B2    0    0000ffe6    00000002     
                  0000ffe6    00000002     rts430x.lib : int51.obj (.int51)

USCI_A2    0    0000ffe8    00000002     
                  0000ffe8    00000002     rts430x.lib : int52.obj (.int52)

TIMER0_A1 
*          0    0000ffea    00000002     
                  0000ffea    00000002     mrfi.obj (.int53)

TIMER0_A0 
*          0    0000ffec    00000002     
                  0000ffec    00000002     rts430x.lib : int54.obj (.int54)

ADC12      0    0000ffee    00000002     
                  0000ffee    00000002     rts430x.lib : int55.obj (.int55)

USCI_B0    0    0000fff0    00000002     
                  0000fff0    00000002     rts430x.lib : int56.obj (.int56)

USCI_A0    0    0000fff2    00000002     
                  0000fff2    00000002     rts430x.lib : int57.obj (.int57)

WDT        0    0000fff4    00000002     
                  0000fff4    00000002     uart_cc430.obj (.int58)

TIMER0_B1 
*          0    0000fff6    00000002     
                  0000fff6    00000002     rts430x.lib : int59.obj (.int59)

TIMER0_B0 
*          0    0000fff8    00000002     
                  0000fff8    00000002     rts430x.lib : int60.obj (.int60)

UNMI       0    0000fffa    00000002     
                  0000fffa    00000002     rts430x.lib : int61.obj (.int61)

SYSNMI     0    0000fffc    00000002     
                  0000fffc    00000002     rts430x.lib : int62.obj (.int62)

.reset     0    0000fffe    00000002     
                  0000fffe    00000002     rts430x.lib : boot.obj (.reset)


GLOBAL SYMBOLS: SORTED ALPHABETICALLY BY Name 

address   name                         
-------   ----                         
00001c00  .bss                         
00008000  .text                        
00000700  ADC12CTL0                    
00000701  ADC12CTL0_H                  
00000700  ADC12CTL0_L                  
00000702  ADC12CTL1                    
00000703  ADC12CTL1_H                  
00000702  ADC12CTL1_L                  
00000704  ADC12CTL2                    
00000705  ADC12CTL2_H                  
00000704  ADC12CTL2_L                  
0000070c  ADC12IE                      
0000070d  ADC12IE_H                    
0000070c  ADC12IE_L                    
0000070a  ADC12IFG                     
0000070b  ADC12IFG_H                   
0000070a  ADC12IFG_L                   
0000070e  ADC12IV                      
0000070f  ADC12IV_H                    
0000070e  ADC12IV_L                    
00000710  ADC12MCTL0                   
00000711  ADC12MCTL1                   
0000071a  ADC12MCTL10                  
0000071b  ADC12MCTL11                  
0000071c  ADC12MCTL12                  
0000071d  ADC12MCTL13                  
0000071e  ADC12MCTL14                  
0000071f  ADC12MCTL15                  
00000712  ADC12MCTL2                   
00000713  ADC12MCTL3                   
00000714  ADC12MCTL4                   
00000715  ADC12MCTL5                   
00000716  ADC12MCTL6                   
00000717  ADC12MCTL7                   
00000718  ADC12MCTL8                   
00000719  ADC12MCTL9                   
00000720  ADC12MEM0                    
00000721  ADC12MEM0_H                  
00000720  ADC12MEM0_L                  
00000722  ADC12MEM1                    
00000734  ADC12MEM10                   
00000735  ADC12MEM10_H                 
00000734  ADC12MEM10_L                 
00000736  ADC12MEM11                   
00000737  ADC12MEM11_H                 
00000736  ADC12MEM11_L                 
00000738  ADC12MEM12                   
00000739  ADC12MEM12_H                 
00000738  ADC12MEM12_L                 
0000073a  ADC12MEM13                   
0000073b  ADC12MEM13_H                 
0000073a  ADC12MEM13_L                 
0000073c  ADC12MEM14                   
0000073d  ADC12MEM14_H                 
0000073c  ADC12MEM14_L                 
0000073e  ADC12MEM15                   
0000073f  ADC12MEM15_H                 
0000073e  ADC12MEM15_L                 
00000723  ADC12MEM1_H                  
00000722  ADC12MEM1_L                  
00000724  ADC12MEM2                    
00000725  ADC12MEM2_H                  
00000724  ADC12MEM2_L                  
00000726  ADC12MEM3                    
00000727  ADC12MEM3_H                  
00000726  ADC12MEM3_L                  
00000728  ADC12MEM4                    
00000729  ADC12MEM4_H                  
00000728  ADC12MEM4_L                  
0000072a  ADC12MEM5                    
0000072b  ADC12MEM5_H                  
0000072a  ADC12MEM5_L                  
0000072c  ADC12MEM6                    
0000072d  ADC12MEM6_H                  
0000072c  ADC12MEM6_L                  
0000072e  ADC12MEM7                    
0000072f  ADC12MEM7_H                  
0000072e  ADC12MEM7_L                  
00000730  ADC12MEM8                    
00000731  ADC12MEM8_H                  
00000730  ADC12MEM8_L                  
00000732  ADC12MEM9                    
00000733  ADC12MEM9_H                  
00000732  ADC12MEM9_L                  
000009c0  AESACTL0                     
000009c1  AESACTL0_H                   
000009c0  AESACTL0_L                   
000009c8  AESADIN                      
000009c9  AESADIN_H                    
000009c8  AESADIN_L                    
000009ca  AESADOUT                     
000009cb  AESADOUT_H                   
000009ca  AESADOUT_L                   
000009c6  AESAKEY                      
000009c7  AESAKEY_H                    
000009c6  AESAKEY_L                    
000009c4  AESASTAT                     
000009c5  AESASTAT_H                   
000009c4  AESASTAT_L                   
0000a538  BSP_Delay                    
0000acca  BSP_Init                     
0000b160  BSP_InitBoard                
0000b180  BSP_InitButtons              
0000aeae  BSP_InitDrivers              
0000aec8  BSP_InitLeds                 
0000b26e  C$$EXIT                      
000008c0  CBCTL0                       
000008c1  CBCTL0_H                     
000008c0  CBCTL0_L                     
000008c2  CBCTL1                       
000008c3  CBCTL1_H                     
000008c2  CBCTL1_L                     
000008c4  CBCTL2                       
000008c5  CBCTL2_H                     
000008c4  CBCTL2_L                     
000008c6  CBCTL3                       
000008c7  CBCTL3_H                     
000008c6  CBCTL3_L                     
000008cc  CBINT                        
000008cd  CBINT_H                      
000008cc  CBINT_L                      
000008ce  CBIV                         
00000150  CRCDI                        
00000151  CRCDI_H                      
00000150  CRCDI_L                      
00000154  CRCINIRES                    
00000155  CRCINIRES_H                  
00000154  CRCINIRES_L                  
00000510  DMA0CTL                      
00000511  DMA0CTL_H                    
00000510  DMA0CTL_L                    
00000516  DMA0DA                       
00000518  DMA0DAH                      
00000516  DMA0DAL                      
00000512  DMA0SA                       
00000514  DMA0SAH                      
00000512  DMA0SAL                      
0000051a  DMA0SZ                       
00000520  DMA1CTL                      
00000521  DMA1CTL_H                    
00000520  DMA1CTL_L                    
00000526  DMA1DA                       
00000528  DMA1DAH                      
00000526  DMA1DAL                      
00000522  DMA1SA                       
00000524  DMA1SAH                      
00000522  DMA1SAL                      
0000052a  DMA1SZ                       
00000530  DMA2CTL                      
00000531  DMA2CTL_H                    
00000530  DMA2CTL_L                    
00000536  DMA2DA                       
00000538  DMA2DAH                      
00000536  DMA2DAL                      
00000532  DMA2SA                       
00000534  DMA2SAH                      
00000532  DMA2SAL                      
0000053a  DMA2SZ                       
00000500  DMACTL0                      
00000501  DMACTL0_H                    
00000500  DMACTL0_L                    
00000502  DMACTL1                      
00000503  DMACTL1_H                    
00000502  DMACTL1_L                    
00000504  DMACTL2                      
00000505  DMACTL2_H                    
00000504  DMACTL2_L                    
00000506  DMACTL3                      
00000507  DMACTL3_H                    
00000506  DMACTL3_L                    
00000508  DMACTL4                      
00000509  DMACTL4_H                    
00000508  DMACTL4_L                    
0000050e  DMAIV                        
0000050f  DMAIV_H                      
0000050e  DMAIV_L                      
0000af7a  ExtenalFlash_Write_Enable    
00000140  FCTL1                        
00000141  FCTL1_H                      
00000140  FCTL1_L                      
00000144  FCTL3                        
00000145  FCTL3_H                      
00000144  FCTL3_L                      
00000146  FCTL4                        
00000147  FCTL4_H                      
00000146  FCTL4_L                      
0000b170  L_ASR                        
0000a320  L_LSL_1                      
0000a2fc  L_LSL_10                     
0000a2f8  L_LSL_11                     
0000a2f4  L_LSL_12                     
0000a2f0  L_LSL_13                     
0000a2ec  L_LSL_14                     
0000a2e8  L_LSL_15                     
0000a31c  L_LSL_2                      
0000a318  L_LSL_3                      
0000a314  L_LSL_4                      
0000a310  L_LSL_5                      
0000a30c  L_LSL_6                      
0000a308  L_LSL_7                      
0000a304  L_LSL_8                      
0000a300  L_LSL_9                      
0000a35e  L_LSR_1                      
0000a33a  L_LSR_10                     
0000a336  L_LSR_11                     
0000a332  L_LSR_12                     
0000a32e  L_LSR_13                     
0000a32a  L_LSR_14                     
0000a326  L_LSR_15                     
0000a35a  L_LSR_2                      
0000a356  L_LSR_3                      
0000a352  L_LSR_4                      
0000a34e  L_LSR_5                      
0000a34a  L_LSR_6                      
0000a346  L_LSR_7                      
0000a342  L_LSR_8                      
0000a33e  L_LSR_9                      
000004c4  MAC                          
000004da  MAC32H                       
000004db  MAC32H_H                     
000004da  MAC32H_L                     
000004d8  MAC32L                       
000004d9  MAC32L_H                     
000004d8  MAC32L_L                     
000004c6  MACS                         
000004de  MACS32H                      
000004df  MACS32H_H                    
000004de  MACS32H_L                    
000004dc  MACS32L                      
000004dd  MACS32L_H                    
000004dc  MACS32L_L                    
000004c7  MACS_H                       
000004c6  MACS_L                       
000004c5  MAC_H                        
000004c4  MAC_L                        
000004c0  MPY                          
000004ec  MPY32CTL0                    
000004ed  MPY32CTL0_H                  
000004ec  MPY32CTL0_L                  
000004d2  MPY32H                       
000004d3  MPY32H_H                     
000004d2  MPY32H_L                     
000004d0  MPY32L                       
000004d1  MPY32L_H                     
000004d0  MPY32L_L                     
000004c2  MPYS                         
000004d6  MPYS32H                      
000004d7  MPYS32H_H                    
000004d6  MPYS32H_L                    
000004d4  MPYS32L                      
000004d5  MPYS32L_H                    
000004d4  MPYS32L_L                    
000004c3  MPYS_H                       
000004c2  MPYS_L                       
000004c1  MPY_H                        
000004c0  MPY_L                        
0000af4a  MRFI_DelayMs                 
0000abdc  MRFI_EnableRxAddrFilter      
0000b238  MRFI_GetRadioState           
00008000  MRFI_Init                    
0000b1c6  MRFI_PostKillSem             
00009a26  MRFI_RadioIsr                
0000af90  MRFI_RandomByte              
0000b18e  MRFI_Receive                 
0000a1ac  MRFI_ReplyDelay              
0000ab94  MRFI_Rssi                    
0000acea  MRFI_RxCompleteISR           
0000ad0a  MRFI_RxIdle                  
0000abfe  MRFI_RxOn                    
0000a678  MRFI_SetLogicalChannel       
0000ad8a  MRFI_SetRFPwr                
0000a610  MRFI_SetRxAddrFilter         
0000aa64  MRFI_Sleep                   
000090b4  MRFI_Transmit                
0000ac20  MRFI_WakeUp                  
000004c8  OP2                          
000004e2  OP2H                         
000004e3  OP2H_H                       
000004e2  OP2H_L                       
000004e0  OP2L                         
000004e1  OP2L_H                       
000004e0  OP2L_L                       
000004c9  OP2_H                        
000004c8  OP2_L                        
0000020e  P1IV                         
000001c8  P1MAP01                      
000001c9  P1MAP01_H                    
000001c8  P1MAP01_L                    
000001ca  P1MAP23                      
000001cb  P1MAP23_H                    
000001ca  P1MAP23_L                    
000001cc  P1MAP45                      
000001cd  P1MAP45_H                    
000001cc  P1MAP45_L                    
000001ce  P1MAP67                      
000001cf  P1MAP67_H                    
000001ce  P1MAP67_L                    
0000021e  P2IV                         
000001d0  P2MAP01                      
000001d1  P2MAP01_H                    
000001d0  P2MAP01_L                    
000001d2  P2MAP23                      
000001d3  P2MAP23_H                    
000001d2  P2MAP23_L                    
000001d4  P2MAP45                      
000001d5  P2MAP45_H                    
000001d4  P2MAP45_L                    
000001d6  P2MAP67                      
000001d7  P2MAP67_H                    
000001d6  P2MAP67_L                    
000001d8  P3MAP01                      
000001d9  P3MAP01_H                    
000001d8  P3MAP01_L                    
000001da  P3MAP23                      
000001db  P3MAP23_H                    
000001da  P3MAP23_L                    
000001dc  P3MAP45                      
000001dd  P3MAP45_H                    
000001dc  P3MAP45_L                    
000001de  P3MAP67                      
000001df  P3MAP67_H                    
000001de  P3MAP67_L                    
00000204  PADIR                        
00000205  PADIR_H                      
00000204  PADIR_L                      
00000208  PADS                         
00000209  PADS_H                       
00000208  PADS_L                       
0000021a  PAIE                         
00000218  PAIES                        
00000219  PAIES_H                      
00000218  PAIES_L                      
0000021b  PAIE_H                       
0000021a  PAIE_L                       
0000021c  PAIFG                        
0000021d  PAIFG_H                      
0000021c  PAIFG_L                      
00000200  PAIN                         
00000201  PAIN_H                       
00000200  PAIN_L                       
00000202  PAOUT                        
00000203  PAOUT_H                      
00000202  PAOUT_L                      
00000206  PAREN                        
00000207  PAREN_H                      
00000206  PAREN_L                      
0000020a  PASEL                        
0000020b  PASEL_H                      
0000020a  PASEL_L                      
00000224  PBDIR                        
00000225  PBDIR_H                      
00000224  PBDIR_L                      
00000228  PBDS                         
00000229  PBDS_H                       
00000228  PBDS_L                       
00000220  PBIN                         
00000221  PBIN_H                       
00000220  PBIN_L                       
00000222  PBOUT                        
00000223  PBOUT_H                      
00000222  PBOUT_L                      
00000226  PBREN                        
00000227  PBREN_H                      
00000226  PBREN_L                      
0000022a  PBSEL                        
0000022b  PBSEL_H                      
0000022a  PBSEL_L                      
00000244  PCDIR                        
00000245  PCDIR_H                      
00000244  PCDIR_L                      
00000248  PCDS                         
00000249  PCDS_H                       
00000248  PCDS_L                       
00000240  PCIN                         
00000241  PCIN_H                       
00000240  PCIN_L                       
00000242  PCOUT                        
00000243  PCOUT_H                      
00000242  PCOUT_L                      
00000246  PCREN                        
00000247  PCREN_H                      
00000246  PCREN_L                      
0000024a  PCSEL                        
0000024b  PCSEL_H                      
0000024a  PCSEL_L                      
00000324  PJDIR                        
00000325  PJDIR_H                      
00000324  PJDIR_L                      
00000328  PJDS                         
00000329  PJDS_H                       
00000328  PJDS_L                       
00000320  PJIN                         
00000321  PJIN_H                       
00000320  PJIN_L                       
00000322  PJOUT                        
00000323  PJOUT_H                      
00000322  PJOUT_L                      
00000326  PJREN                        
00000327  PJREN_H                      
00000326  PJREN_L                      
000001c2  PMAPCTL                      
000001c3  PMAPCTL_H                    
000001c2  PMAPCTL_L                    
000001c0  PMAPKEYID                    
000001c1  PMAPKEYID_H                  
000001c0  PMAPKEYID_L                  
00000120  PMMCTL0                      
00000121  PMMCTL0_H                    
00000120  PMMCTL0_L                    
00000122  PMMCTL1                      
00000123  PMMCTL1_H                    
00000122  PMMCTL1_L                    
0000012c  PMMIFG                       
0000012d  PMMIFG_H                     
0000012c  PMMIFG_L                     
0000012e  PMMRIE                       
0000012f  PMMRIE_H                     
0000012e  PMMRIE_L                     
0000b076  PORT2_ISR                    
00000158  RCCTL0                       
00000159  RCCTL0_H                     
00000158  RCCTL0_L                     
000001b0  REFCTL0                      
000001b1  REFCTL0_H                    
000001b0  REFCTL0_L                    
000004e4  RES0                         
000004e5  RES0_H                       
000004e4  RES0_L                       
000004e6  RES1                         
000004e7  RES1_H                       
000004e6  RES1_L                       
000004e8  RES2                         
000004e9  RES2_H                       
000004e8  RES2_L                       
000004ea  RES3                         
000004eb  RES3_H                       
000004ea  RES3_L                       
000004cc  RESHI                        
000004cd  RESHI_H                      
000004cc  RESHI_L                      
000004ca  RESLO                        
000004cb  RESLO_H                      
000004ca  RESLO_L                      
00000f16  RF1ADINW                     
00000f17  RF1ADINW_H                   
00000f16  RF1ADINW_L                   
00000f28  RF1ADOUT0W                   
00000f29  RF1ADOUT0W_H                 
00000f28  RF1ADOUT0W_L                 
00000f2a  RF1ADOUT1W                   
00000f2b  RF1ADOUT1W_H                 
00000f2a  RF1ADOUT1W_L                 
00000f2c  RF1ADOUT2W                   
00000f2d  RF1ADOUT2W_H                 
00000f2c  RF1ADOUT2W_L                 
00000f36  RF1AIE                       
00000f34  RF1AIES                      
00000f35  RF1AIES_H                    
00000f34  RF1AIES_L                    
00000f37  RF1AIE_H                     
00000f36  RF1AIE_L                     
00000f00  RF1AIFCTL0                   
00000f01  RF1AIFCTL0_H                 
00000f00  RF1AIFCTL0_L                 
00000f02  RF1AIFCTL1                   
00000f03  RF1AIFCTL1_H                 
00000f02  RF1AIFCTL1_L                 
00000f04  RF1AIFCTL2                   
00000f05  RF1AIFCTL2_H                 
00000f04  RF1AIFCTL2_L                 
00000f06  RF1AIFERR                    
00000f0c  RF1AIFERRV                   
00000f0d  RF1AIFERRV_H                 
00000f0c  RF1AIFERRV_L                 
00000f07  RF1AIFERR_H                  
00000f06  RF1AIFERR_L                  
00000f32  RF1AIFG                      
00000f33  RF1AIFG_H                    
00000f32  RF1AIFG_L                    
00000f0e  RF1AIFIV                     
00000f0f  RF1AIFIV_H                   
00000f0e  RF1AIFIV_L                   
00000f30  RF1AIN                       
00000f12  RF1AINSTR1W                  
00000f13  RF1AINSTR1W_H                
00000f12  RF1AINSTR1W_L                
00000f14  RF1AINSTR2W                  
00000f15  RF1AINSTR2W_H                
00000f14  RF1AINSTR2W_L                
00000f10  RF1AINSTRW                   
00000f11  RF1AINSTRW_H                 
00000f10  RF1AINSTRW_L                 
00000f31  RF1AIN_H                     
00000f30  RF1AIN_L                     
00000f38  RF1AIV                       
00000f39  RF1AIV_H                     
00000f38  RF1AIV_L                     
00000f3c  RF1ARXFIFO                   
00000f3d  RF1ARXFIFO_H                 
00000f3c  RF1ARXFIFO_L                 
00000f20  RF1ASTAT0W                   
00000f21  RF1ASTAT0W_H                 
00000f20  RF1ASTAT0W_L                 
00000f22  RF1ASTAT1W                   
00000f23  RF1ASTAT1W_H                 
00000f22  RF1ASTAT1W_L                 
00000f24  RF1ASTAT2W                   
00000f25  RF1ASTAT2W_H                 
00000f24  RF1ASTAT2W_L                 
00000f3e  RF1ATXFIFO                   
00000f3f  RF1ATXFIFO_H                 
00000f3e  RF1ATXFIFO_L                 
000004ba  RTCADOWDAY                   
000004bb  RTCADOWDAY_H                 
000004ba  RTCADOWDAY_L                 
000004b8  RTCAMINHR                    
000004b9  RTCAMINHR_H                  
000004b8  RTCAMINHR_L                  
000004a0  RTCCTL01                     
000004a1  RTCCTL01_H                   
000004a0  RTCCTL01_L                   
000004a2  RTCCTL23                     
000004a3  RTCCTL23_H                   
000004a2  RTCCTL23_L                   
000004b4  RTCDATE                      
000004b5  RTCDATE_H                    
000004b4  RTCDATE_L                    
000004ae  RTCIV                        
000004ac  RTCPS                        
000004a8  RTCPS0CTL                    
000004a9  RTCPS0CTL_H                  
000004a8  RTCPS0CTL_L                  
000004aa  RTCPS1CTL                    
000004ab  RTCPS1CTL_H                  
000004aa  RTCPS1CTL_L                  
000004ad  RTCPS_H                      
000004ac  RTCPS_L                      
000004b0  RTCTIM0                      
000004b1  RTCTIM0_H                    
000004b0  RTCTIM0_L                    
000004b2  RTCTIM1                      
000004b3  RTCTIM1_H                    
000004b2  RTCTIM1_L                    
000004b6  RTCYEAR                      
000004b7  RTCYEAR_H                    
000004b6  RTCYEAR_L                    
0000a058  RTC_ISR                      
00000100  SFRIE1                       
00000101  SFRIE1_H                     
00000100  SFRIE1_L                     
00000102  SFRIFG1                      
00000103  SFRIFG1_H                    
00000102  SFRIFG1_L                    
00000104  SFRRPCR                      
00000105  SFRRPCR_H                    
00000104  SFRRPCR_L                    
0000a128  SMPL_Init                    
0000863c  SMPL_Ioctl                   
0000b23e  SMPL_Link                    
00009f3a  SMPL_Receive                 
0000ada8  SPI_FLASH_BulkErase          
00009f82  SPI_FLASH_Init               
0000adc6  SPI_FLASH_WaitForWriteEnd    
0000affe  SPI_Read_Data                
0000b012  SPI_Send_Data                
000004ce  SUMEXT                       
000004cf  SUMEXT_H                     
000004ce  SUMEXT_L                     
00000124  SVSMHCTL                     
00000125  SVSMHCTL_H                   
00000124  SVSMHCTL_L                   
00000128  SVSMIO                       
00000129  SVSMIO_H                     
00000128  SVSMIO_L                     
00000126  SVSMLCTL                     
00000127  SVSMLCTL_H                   
00000126  SVSMLCTL_L                   
00000198  SYSBERRIV                    
00000199  SYSBERRIV_H                  
00000198  SYSBERRIV_L                  
00000182  SYSBSLC                      
00000183  SYSBSLC_H                    
00000182  SYSBSLC_L                    
00000180  SYSCTL                       
00000181  SYSCTL_H                     
00000180  SYSCTL_L                     
00000186  SYSJMBC                      
00000187  SYSJMBC_H                    
00000186  SYSJMBC_L                    
00000188  SYSJMBI0                     
00000189  SYSJMBI0_H                   
00000188  SYSJMBI0_L                   
0000018a  SYSJMBI1                     
0000018b  SYSJMBI1_H                   
0000018a  SYSJMBI1_L                   
0000018c  SYSJMBO0                     
0000018d  SYSJMBO0_H                   
0000018c  SYSJMBO0_L                   
0000018e  SYSJMBO1                     
0000018f  SYSJMBO1_H                   
0000018e  SYSJMBO1_L                   
0000019e  SYSRSTIV                     
0000019f  SYSRSTIV_H                   
0000019e  SYSRSTIV_L                   
0000019c  SYSSNIV                      
0000019d  SYSSNIV_H                    
0000019c  SYSSNIV_L                    
0000019a  SYSUNIV                      
0000019b  SYSUNIV_H                    
0000019a  SYSUNIV_L                    
0000b200  Si705x_Init                  
00000352  TA0CCR0                      
00000354  TA0CCR1                      
00000356  TA0CCR2                      
00000358  TA0CCR3                      
0000035a  TA0CCR4                      
00000342  TA0CCTL0                     
00000344  TA0CCTL1                     
00000346  TA0CCTL2                     
00000348  TA0CCTL3                     
0000034a  TA0CCTL4                     
00000340  TA0CTL                       
00000360  TA0EX0                       
0000036e  TA0IV                        
00000350  TA0R                         
00000392  TA1CCR0                      
00000394  TA1CCR1                      
00000396  TA1CCR2                      
00000382  TA1CCTL0                     
00000384  TA1CCTL1                     
00000386  TA1CCTL2                     
00000380  TA1CTL                       
000003a0  TA1EX0                       
000003ae  TA1IV                        
00000390  TA1R                         
000005d0  UCA0ABCTL                    
000005c6  UCA0BRW                      
000005c7  UCA0BRW_H                    
000005c6  UCA0BRW_L                    
000005c0  UCA0CTLW0                    
000005c1  UCA0CTLW0_H                  
000005c0  UCA0CTLW0_L                  
000005dc  UCA0ICTL                     
000005dd  UCA0ICTL_H                   
000005dc  UCA0ICTL_L                   
000005d2  UCA0IRCTL                    
000005d3  UCA0IRCTL_H                  
000005d2  UCA0IRCTL_L                  
000005de  UCA0IV                       
000005c8  UCA0MCTL                     
000005cc  UCA0RXBUF                    
000005ca  UCA0STAT                     
000005ce  UCA0TXBUF                    
000005e6  UCB0BRW                      
000005e7  UCB0BRW_H                    
000005e6  UCB0BRW_L                    
000005e0  UCB0CTLW0                    
000005e1  UCB0CTLW0_H                  
000005e0  UCB0CTLW0_L                  
000005f0  UCB0I2COA                    
000005f1  UCB0I2COA_H                  
000005f0  UCB0I2COA_L                  
000005f2  UCB0I2CSA                    
000005f3  UCB0I2CSA_H                  
000005f2  UCB0I2CSA_L                  
000005fc  UCB0ICTL                     
000005fd  UCB0ICTL_H                   
000005fc  UCB0ICTL_L                   
000005fe  UCB0IV                       
000005ec  UCB0RXBUF                    
000005ea  UCB0STAT                     
000005ee  UCB0TXBUF                    
00000160  UCSCTL0                      
00000161  UCSCTL0_H                    
00000160  UCSCTL0_L                    
00000162  UCSCTL1                      
00000163  UCSCTL1_H                    
00000162  UCSCTL1_L                    
00000164  UCSCTL2                      
00000165  UCSCTL2_H                    
00000164  UCSCTL2_L                    
00000166  UCSCTL3                      
00000167  UCSCTL3_H                    
00000166  UCSCTL3_L                    
00000168  UCSCTL4                      
00000169  UCSCTL4_H                    
00000168  UCSCTL4_L                    
0000016a  UCSCTL5                      
0000016b  UCSCTL5_H                    
0000016a  UCSCTL5_L                    
0000016c  UCSCTL6                      
0000016d  UCSCTL6_H                    
0000016c  UCSCTL6_L                    
0000016e  UCSCTL7                      
0000016f  UCSCTL7_H                    
0000016e  UCSCTL7_L                    
00000170  UCSCTL8                      
00000171  UCSCTL8_H                    
00000170  UCSCTL8_L                    
0000015c  WDTCTL                       
0000015d  WDTCTL_H                     
0000015c  WDTCTL_L                     
000023fc  __STACK_END                  
00000050  __STACK_SIZE                 
0000b244  __TI_ISR_TRAP                
0000ffd2  __TI_int41                   
0000ffd4  __TI_int42                   
0000ffd6  __TI_int43                   
0000ffd8  __TI_int44                   
0000ffda  __TI_int45                   
0000ffdc  __TI_int46                   
0000ffde  __TI_int47                   
0000ffe0  __TI_int48                   
0000ffe2  __TI_int49                   
0000ffe4  __TI_int50                   
0000ffe6  __TI_int51                   
0000ffe8  __TI_int52                   
0000ffea  __TI_int53                   
0000ffec  __TI_int54                   
0000ffee  __TI_int55                   
0000fff0  __TI_int56                   
0000fff2  __TI_int57                   
0000fff4  __TI_int58                   
0000fff6  __TI_int59                   
0000fff8  __TI_int60                   
0000fffa  __TI_int61                   
0000fffc  __TI_int62                   
ffffffff  __binit__                    
00001c00  __bss__                      
ffffffff  __c_args__                   
0000b570  __cinit__                    
0000a96a  __divi                       
0000a1ec  __divli                      
0000afd2  __divu                       
00009c0c  __divul                      
0000221e  __end__                      
0000b284  __etext__                    
0000afe8  __mpyi_f5hw                  
0000ac64  __mpyl_f5hw                  
ffffffff  __pinit__                    
0000a96a  __remi                       
0000a1ec  __remli                      
0000afd2  __remu                       
00009c0c  __remul                      
00008000  __text__                     
00009b56  _auto_init_hold_wdt          
0000aee2  _c_int00_noargs_noexit       
0000fffe  _reset_vector                
000023ac  _stack                       
0000b088  _system_pre_init             
0000b26e  abort                        
ffffffff  binit                        
0000b570  cinit                        
0000221e  end                          
0000b284  etext                        
00002212  gNextWkup                    
0000aefc  init_p20                     
0000837a  log                          
0000b228  lpw_enterSleep               
0000b20a  lpw_exitSleep                
0000b24a  lpw_init                     
00009eee  main                         
0000ac42  memcmp                       
0000b0ac  memcpy                       
0000ad2a  memmove                      
0000b03a  memset                       
00002192  method                       
0000b564  mrfiBroadcastAddr            
0000b494  mrfiRadioCfg                 
00009800  mrfiRadioInterfaceCmdStrobe  
00009fca  mrfiRadioInterfaceReadReg    
00009af4  mrfiRadioInterfaceReadRxFifo 
0000a56e  mrfiRadioInterfaceWriteReg   
0000a5a4  mrfiRadioInterfaceWriteTxFifo
00008f06  my_itoa                      
0000923e  my_utoa                      
0000ae3e  node_init                    
0000b272  nwk_NVObj                    
0000ade4  nwk_QInit                    
0000a644  nwk_QadjustOrder             
000088ba  nwk_QfindOldest              
000099aa  nwk_QfindSlot                
00008fde  nwk_allocateLocalRxPort      
0000976a  nwk_buildFrame               
0000a9c2  nwk_checkConnInfo            
0000aad6  nwk_connectionControl        
0000a6aa  nwk_deviceAddress            
0000a09e  nwk_findPeer                 
0000ad4a  nwk_frameInit                
0000b250  nwk_freeConnection           
0000a418  nwk_freqControl              
0000afbc  nwk_freqInit                 
0000a9ec  nwk_getAPAddress             
0000b256  nwk_getBCastAddress          
0000b230  nwk_getChannel               
0000a6dc  nwk_getConnInfo              
0000b25c  nwk_getFWVersion             
0000b0be  nwk_getJoinToken             
0000b0d0  nwk_getLinkToken             
0000b0e2  nwk_getMyAddress             
0000b262  nwk_getMyRxType              
00009e00  nwk_getNextConnection        
0000b1aa  nwk_getNumObjectFromMsg      
0000b268  nwk_getProtocolVersion       
0000aafc  nwk_globalsInit              
00009892  nwk_isConnectionValid        
0000a16a  nwk_isLinkDuplicate          
0000a452  nwk_isValidReply             
000089e0  nwk_join                     
0000ab22  nwk_joinInit                 
000084e6  nwk_link                     
0000a70e  nwk_linkInit                 
0000b214  nwk_mgmtInit                 
00009924  nwk_nwkInit                  
0000b21e  nwk_pingInit                 
0000a7a0  nwk_processFreq              
0000ad6a  nwk_processJoin              
0000ab48  nwk_processLink              
0000a48c  nwk_processMgmt              
0000aa14  nwk_processPing              
0000b276  nwk_processSecurity          
0000a364  nwk_putNumObjectIntoMsg      
00009596  nwk_radioControl             
0000a7d0  nwk_rawReceive               
00009d5c  nwk_rawSend                  
0000944e  nwk_retrieveFrame            
00008b06  nwk_scanForChannels          
0000b282  nwk_securityInit             
00009636  nwk_sendAckReply             
0000a800  nwk_sendFrame                
0000b1b8  nwk_setAPAddress             
0000ae5a  nwk_setChannel               
0000b0f4  nwk_setJoinToken             
0000b106  nwk_setLinkToken             
0000ae76  nwk_setMyAddress             
ffffffff  pinit                        
0000917a  post_task                    
0000b04e  rtc_getTimeOffset            
0000aa3c  rtc_init                     
0000ae92  rtc_setTimeOffset            
00009c64  rx_handler                   
00008c0e  soft_ISR                     
0000b062  soft_initTimers              
00008e0e  soft_setTimer                
0000a996  strncpy                      
0000a5da  task_pool_init               
000093a4  task_scheduler               
0000878a  tmpsnr_processSyncRep        
0000b118  tmpsnr_processSyncReq        
0000b12a  tmpsnr_processTmpData        
0000af16  tmpsnr_registerMsgProcessor  
0000b13c  tmpsnr_task_addDevice        
0000a4c6  tmpsnr_task_mytask           
000096d0  tmpsnr_task_readFrame        
0000b14e  tmpsnr_task_sleep            
0000a22c  tmpsnr_tmr_awakeISR          
0000b1ea  tmpsnr_tmr_sleepISR          
0000a830  tx_handler                   
0000af62  tx_peek                      
0000a3a0  tx_send                      
0000a3dc  tx_send_wait                 
000094f4  uart_init                    
0000a500  uart_intfc_init              
0000ac86  uart_rx_message              
0000b27e  uart_rx_message_suspend      
0000a912  uart_rx_tx_enter_irq         
0000ab6e  uart_tx_message              
0000aca8  uart_tx_message_resume       
0000ae20  uart_tx_message_suspend      


GLOBAL SYMBOLS: SORTED BY Symbol Address 

address   name                         
-------   ----                         
00000050  __STACK_SIZE                 
00000100  SFRIE1                       
00000100  SFRIE1_L                     
00000101  SFRIE1_H                     
00000102  SFRIFG1                      
00000102  SFRIFG1_L                    
00000103  SFRIFG1_H                    
00000104  SFRRPCR                      
00000104  SFRRPCR_L                    
00000105  SFRRPCR_H                    
00000120  PMMCTL0                      
00000120  PMMCTL0_L                    
00000121  PMMCTL0_H                    
00000122  PMMCTL1                      
00000122  PMMCTL1_L                    
00000123  PMMCTL1_H                    
00000124  SVSMHCTL                     
00000124  SVSMHCTL_L                   
00000125  SVSMHCTL_H                   
00000126  SVSMLCTL                     
00000126  SVSMLCTL_L                   
00000127  SVSMLCTL_H                   
00000128  SVSMIO                       
00000128  SVSMIO_L                     
00000129  SVSMIO_H                     
0000012c  PMMIFG                       
0000012c  PMMIFG_L                     
0000012d  PMMIFG_H                     
0000012e  PMMRIE                       
0000012e  PMMRIE_L                     
0000012f  PMMRIE_H                     
00000140  FCTL1                        
00000140  FCTL1_L                      
00000141  FCTL1_H                      
00000144  FCTL3                        
00000144  FCTL3_L                      
00000145  FCTL3_H                      
00000146  FCTL4                        
00000146  FCTL4_L                      
00000147  FCTL4_H                      
00000150  CRCDI                        
00000150  CRCDI_L                      
00000151  CRCDI_H                      
00000154  CRCINIRES                    
00000154  CRCINIRES_L                  
00000155  CRCINIRES_H                  
00000158  RCCTL0                       
00000158  RCCTL0_L                     
00000159  RCCTL0_H                     
0000015c  WDTCTL                       
0000015c  WDTCTL_L                     
0000015d  WDTCTL_H                     
00000160  UCSCTL0                      
00000160  UCSCTL0_L                    
00000161  UCSCTL0_H                    
00000162  UCSCTL1                      
00000162  UCSCTL1_L                    
00000163  UCSCTL1_H                    
00000164  UCSCTL2                      
00000164  UCSCTL2_L                    
00000165  UCSCTL2_H                    
00000166  UCSCTL3                      
00000166  UCSCTL3_L                    
00000167  UCSCTL3_H                    
00000168  UCSCTL4                      
00000168  UCSCTL4_L                    
00000169  UCSCTL4_H                    
0000016a  UCSCTL5                      
0000016a  UCSCTL5_L                    
0000016b  UCSCTL5_H                    
0000016c  UCSCTL6                      
0000016c  UCSCTL6_L                    
0000016d  UCSCTL6_H                    
0000016e  UCSCTL7                      
0000016e  UCSCTL7_L                    
0000016f  UCSCTL7_H                    
00000170  UCSCTL8                      
00000170  UCSCTL8_L                    
00000171  UCSCTL8_H                    
00000180  SYSCTL                       
00000180  SYSCTL_L                     
00000181  SYSCTL_H                     
00000182  SYSBSLC                      
00000182  SYSBSLC_L                    
00000183  SYSBSLC_H                    
00000186  SYSJMBC                      
00000186  SYSJMBC_L                    
00000187  SYSJMBC_H                    
00000188  SYSJMBI0                     
00000188  SYSJMBI0_L                   
00000189  SYSJMBI0_H                   
0000018a  SYSJMBI1                     
0000018a  SYSJMBI1_L                   
0000018b  SYSJMBI1_H                   
0000018c  SYSJMBO0                     
0000018c  SYSJMBO0_L                   
0000018d  SYSJMBO0_H                   
0000018e  SYSJMBO1                     
0000018e  SYSJMBO1_L                   
0000018f  SYSJMBO1_H                   
00000198  SYSBERRIV                    
00000198  SYSBERRIV_L                  
00000199  SYSBERRIV_H                  
0000019a  SYSUNIV                      
0000019a  SYSUNIV_L                    
0000019b  SYSUNIV_H                    
0000019c  SYSSNIV                      
0000019c  SYSSNIV_L                    
0000019d  SYSSNIV_H                    
0000019e  SYSRSTIV                     
0000019e  SYSRSTIV_L                   
0000019f  SYSRSTIV_H                   
000001b0  REFCTL0                      
000001b0  REFCTL0_L                    
000001b1  REFCTL0_H                    
000001c0  PMAPKEYID                    
000001c0  PMAPKEYID_L                  
000001c1  PMAPKEYID_H                  
000001c2  PMAPCTL                      
000001c2  PMAPCTL_L                    
000001c3  PMAPCTL_H                    
000001c8  P1MAP01                      
000001c8  P1MAP01_L                    
000001c9  P1MAP01_H                    
000001ca  P1MAP23                      
000001ca  P1MAP23_L                    
000001cb  P1MAP23_H                    
000001cc  P1MAP45                      
000001cc  P1MAP45_L                    
000001cd  P1MAP45_H                    
000001ce  P1MAP67                      
000001ce  P1MAP67_L                    
000001cf  P1MAP67_H                    
000001d0  P2MAP01                      
000001d0  P2MAP01_L                    
000001d1  P2MAP01_H                    
000001d2  P2MAP23                      
000001d2  P2MAP23_L                    
000001d3  P2MAP23_H                    
000001d4  P2MAP45                      
000001d4  P2MAP45_L                    
000001d5  P2MAP45_H                    
000001d6  P2MAP67                      
000001d6  P2MAP67_L                    
000001d7  P2MAP67_H                    
000001d8  P3MAP01                      
000001d8  P3MAP01_L                    
000001d9  P3MAP01_H                    
000001da  P3MAP23                      
000001da  P3MAP23_L                    
000001db  P3MAP23_H                    
000001dc  P3MAP45                      
000001dc  P3MAP45_L                    
000001dd  P3MAP45_H                    
000001de  P3MAP67                      
000001de  P3MAP67_L                    
000001df  P3MAP67_H                    
00000200  PAIN                         
00000200  PAIN_L                       
00000201  PAIN_H                       
00000202  PAOUT                        
00000202  PAOUT_L                      
00000203  PAOUT_H                      
00000204  PADIR                        
00000204  PADIR_L                      
00000205  PADIR_H                      
00000206  PAREN                        
00000206  PAREN_L                      
00000207  PAREN_H                      
00000208  PADS                         
00000208  PADS_L                       
00000209  PADS_H                       
0000020a  PASEL                        
0000020a  PASEL_L                      
0000020b  PASEL_H                      
0000020e  P1IV                         
00000218  PAIES                        
00000218  PAIES_L                      
00000219  PAIES_H                      
0000021a  PAIE                         
0000021a  PAIE_L                       
0000021b  PAIE_H                       
0000021c  PAIFG                        
0000021c  PAIFG_L                      
0000021d  PAIFG_H                      
0000021e  P2IV                         
00000220  PBIN                         
00000220  PBIN_L                       
00000221  PBIN_H                       
00000222  PBOUT                        
00000222  PBOUT_L                      
00000223  PBOUT_H                      
00000224  PBDIR                        
00000224  PBDIR_L                      
00000225  PBDIR_H                      
00000226  PBREN                        
00000226  PBREN_L                      
00000227  PBREN_H                      
00000228  PBDS                         
00000228  PBDS_L                       
00000229  PBDS_H                       
0000022a  PBSEL                        
0000022a  PBSEL_L                      
0000022b  PBSEL_H                      
00000240  PCIN                         
00000240  PCIN_L                       
00000241  PCIN_H                       
00000242  PCOUT                        
00000242  PCOUT_L                      
00000243  PCOUT_H                      
00000244  PCDIR                        
00000244  PCDIR_L                      
00000245  PCDIR_H                      
00000246  PCREN                        
00000246  PCREN_L                      
00000247  PCREN_H                      
00000248  PCDS                         
00000248  PCDS_L                       
00000249  PCDS_H                       
0000024a  PCSEL                        
0000024a  PCSEL_L                      
0000024b  PCSEL_H                      
00000320  PJIN                         
00000320  PJIN_L                       
00000321  PJIN_H                       
00000322  PJOUT                        
00000322  PJOUT_L                      
00000323  PJOUT_H                      
00000324  PJDIR                        
00000324  PJDIR_L                      
00000325  PJDIR_H                      
00000326  PJREN                        
00000326  PJREN_L                      
00000327  PJREN_H                      
00000328  PJDS                         
00000328  PJDS_L                       
00000329  PJDS_H                       
00000340  TA0CTL                       
00000342  TA0CCTL0                     
00000344  TA0CCTL1                     
00000346  TA0CCTL2                     
00000348  TA0CCTL3                     
0000034a  TA0CCTL4                     
00000350  TA0R                         
00000352  TA0CCR0                      
00000354  TA0CCR1                      
00000356  TA0CCR2                      
00000358  TA0CCR3                      
0000035a  TA0CCR4                      
00000360  TA0EX0                       
0000036e  TA0IV                        
00000380  TA1CTL                       
00000382  TA1CCTL0                     
00000384  TA1CCTL1                     
00000386  TA1CCTL2                     
00000390  TA1R                         
00000392  TA1CCR0                      
00000394  TA1CCR1                      
00000396  TA1CCR2                      
000003a0  TA1EX0                       
000003ae  TA1IV                        
000004a0  RTCCTL01                     
000004a0  RTCCTL01_L                   
000004a1  RTCCTL01_H                   
000004a2  RTCCTL23                     
000004a2  RTCCTL23_L                   
000004a3  RTCCTL23_H                   
000004a8  RTCPS0CTL                    
000004a8  RTCPS0CTL_L                  
000004a9  RTCPS0CTL_H                  
000004aa  RTCPS1CTL                    
000004aa  RTCPS1CTL_L                  
000004ab  RTCPS1CTL_H                  
000004ac  RTCPS                        
000004ac  RTCPS_L                      
000004ad  RTCPS_H                      
000004ae  RTCIV                        
000004b0  RTCTIM0                      
000004b0  RTCTIM0_L                    
000004b1  RTCTIM0_H                    
000004b2  RTCTIM1                      
000004b2  RTCTIM1_L                    
000004b3  RTCTIM1_H                    
000004b4  RTCDATE                      
000004b4  RTCDATE_L                    
000004b5  RTCDATE_H                    
000004b6  RTCYEAR                      
000004b6  RTCYEAR_L                    
000004b7  RTCYEAR_H                    
000004b8  RTCAMINHR                    
000004b8  RTCAMINHR_L                  
000004b9  RTCAMINHR_H                  
000004ba  RTCADOWDAY                   
000004ba  RTCADOWDAY_L                 
000004bb  RTCADOWDAY_H                 
000004c0  MPY                          
000004c0  MPY_L                        
000004c1  MPY_H                        
000004c2  MPYS                         
000004c2  MPYS_L                       
000004c3  MPYS_H                       
000004c4  MAC                          
000004c4  MAC_L                        
000004c5  MAC_H                        
000004c6  MACS                         
000004c6  MACS_L                       
000004c7  MACS_H                       
000004c8  OP2                          
000004c8  OP2_L                        
000004c9  OP2_H                        
000004ca  RESLO                        
000004ca  RESLO_L                      
000004cb  RESLO_H                      
000004cc  RESHI                        
000004cc  RESHI_L                      
000004cd  RESHI_H                      
000004ce  SUMEXT                       
000004ce  SUMEXT_L                     
000004cf  SUMEXT_H                     
000004d0  MPY32L                       
000004d0  MPY32L_L                     
000004d1  MPY32L_H                     
000004d2  MPY32H                       
000004d2  MPY32H_L                     
000004d3  MPY32H_H                     
000004d4  MPYS32L                      
000004d4  MPYS32L_L                    
000004d5  MPYS32L_H                    
000004d6  MPYS32H                      
000004d6  MPYS32H_L                    
000004d7  MPYS32H_H                    
000004d8  MAC32L                       
000004d8  MAC32L_L                     
000004d9  MAC32L_H                     
000004da  MAC32H                       
000004da  MAC32H_L                     
000004db  MAC32H_H                     
000004dc  MACS32L                      
000004dc  MACS32L_L                    
000004dd  MACS32L_H                    
000004de  MACS32H                      
000004de  MACS32H_L                    
000004df  MACS32H_H                    
000004e0  OP2L                         
000004e0  OP2L_L                       
000004e1  OP2L_H                       
000004e2  OP2H                         
000004e2  OP2H_L                       
000004e3  OP2H_H                       
000004e4  RES0                         
000004e4  RES0_L                       
000004e5  RES0_H                       
000004e6  RES1                         
000004e6  RES1_L                       
000004e7  RES1_H                       
000004e8  RES2                         
000004e8  RES2_L                       
000004e9  RES2_H                       
000004ea  RES3                         
000004ea  RES3_L                       
000004eb  RES3_H                       
000004ec  MPY32CTL0                    
000004ec  MPY32CTL0_L                  
000004ed  MPY32CTL0_H                  
00000500  DMACTL0                      
00000500  DMACTL0_L                    
00000501  DMACTL0_H                    
00000502  DMACTL1                      
00000502  DMACTL1_L                    
00000503  DMACTL1_H                    
00000504  DMACTL2                      
00000504  DMACTL2_L                    
00000505  DMACTL2_H                    
00000506  DMACTL3                      
00000506  DMACTL3_L                    
00000507  DMACTL3_H                    
00000508  DMACTL4                      
00000508  DMACTL4_L                    
00000509  DMACTL4_H                    
0000050e  DMAIV                        
0000050e  DMAIV_L                      
0000050f  DMAIV_H                      
00000510  DMA0CTL                      
00000510  DMA0CTL_L                    
00000511  DMA0CTL_H                    
00000512  DMA0SA                       
00000512  DMA0SAL                      
00000514  DMA0SAH                      
00000516  DMA0DA                       
00000516  DMA0DAL                      
00000518  DMA0DAH                      
0000051a  DMA0SZ                       
00000520  DMA1CTL                      
00000520  DMA1CTL_L                    
00000521  DMA1CTL_H                    
00000522  DMA1SA                       
00000522  DMA1SAL                      
00000524  DMA1SAH                      
00000526  DMA1DA                       
00000526  DMA1DAL                      
00000528  DMA1DAH                      
0000052a  DMA1SZ                       
00000530  DMA2CTL                      
00000530  DMA2CTL_L                    
00000531  DMA2CTL_H                    
00000532  DMA2SA                       
00000532  DMA2SAL                      
00000534  DMA2SAH                      
00000536  DMA2DA                       
00000536  DMA2DAL                      
00000538  DMA2DAH                      
0000053a  DMA2SZ                       
000005c0  UCA0CTLW0                    
000005c0  UCA0CTLW0_L                  
000005c1  UCA0CTLW0_H                  
000005c6  UCA0BRW                      
000005c6  UCA0BRW_L                    
000005c7  UCA0BRW_H                    
000005c8  UCA0MCTL                     
000005ca  UCA0STAT                     
000005cc  UCA0RXBUF                    
000005ce  UCA0TXBUF                    
000005d0  UCA0ABCTL                    
000005d2  UCA0IRCTL                    
000005d2  UCA0IRCTL_L                  
000005d3  UCA0IRCTL_H                  
000005dc  UCA0ICTL                     
000005dc  UCA0ICTL_L                   
000005dd  UCA0ICTL_H                   
000005de  UCA0IV                       
000005e0  UCB0CTLW0                    
000005e0  UCB0CTLW0_L                  
000005e1  UCB0CTLW0_H                  
000005e6  UCB0BRW                      
000005e6  UCB0BRW_L                    
000005e7  UCB0BRW_H                    
000005ea  UCB0STAT                     
000005ec  UCB0RXBUF                    
000005ee  UCB0TXBUF                    
000005f0  UCB0I2COA                    
000005f0  UCB0I2COA_L                  
000005f1  UCB0I2COA_H                  
000005f2  UCB0I2CSA                    
000005f2  UCB0I2CSA_L                  
000005f3  UCB0I2CSA_H                  
000005fc  UCB0ICTL                     
000005fc  UCB0ICTL_L                   
000005fd  UCB0ICTL_H                   
000005fe  UCB0IV                       
00000700  ADC12CTL0                    
00000700  ADC12CTL0_L                  
00000701  ADC12CTL0_H                  
00000702  ADC12CTL1                    
00000702  ADC12CTL1_L                  
00000703  ADC12CTL1_H                  
00000704  ADC12CTL2                    
00000704  ADC12CTL2_L                  
00000705  ADC12CTL2_H                  
0000070a  ADC12IFG                     
0000070a  ADC12IFG_L                   
0000070b  ADC12IFG_H                   
0000070c  ADC12IE                      
0000070c  ADC12IE_L                    
0000070d  ADC12IE_H                    
0000070e  ADC12IV                      
0000070e  ADC12IV_L                    
0000070f  ADC12IV_H                    
00000710  ADC12MCTL0                   
00000711  ADC12MCTL1                   
00000712  ADC12MCTL2                   
00000713  ADC12MCTL3                   
00000714  ADC12MCTL4                   
00000715  ADC12MCTL5                   
00000716  ADC12MCTL6                   
00000717  ADC12MCTL7                   
00000718  ADC12MCTL8                   
00000719  ADC12MCTL9                   
0000071a  ADC12MCTL10                  
0000071b  ADC12MCTL11                  
0000071c  ADC12MCTL12                  
0000071d  ADC12MCTL13                  
0000071e  ADC12MCTL14                  
0000071f  ADC12MCTL15                  
00000720  ADC12MEM0                    
00000720  ADC12MEM0_L                  
00000721  ADC12MEM0_H                  
00000722  ADC12MEM1                    
00000722  ADC12MEM1_L                  
00000723  ADC12MEM1_H                  
00000724  ADC12MEM2                    
00000724  ADC12MEM2_L                  
00000725  ADC12MEM2_H                  
00000726  ADC12MEM3                    
00000726  ADC12MEM3_L                  
00000727  ADC12MEM3_H                  
00000728  ADC12MEM4                    
00000728  ADC12MEM4_L                  
00000729  ADC12MEM4_H                  
0000072a  ADC12MEM5                    
0000072a  ADC12MEM5_L                  
0000072b  ADC12MEM5_H                  
0000072c  ADC12MEM6                    
0000072c  ADC12MEM6_L                  
0000072d  ADC12MEM6_H                  
0000072e  ADC12MEM7                    
0000072e  ADC12MEM7_L                  
0000072f  ADC12MEM7_H                  
00000730  ADC12MEM8                    
00000730  ADC12MEM8_L                  
00000731  ADC12MEM8_H                  
00000732  ADC12MEM9                    
00000732  ADC12MEM9_L                  
00000733  ADC12MEM9_H                  
00000734  ADC12MEM10                   
00000734  ADC12MEM10_L                 
00000735  ADC12MEM10_H                 
00000736  ADC12MEM11                   
00000736  ADC12MEM11_L                 
00000737  ADC12MEM11_H                 
00000738  ADC12MEM12                   
00000738  ADC12MEM12_L                 
00000739  ADC12MEM12_H                 
0000073a  ADC12MEM13                   
0000073a  ADC12MEM13_L                 
0000073b  ADC12MEM13_H                 
0000073c  ADC12MEM14                   
0000073c  ADC12MEM14_L                 
0000073d  ADC12MEM14_H                 
0000073e  ADC12MEM15                   
0000073e  ADC12MEM15_L                 
0000073f  ADC12MEM15_H                 
000008c0  CBCTL0                       
000008c0  CBCTL0_L                     
000008c1  CBCTL0_H                     
000008c2  CBCTL1                       
000008c2  CBCTL1_L                     
000008c3  CBCTL1_H                     
000008c4  CBCTL2                       
000008c4  CBCTL2_L                     
000008c5  CBCTL2_H                     
000008c6  CBCTL3                       
000008c6  CBCTL3_L                     
000008c7  CBCTL3_H                     
000008cc  CBINT                        
000008cc  CBINT_L                      
000008cd  CBINT_H                      
000008ce  CBIV                         
000009c0  AESACTL0                     
000009c0  AESACTL0_L                   
000009c1  AESACTL0_H                   
000009c4  AESASTAT                     
000009c4  AESASTAT_L                   
000009c5  AESASTAT_H                   
000009c6  AESAKEY                      
000009c6  AESAKEY_L                    
000009c7  AESAKEY_H                    
000009c8  AESADIN                      
000009c8  AESADIN_L                    
000009c9  AESADIN_H                    
000009ca  AESADOUT                     
000009ca  AESADOUT_L                   
000009cb  AESADOUT_H                   
00000f00  RF1AIFCTL0                   
00000f00  RF1AIFCTL0_L                 
00000f01  RF1AIFCTL0_H                 
00000f02  RF1AIFCTL1                   
00000f02  RF1AIFCTL1_L                 
00000f03  RF1AIFCTL1_H                 
00000f04  RF1AIFCTL2                   
00000f04  RF1AIFCTL2_L                 
00000f05  RF1AIFCTL2_H                 
00000f06  RF1AIFERR                    
00000f06  RF1AIFERR_L                  
00000f07  RF1AIFERR_H                  
00000f0c  RF1AIFERRV                   
00000f0c  RF1AIFERRV_L                 
00000f0d  RF1AIFERRV_H                 
00000f0e  RF1AIFIV                     
00000f0e  RF1AIFIV_L                   
00000f0f  RF1AIFIV_H                   
00000f10  RF1AINSTRW                   
00000f10  RF1AINSTRW_L                 
00000f11  RF1AINSTRW_H                 
00000f12  RF1AINSTR1W                  
00000f12  RF1AINSTR1W_L                
00000f13  RF1AINSTR1W_H                
00000f14  RF1AINSTR2W                  
00000f14  RF1AINSTR2W_L                
00000f15  RF1AINSTR2W_H                
00000f16  RF1ADINW                     
00000f16  RF1ADINW_L                   
00000f17  RF1ADINW_H                   
00000f20  RF1ASTAT0W                   
00000f20  RF1ASTAT0W_L                 
00000f21  RF1ASTAT0W_H                 
00000f22  RF1ASTAT1W                   
00000f22  RF1ASTAT1W_L                 
00000f23  RF1ASTAT1W_H                 
00000f24  RF1ASTAT2W                   
00000f24  RF1ASTAT2W_L                 
00000f25  RF1ASTAT2W_H                 
00000f28  RF1ADOUT0W                   
00000f28  RF1ADOUT0W_L                 
00000f29  RF1ADOUT0W_H                 
00000f2a  RF1ADOUT1W                   
00000f2a  RF1ADOUT1W_L                 
00000f2b  RF1ADOUT1W_H                 
00000f2c  RF1ADOUT2W                   
00000f2c  RF1ADOUT2W_L                 
00000f2d  RF1ADOUT2W_H                 
00000f30  RF1AIN                       
00000f30  RF1AIN_L                     
00000f31  RF1AIN_H                     
00000f32  RF1AIFG                      
00000f32  RF1AIFG_L                    
00000f33  RF1AIFG_H                    
00000f34  RF1AIES                      
00000f34  RF1AIES_L                    
00000f35  RF1AIES_H                    
00000f36  RF1AIE                       
00000f36  RF1AIE_L                     
00000f37  RF1AIE_H                     
00000f38  RF1AIV                       
00000f38  RF1AIV_L                     
00000f39  RF1AIV_H                     
00000f3c  RF1ARXFIFO                   
00000f3c  RF1ARXFIFO_L                 
00000f3d  RF1ARXFIFO_H                 
00000f3e  RF1ATXFIFO                   
00000f3e  RF1ATXFIFO_L                 
00000f3f  RF1ATXFIFO_H                 
00001c00  .bss                         
00001c00  __bss__                      
00002192  method                       
00002212  gNextWkup                    
0000221e  __end__                      
0000221e  end                          
000023ac  _stack                       
000023fc  __STACK_END                  
00008000  .text                        
00008000  MRFI_Init                    
00008000  __text__                     
0000837a  log                          
000084e6  nwk_link                     
0000863c  SMPL_Ioctl                   
0000878a  tmpsnr_processSyncRep        
000088ba  nwk_QfindOldest              
000089e0  nwk_join                     
00008b06  nwk_scanForChannels          
00008c0e  soft_ISR                     
00008e0e  soft_setTimer                
00008f06  my_itoa                      
00008fde  nwk_allocateLocalRxPort      
000090b4  MRFI_Transmit                
0000917a  post_task                    
0000923e  my_utoa                      
000093a4  task_scheduler               
0000944e  nwk_retrieveFrame            
000094f4  uart_init                    
00009596  nwk_radioControl             
00009636  nwk_sendAckReply             
000096d0  tmpsnr_task_readFrame        
0000976a  nwk_buildFrame               
00009800  mrfiRadioInterfaceCmdStrobe  
00009892  nwk_isConnectionValid        
00009924  nwk_nwkInit                  
000099aa  nwk_QfindSlot                
00009a26  MRFI_RadioIsr                
00009af4  mrfiRadioInterfaceReadRxFifo 
00009b56  _auto_init_hold_wdt          
00009c0c  __divul                      
00009c0c  __remul                      
00009c64  rx_handler                   
00009d5c  nwk_rawSend                  
00009e00  nwk_getNextConnection        
00009eee  main                         
00009f3a  SMPL_Receive                 
00009f82  SPI_FLASH_Init               
00009fca  mrfiRadioInterfaceReadReg    
0000a058  RTC_ISR                      
0000a09e  nwk_findPeer                 
0000a128  SMPL_Init                    
0000a16a  nwk_isLinkDuplicate          
0000a1ac  MRFI_ReplyDelay              
0000a1ec  __divli                      
0000a1ec  __remli                      
0000a22c  tmpsnr_tmr_awakeISR          
0000a2e8  L_LSL_15                     
0000a2ec  L_LSL_14                     
0000a2f0  L_LSL_13                     
0000a2f4  L_LSL_12                     
0000a2f8  L_LSL_11                     
0000a2fc  L_LSL_10                     
0000a300  L_LSL_9                      
0000a304  L_LSL_8                      
0000a308  L_LSL_7                      
0000a30c  L_LSL_6                      
0000a310  L_LSL_5                      
0000a314  L_LSL_4                      
0000a318  L_LSL_3                      
0000a31c  L_LSL_2                      
0000a320  L_LSL_1                      
0000a326  L_LSR_15                     
0000a32a  L_LSR_14                     
0000a32e  L_LSR_13                     
0000a332  L_LSR_12                     
0000a336  L_LSR_11                     
0000a33a  L_LSR_10                     
0000a33e  L_LSR_9                      
0000a342  L_LSR_8                      
0000a346  L_LSR_7                      
0000a34a  L_LSR_6                      
0000a34e  L_LSR_5                      
0000a352  L_LSR_4                      
0000a356  L_LSR_3                      
0000a35a  L_LSR_2                      
0000a35e  L_LSR_1                      
0000a364  nwk_putNumObjectIntoMsg      
0000a3a0  tx_send                      
0000a3dc  tx_send_wait                 
0000a418  nwk_freqControl              
0000a452  nwk_isValidReply             
0000a48c  nwk_processMgmt              
0000a4c6  tmpsnr_task_mytask           
0000a500  uart_intfc_init              
0000a538  BSP_Delay                    
0000a56e  mrfiRadioInterfaceWriteReg   
0000a5a4  mrfiRadioInterfaceWriteTxFifo
0000a5da  task_pool_init               
0000a610  MRFI_SetRxAddrFilter         
0000a644  nwk_QadjustOrder             
0000a678  MRFI_SetLogicalChannel       
0000a6aa  nwk_deviceAddress            
0000a6dc  nwk_getConnInfo              
0000a70e  nwk_linkInit                 
0000a7a0  nwk_processFreq              
0000a7d0  nwk_rawReceive               
0000a800  nwk_sendFrame                
0000a830  tx_handler                   
0000a912  uart_rx_tx_enter_irq         
0000a96a  __divi                       
0000a96a  __remi                       
0000a996  strncpy                      
0000a9c2  nwk_checkConnInfo            
0000a9ec  nwk_getAPAddress             
0000aa14  nwk_processPing              
0000aa3c  rtc_init                     
0000aa64  MRFI_Sleep                   
0000aad6  nwk_connectionControl        
0000aafc  nwk_globalsInit              
0000ab22  nwk_joinInit                 
0000ab48  nwk_processLink              
0000ab6e  uart_tx_message              
0000ab94  MRFI_Rssi                    
0000abdc  MRFI_EnableRxAddrFilter      
0000abfe  MRFI_RxOn                    
0000ac20  MRFI_WakeUp                  
0000ac42  memcmp                       
0000ac64  __mpyl_f5hw                  
0000ac86  uart_rx_message              
0000aca8  uart_tx_message_resume       
0000acca  BSP_Init                     
0000acea  MRFI_RxCompleteISR           
0000ad0a  MRFI_RxIdle                  
0000ad2a  memmove                      
0000ad4a  nwk_frameInit                
0000ad6a  nwk_processJoin              
0000ad8a  MRFI_SetRFPwr                
0000ada8  SPI_FLASH_BulkErase          
0000adc6  SPI_FLASH_WaitForWriteEnd    
0000ade4  nwk_QInit                    
0000ae20  uart_tx_message_suspend      
0000ae3e  node_init                    
0000ae5a  nwk_setChannel               
0000ae76  nwk_setMyAddress             
0000ae92  rtc_setTimeOffset            
0000aeae  BSP_InitDrivers              
0000aec8  BSP_InitLeds                 
0000aee2  _c_int00_noargs_noexit       
0000aefc  init_p20                     
0000af16  tmpsnr_registerMsgProcessor  
0000af4a  MRFI_DelayMs                 
0000af62  tx_peek                      
0000af7a  ExtenalFlash_Write_Enable    
0000af90  MRFI_RandomByte              
0000afbc  nwk_freqInit                 
0000afd2  __divu                       
0000afd2  __remu                       
0000afe8  __mpyi_f5hw                  
0000affe  SPI_Read_Data                
0000b012  SPI_Send_Data                
0000b03a  memset                       
0000b04e  rtc_getTimeOffset            
0000b062  soft_initTimers              
0000b076  PORT2_ISR                    
0000b088  _system_pre_init             
0000b0ac  memcpy                       
0000b0be  nwk_getJoinToken             
0000b0d0  nwk_getLinkToken             
0000b0e2  nwk_getMyAddress             
0000b0f4  nwk_setJoinToken             
0000b106  nwk_setLinkToken             
0000b118  tmpsnr_processSyncReq        
0000b12a  tmpsnr_processTmpData        
0000b13c  tmpsnr_task_addDevice        
0000b14e  tmpsnr_task_sleep            
0000b160  BSP_InitBoard                
0000b170  L_ASR                        
0000b180  BSP_InitButtons              
0000b18e  MRFI_Receive                 
0000b1aa  nwk_getNumObjectFromMsg      
0000b1b8  nwk_setAPAddress             
0000b1c6  MRFI_PostKillSem             
0000b1ea  tmpsnr_tmr_sleepISR          
0000b200  Si705x_Init                  
0000b20a  lpw_exitSleep                
0000b214  nwk_mgmtInit                 
0000b21e  nwk_pingInit                 
0000b228  lpw_enterSleep               
0000b230  nwk_getChannel               
0000b238  MRFI_GetRadioState           
0000b23e  SMPL_Link                    
0000b244  __TI_ISR_TRAP                
0000b24a  lpw_init                     
0000b250  nwk_freeConnection           
0000b256  nwk_getBCastAddress          
0000b25c  nwk_getFWVersion             
0000b262  nwk_getMyRxType              
0000b268  nwk_getProtocolVersion       
0000b26e  C$$EXIT                      
0000b26e  abort                        
0000b272  nwk_NVObj                    
0000b276  nwk_processSecurity          
0000b27e  uart_rx_message_suspend      
0000b282  nwk_securityInit             
0000b284  __etext__                    
0000b284  etext                        
0000b494  mrfiRadioCfg                 
0000b564  mrfiBroadcastAddr            
0000b570  __cinit__                    
0000b570  cinit                        
0000ffd2  __TI_int41                   
0000ffd4  __TI_int42                   
0000ffd6  __TI_int43                   
0000ffd8  __TI_int44                   
0000ffda  __TI_int45                   
0000ffdc  __TI_int46                   
0000ffde  __TI_int47                   
0000ffe0  __TI_int48                   
0000ffe2  __TI_int49                   
0000ffe4  __TI_int50                   
0000ffe6  __TI_int51                   
0000ffe8  __TI_int52                   
0000ffea  __TI_int53                   
0000ffec  __TI_int54                   
0000ffee  __TI_int55                   
0000fff0  __TI_int56                   
0000fff2  __TI_int57                   
0000fff4  __TI_int58                   
0000fff6  __TI_int59                   
0000fff8  __TI_int60                   
0000fffa  __TI_int61                   
0000fffc  __TI_int62                   
0000fffe  _reset_vector                
ffffffff  __binit__                    
ffffffff  __c_args__                   
ffffffff  __pinit__                    
ffffffff  binit                        
ffffffff  pinit                        

[869 symbols]
