<?xml version="1.0"?>
<link_info>
   <banner>MSP430 Linker Unix v4.4.5</banner>
   <copyright>Copyright (c) 2003-2015 Texas Instruments Incorporated</copyright>
   <link_time>0x589aa5db</link_time>
   <link_errors>0x0</link_errors>
   <output_file>Project.out</output_file>
   <entry_point>
      <name>_c_int00_noargs_noexit</name>
      <address>0xaee2</address>
   </entry_point>
   <input_file_list>
      <input_file id="fl-2">
         <path>./Components/nwk_applications/</path>
         <kind>object</kind>
         <file>nwk_freq.obj</file>
         <name>nwk_freq.obj</name>
      </input_file>
      <input_file id="fl-3">
         <path>./Components/nwk_applications/</path>
         <kind>object</kind>
         <file>nwk_ioctl.obj</file>
         <name>nwk_ioctl.obj</name>
      </input_file>
      <input_file id="fl-4">
         <path>./Components/nwk_applications/</path>
         <kind>object</kind>
         <file>nwk_join.obj</file>
         <name>nwk_join.obj</name>
      </input_file>
      <input_file id="fl-5">
         <path>./Components/nwk_applications/</path>
         <kind>object</kind>
         <file>nwk_link.obj</file>
         <name>nwk_link.obj</name>
      </input_file>
      <input_file id="fl-6">
         <path>./Components/nwk_applications/</path>
         <kind>object</kind>
         <file>nwk_mgmt.obj</file>
         <name>nwk_mgmt.obj</name>
      </input_file>
      <input_file id="fl-7">
         <path>./Components/nwk_applications/</path>
         <kind>object</kind>
         <file>nwk_ping.obj</file>
         <name>nwk_ping.obj</name>
      </input_file>
      <input_file id="fl-8">
         <path>./Components/nwk_applications/</path>
         <kind>object</kind>
         <file>nwk_security.obj</file>
         <name>nwk_security.obj</name>
      </input_file>
      <input_file id="fl-9">
         <path>./Components/nwk/</path>
         <kind>object</kind>
         <file>nwk.obj</file>
         <name>nwk.obj</name>
      </input_file>
      <input_file id="fl-a">
         <path>./Components/nwk/</path>
         <kind>object</kind>
         <file>nwk_QMgmt.obj</file>
         <name>nwk_QMgmt.obj</name>
      </input_file>
      <input_file id="fl-b">
         <path>./Components/nwk/</path>
         <kind>object</kind>
         <file>nwk_api.obj</file>
         <name>nwk_api.obj</name>
      </input_file>
      <input_file id="fl-c">
         <path>./Components/nwk/</path>
         <kind>object</kind>
         <file>nwk_frame.obj</file>
         <name>nwk_frame.obj</name>
      </input_file>
      <input_file id="fl-d">
         <path>./Components/nwk/</path>
         <kind>object</kind>
         <file>nwk_globals.obj</file>
         <name>nwk_globals.obj</name>
      </input_file>
      <input_file id="fl-e">
         <path>./Components/mrfi/</path>
         <kind>object</kind>
         <file>mrfi.obj</file>
         <name>mrfi.obj</name>
      </input_file>
      <input_file id="fl-f">
         <path>./Components/common/platform_ind/</path>
         <kind>object</kind>
         <file>soft_timer.obj</file>
         <name>soft_timer.obj</name>
      </input_file>
      <input_file id="fl-10">
         <path>./Components/common/platform_ind/</path>
         <kind>object</kind>
         <file>task_scheduler.obj</file>
         <name>task_scheduler.obj</name>
      </input_file>
      <input_file id="fl-11">
         <path>./Components/common/platform_ind/</path>
         <kind>object</kind>
         <file>utils.obj</file>
         <name>utils.obj</name>
      </input_file>
      <input_file id="fl-12">
         <path>./Components/common/platform/</path>
         <kind>object</kind>
         <file>lpw_cc430.obj</file>
         <name>lpw_cc430.obj</name>
      </input_file>
      <input_file id="fl-13">
         <path>./Components/common/platform/</path>
         <kind>object</kind>
         <file>port_cc430.obj</file>
         <name>port_cc430.obj</name>
      </input_file>
      <input_file id="fl-14">
         <path>./Components/common/platform/</path>
         <kind>object</kind>
         <file>rtc_cc430.obj</file>
         <name>rtc_cc430.obj</name>
      </input_file>
      <input_file id="fl-15">
         <path>./Components/bsp/uart/</path>
         <kind>object</kind>
         <file>uart_cc430.obj</file>
         <name>uart_cc430.obj</name>
      </input_file>
      <input_file id="fl-16">
         <path>./Components/bsp/uart/</path>
         <kind>object</kind>
         <file>uart_intfc_cc430.obj</file>
         <name>uart_intfc_cc430.obj</name>
      </input_file>
      <input_file id="fl-17">
         <path>./Components/bsp/</path>
         <kind>object</kind>
         <file>bsp.obj</file>
         <name>bsp.obj</name>
      </input_file>
      <input_file id="fl-18">
         <path>./Components/bsp/Peripheral/</path>
         <kind>object</kind>
         <file>Si705x.obj</file>
         <name>Si705x.obj</name>
      </input_file>
      <input_file id="fl-19">
         <path>./Components/bsp/Peripheral/</path>
         <kind>object</kind>
         <file>i2c.obj</file>
         <name>i2c.obj</name>
      </input_file>
      <input_file id="fl-1a">
         <path>./Components/bsp/Peripheral/</path>
         <kind>object</kind>
         <file>w25x16.obj</file>
         <name>w25x16.obj</name>
      </input_file>
      <input_file id="fl-1b">
         <path>./Applications/application/End Device/</path>
         <kind>object</kind>
         <file>main_manyEDs_autoack.obj</file>
         <name>main_manyEDs_autoack.obj</name>
      </input_file>
      <input_file id="fl-1c">
         <path>./Applications/appcommon/wrkstn/</path>
         <kind>object</kind>
         <file>wrkstn.obj</file>
         <name>wrkstn.obj</name>
      </input_file>
      <input_file id="fl-1d">
         <path>./Applications/appcommon/tmpsnr/</path>
         <kind>object</kind>
         <file>tmpsnr.obj</file>
         <name>tmpsnr.obj</name>
      </input_file>
      <input_file id="fl-1e">
         <path>./Applications/appcommon/</path>
         <kind>object</kind>
         <file>mydef.obj</file>
         <name>mydef.obj</name>
      </input_file>
      <input_file id="fl-1f">
         <path>./Applications/appcommon/</path>
         <kind>object</kind>
         <file>node.obj</file>
         <name>node.obj</name>
      </input_file>
      <input_file id="fl-26">
         <path>/home/test/ti/ccsv6/tools/compiler/ti-cgt-msp430_4.4.5/lib/</path>
         <kind>archive</kind>
         <file>rts430x.lib</file>
         <name>asr32.obj</name>
      </input_file>
      <input_file id="fl-27">
         <path>/home/test/ti/ccsv6/tools/compiler/ti-cgt-msp430_4.4.5/lib/</path>
         <kind>archive</kind>
         <file>rts430x.lib</file>
         <name>boot.obj</name>
      </input_file>
      <input_file id="fl-28">
         <path>/home/test/ti/ccsv6/tools/compiler/ti-cgt-msp430_4.4.5/lib/</path>
         <kind>archive</kind>
         <file>rts430x.lib</file>
         <name>boot_special.obj</name>
      </input_file>
      <input_file id="fl-29">
         <path>/home/test/ti/ccsv6/tools/compiler/ti-cgt-msp430_4.4.5/lib/</path>
         <kind>archive</kind>
         <file>rts430x.lib</file>
         <name>copy_decompress_none.obj</name>
      </input_file>
      <input_file id="fl-2a">
         <path>/home/test/ti/ccsv6/tools/compiler/ti-cgt-msp430_4.4.5/lib/</path>
         <kind>archive</kind>
         <file>rts430x.lib</file>
         <name>copy_decompress_rle.obj</name>
      </input_file>
      <input_file id="fl-2b">
         <path>/home/test/ti/ccsv6/tools/compiler/ti-cgt-msp430_4.4.5/lib/</path>
         <kind>archive</kind>
         <file>rts430x.lib</file>
         <name>copy_zero_init.obj</name>
      </input_file>
      <input_file id="fl-2c">
         <path>/home/test/ti/ccsv6/tools/compiler/ti-cgt-msp430_4.4.5/lib/</path>
         <kind>archive</kind>
         <file>rts430x.lib</file>
         <name>cpy_util.obj</name>
      </input_file>
      <input_file id="fl-2d">
         <path>/home/test/ti/ccsv6/tools/compiler/ti-cgt-msp430_4.4.5/lib/</path>
         <kind>archive</kind>
         <file>rts430x.lib</file>
         <name>div16s.obj</name>
      </input_file>
      <input_file id="fl-2e">
         <path>/home/test/ti/ccsv6/tools/compiler/ti-cgt-msp430_4.4.5/lib/</path>
         <kind>archive</kind>
         <file>rts430x.lib</file>
         <name>div16u.obj</name>
      </input_file>
      <input_file id="fl-2f">
         <path>/home/test/ti/ccsv6/tools/compiler/ti-cgt-msp430_4.4.5/lib/</path>
         <kind>archive</kind>
         <file>rts430x.lib</file>
         <name>div32s.obj</name>
      </input_file>
      <input_file id="fl-30">
         <path>/home/test/ti/ccsv6/tools/compiler/ti-cgt-msp430_4.4.5/lib/</path>
         <kind>archive</kind>
         <file>rts430x.lib</file>
         <name>div32u.obj</name>
      </input_file>
      <input_file id="fl-31">
         <path>/home/test/ti/ccsv6/tools/compiler/ti-cgt-msp430_4.4.5/lib/</path>
         <kind>archive</kind>
         <file>rts430x.lib</file>
         <name>exit.obj</name>
      </input_file>
      <input_file id="fl-32">
         <path>/home/test/ti/ccsv6/tools/compiler/ti-cgt-msp430_4.4.5/lib/</path>
         <kind>archive</kind>
         <file>rts430x.lib</file>
         <name>exit_gvars.obj</name>
      </input_file>
      <input_file id="fl-33">
         <path>/home/test/ti/ccsv6/tools/compiler/ti-cgt-msp430_4.4.5/lib/</path>
         <kind>archive</kind>
         <file>rts430x.lib</file>
         <name>int41.obj</name>
      </input_file>
      <input_file id="fl-34">
         <path>/home/test/ti/ccsv6/tools/compiler/ti-cgt-msp430_4.4.5/lib/</path>
         <kind>archive</kind>
         <file>rts430x.lib</file>
         <name>int42.obj</name>
      </input_file>
      <input_file id="fl-35">
         <path>/home/test/ti/ccsv6/tools/compiler/ti-cgt-msp430_4.4.5/lib/</path>
         <kind>archive</kind>
         <file>rts430x.lib</file>
         <name>int43.obj</name>
      </input_file>
      <input_file id="fl-36">
         <path>/home/test/ti/ccsv6/tools/compiler/ti-cgt-msp430_4.4.5/lib/</path>
         <kind>archive</kind>
         <file>rts430x.lib</file>
         <name>int44.obj</name>
      </input_file>
      <input_file id="fl-37">
         <path>/home/test/ti/ccsv6/tools/compiler/ti-cgt-msp430_4.4.5/lib/</path>
         <kind>archive</kind>
         <file>rts430x.lib</file>
         <name>int45.obj</name>
      </input_file>
      <input_file id="fl-38">
         <path>/home/test/ti/ccsv6/tools/compiler/ti-cgt-msp430_4.4.5/lib/</path>
         <kind>archive</kind>
         <file>rts430x.lib</file>
         <name>int47.obj</name>
      </input_file>
      <input_file id="fl-39">
         <path>/home/test/ti/ccsv6/tools/compiler/ti-cgt-msp430_4.4.5/lib/</path>
         <kind>archive</kind>
         <file>rts430x.lib</file>
         <name>int49.obj</name>
      </input_file>
      <input_file id="fl-3a">
         <path>/home/test/ti/ccsv6/tools/compiler/ti-cgt-msp430_4.4.5/lib/</path>
         <kind>archive</kind>
         <file>rts430x.lib</file>
         <name>int50.obj</name>
      </input_file>
      <input_file id="fl-3b">
         <path>/home/test/ti/ccsv6/tools/compiler/ti-cgt-msp430_4.4.5/lib/</path>
         <kind>archive</kind>
         <file>rts430x.lib</file>
         <name>int51.obj</name>
      </input_file>
      <input_file id="fl-3c">
         <path>/home/test/ti/ccsv6/tools/compiler/ti-cgt-msp430_4.4.5/lib/</path>
         <kind>archive</kind>
         <file>rts430x.lib</file>
         <name>int52.obj</name>
      </input_file>
      <input_file id="fl-3d">
         <path>/home/test/ti/ccsv6/tools/compiler/ti-cgt-msp430_4.4.5/lib/</path>
         <kind>archive</kind>
         <file>rts430x.lib</file>
         <name>int54.obj</name>
      </input_file>
      <input_file id="fl-3e">
         <path>/home/test/ti/ccsv6/tools/compiler/ti-cgt-msp430_4.4.5/lib/</path>
         <kind>archive</kind>
         <file>rts430x.lib</file>
         <name>int55.obj</name>
      </input_file>
      <input_file id="fl-3f">
         <path>/home/test/ti/ccsv6/tools/compiler/ti-cgt-msp430_4.4.5/lib/</path>
         <kind>archive</kind>
         <file>rts430x.lib</file>
         <name>int56.obj</name>
      </input_file>
      <input_file id="fl-40">
         <path>/home/test/ti/ccsv6/tools/compiler/ti-cgt-msp430_4.4.5/lib/</path>
         <kind>archive</kind>
         <file>rts430x.lib</file>
         <name>int57.obj</name>
      </input_file>
      <input_file id="fl-41">
         <path>/home/test/ti/ccsv6/tools/compiler/ti-cgt-msp430_4.4.5/lib/</path>
         <kind>archive</kind>
         <file>rts430x.lib</file>
         <name>int59.obj</name>
      </input_file>
      <input_file id="fl-42">
         <path>/home/test/ti/ccsv6/tools/compiler/ti-cgt-msp430_4.4.5/lib/</path>
         <kind>archive</kind>
         <file>rts430x.lib</file>
         <name>int60.obj</name>
      </input_file>
      <input_file id="fl-43">
         <path>/home/test/ti/ccsv6/tools/compiler/ti-cgt-msp430_4.4.5/lib/</path>
         <kind>archive</kind>
         <file>rts430x.lib</file>
         <name>int61.obj</name>
      </input_file>
      <input_file id="fl-44">
         <path>/home/test/ti/ccsv6/tools/compiler/ti-cgt-msp430_4.4.5/lib/</path>
         <kind>archive</kind>
         <file>rts430x.lib</file>
         <name>int62.obj</name>
      </input_file>
      <input_file id="fl-45">
         <path>/home/test/ti/ccsv6/tools/compiler/ti-cgt-msp430_4.4.5/lib/</path>
         <kind>archive</kind>
         <file>rts430x.lib</file>
         <name>isr_trap.obj</name>
      </input_file>
      <input_file id="fl-46">
         <path>/home/test/ti/ccsv6/tools/compiler/ti-cgt-msp430_4.4.5/lib/</path>
         <kind>archive</kind>
         <file>rts430x.lib</file>
         <name>lsl32.obj</name>
      </input_file>
      <input_file id="fl-47">
         <path>/home/test/ti/ccsv6/tools/compiler/ti-cgt-msp430_4.4.5/lib/</path>
         <kind>archive</kind>
         <file>rts430x.lib</file>
         <name>lsr32.obj</name>
      </input_file>
      <input_file id="fl-48">
         <path>/home/test/ti/ccsv6/tools/compiler/ti-cgt-msp430_4.4.5/lib/</path>
         <kind>archive</kind>
         <file>rts430x.lib</file>
         <name>memcmp.obj</name>
      </input_file>
      <input_file id="fl-49">
         <path>/home/test/ti/ccsv6/tools/compiler/ti-cgt-msp430_4.4.5/lib/</path>
         <kind>archive</kind>
         <file>rts430x.lib</file>
         <name>memcpy.obj</name>
      </input_file>
      <input_file id="fl-4a">
         <path>/home/test/ti/ccsv6/tools/compiler/ti-cgt-msp430_4.4.5/lib/</path>
         <kind>archive</kind>
         <file>rts430x.lib</file>
         <name>memmov.obj</name>
      </input_file>
      <input_file id="fl-4b">
         <path>/home/test/ti/ccsv6/tools/compiler/ti-cgt-msp430_4.4.5/lib/</path>
         <kind>archive</kind>
         <file>rts430x.lib</file>
         <name>memset.obj</name>
      </input_file>
      <input_file id="fl-4c">
         <path>/home/test/ti/ccsv6/tools/compiler/ti-cgt-msp430_4.4.5/lib/</path>
         <kind>archive</kind>
         <file>rts430x.lib</file>
         <name>mpu_init.obj</name>
      </input_file>
      <input_file id="fl-4d">
         <path>/home/test/ti/ccsv6/tools/compiler/ti-cgt-msp430_4.4.5/lib/</path>
         <kind>archive</kind>
         <file>rts430x.lib</file>
         <name>mult16.obj</name>
      </input_file>
      <input_file id="fl-4e">
         <path>/home/test/ti/ccsv6/tools/compiler/ti-cgt-msp430_4.4.5/lib/</path>
         <kind>archive</kind>
         <file>rts430x.lib</file>
         <name>mult1632_f5hw.obj</name>
      </input_file>
      <input_file id="fl-4f">
         <path>/home/test/ti/ccsv6/tools/compiler/ti-cgt-msp430_4.4.5/lib/</path>
         <kind>archive</kind>
         <file>rts430x.lib</file>
         <name>mult16_f5hw.obj</name>
      </input_file>
      <input_file id="fl-50">
         <path>/home/test/ti/ccsv6/tools/compiler/ti-cgt-msp430_4.4.5/lib/</path>
         <kind>archive</kind>
         <file>rts430x.lib</file>
         <name>mult32.obj</name>
      </input_file>
      <input_file id="fl-51">
         <path>/home/test/ti/ccsv6/tools/compiler/ti-cgt-msp430_4.4.5/lib/</path>
         <kind>archive</kind>
         <file>rts430x.lib</file>
         <name>mult3264_f5hw.obj</name>
      </input_file>
      <input_file id="fl-52">
         <path>/home/test/ti/ccsv6/tools/compiler/ti-cgt-msp430_4.4.5/lib/</path>
         <kind>archive</kind>
         <file>rts430x.lib</file>
         <name>mult32_f5hw.obj</name>
      </input_file>
      <input_file id="fl-53">
         <path>/home/test/ti/ccsv6/tools/compiler/ti-cgt-msp430_4.4.5/lib/</path>
         <kind>archive</kind>
         <file>rts430x.lib</file>
         <name>mult64_f5hw.obj</name>
      </input_file>
      <input_file id="fl-54">
         <path>/home/test/ti/ccsv6/tools/compiler/ti-cgt-msp430_4.4.5/lib/</path>
         <kind>archive</kind>
         <file>rts430x.lib</file>
         <name>strncpy.obj</name>
      </input_file>
      <input_file id="fl-55">
         <path>/home/test/ti/ccsv6/tools/compiler/ti-cgt-msp430_4.4.5/lib/</path>
         <kind>archive</kind>
         <file>rts430x.lib</file>
         <name>_lock.obj</name>
      </input_file>
      <input_file id="fl-56">
         <path>/home/test/ti/ccsv6/tools/compiler/ti-cgt-msp430_4.4.5/lib/</path>
         <kind>archive</kind>
         <file>rts430x.lib</file>
         <name>args_main.obj</name>
      </input_file>
      <input_file id="fl-57">
         <path>/home/test/ti/ccsv6/tools/compiler/ti-cgt-msp430_4.4.5/lib/</path>
         <kind>archive</kind>
         <file>rts430x.lib</file>
         <name>autoinit_wdt.obj</name>
      </input_file>
   </input_file_list>
   <object_component_list>
      <object_component id="oc-88">
         <name>.bss</name>
         <uninitialized>true</uninitialized>
         <run_address>0x2219</run_address>
         <size>0x2</size>
         <input_file_ref idref="fl-2"/>
      </object_component>
      <object_component id="oc-94">
         <name>.bss</name>
         <uninitialized>true</uninitialized>
         <run_address>0x21f6</run_address>
         <size>0x9</size>
         <input_file_ref idref="fl-4"/>
      </object_component>
      <object_component id="oc-9b">
         <name>.bss</name>
         <uninitialized>true</uninitialized>
         <run_address>0x21e2</run_address>
         <size>0xa</size>
         <input_file_ref idref="fl-5"/>
      </object_component>
      <object_component id="oc-a2">
         <name>.bss</name>
         <uninitialized>true</uninitialized>
         <run_address>0x2216</run_address>
         <size>0x3</size>
         <input_file_ref idref="fl-6"/>
      </object_component>
      <object_component id="oc-a9">
         <name>.bss</name>
         <uninitialized>true</uninitialized>
         <run_address>0x21ff</run_address>
         <size>0x1</size>
         <input_file_ref idref="fl-7"/>
      </object_component>
      <object_component id="oc-b5">
         <name>.bss</name>
         <uninitialized>true</uninitialized>
         <run_address>0x2193</run_address>
         <size>0x29</size>
         <input_file_ref idref="fl-9"/>
      </object_component>
      <object_component id="oc-bc">
         <name>.bss</name>
         <uninitialized>true</uninitialized>
         <run_address>0x1ff0</run_address>
         <size>0xa8</size>
         <input_file_ref idref="fl-a"/>
      </object_component>
      <object_component id="oc-c2">
         <name>.bss</name>
         <uninitialized>true</uninitialized>
         <run_address>0x21f5</run_address>
         <size>0x1</size>
         <input_file_ref idref="fl-b"/>
      </object_component>
      <object_component id="oc-c9">
         <name>.bss</name>
         <uninitialized>true</uninitialized>
         <run_address>0x21d8</run_address>
         <size>0xa</size>
         <input_file_ref idref="fl-c"/>
      </object_component>
      <object_component id="oc-d0">
         <name>.bss</name>
         <uninitialized>true</uninitialized>
         <run_address>0x21ec</run_address>
         <size>0x9</size>
         <input_file_ref idref="fl-d"/>
      </object_component>
      <object_component id="oc-d8">
         <name>.bss</name>
         <uninitialized>true</uninitialized>
         <run_address>0x2150</run_address>
         <size>0x43</size>
         <input_file_ref idref="fl-e"/>
      </object_component>
      <object_component id="oc-df">
         <name>.bss</name>
         <uninitialized>true</uninitialized>
         <run_address>0x20fe</run_address>
         <size>0x52</size>
         <input_file_ref idref="fl-f"/>
      </object_component>
      <object_component id="oc-e5">
         <name>.bss</name>
         <uninitialized>true</uninitialized>
         <run_address>0x2098</run_address>
         <size>0x65</size>
         <input_file_ref idref="fl-10"/>
      </object_component>
      <object_component id="oc-eb">
         <name>.bss</name>
         <uninitialized>true</uninitialized>
         <run_address>0x221c</run_address>
         <size>0x2</size>
         <input_file_ref idref="fl-11"/>
      </object_component>
      <object_component id="oc-fd">
         <name>.bss</name>
         <uninitialized>true</uninitialized>
         <run_address>0x220a</run_address>
         <size>0x8</size>
         <input_file_ref idref="fl-14"/>
      </object_component>
      <object_component id="oc-104">
         <name>.bss</name>
         <uninitialized>true</uninitialized>
         <run_address>0x2200</run_address>
         <size>0x9</size>
         <input_file_ref idref="fl-15"/>
      </object_component>
      <object_component id="oc-10b">
         <name>.bss</name>
         <uninitialized>true</uninitialized>
         <run_address>0x1c00</run_address>
         <size>0x3f0</size>
         <input_file_ref idref="fl-16"/>
      </object_component>
      <object_component id="oc-126">
         <name>.bss</name>
         <uninitialized>true</uninitialized>
         <run_address>0x20fd</run_address>
         <size>0x1</size>
         <input_file_ref idref="fl-1b"/>
      </object_component>
      <object_component id="oc-12e">
         <name>.bss</name>
         <uninitialized>true</uninitialized>
         <run_address>0x21bc</run_address>
         <size>0x10</size>
         <input_file_ref idref="fl-1c"/>
      </object_component>
      <object_component id="oc-137">
         <name>.bss</name>
         <uninitialized>true</uninitialized>
         <run_address>0x21cc</run_address>
         <size>0xc</size>
         <input_file_ref idref="fl-1d"/>
      </object_component>
      <object_component id="oc-13f">
         <name>.bss</name>
         <uninitialized>true</uninitialized>
         <run_address>0x2212</run_address>
         <size>0x4</size>
         <input_file_ref idref="fl-1e"/>
      </object_component>
      <object_component id="oc-14d">
         <name>.stack</name>
         <uninitialized>true</uninitialized>
         <run_address>0x23ac</run_address>
         <size>0x2</size>
         <input_file_ref idref="fl-27"/>
      </object_component>
      <object_component id="oc-304">
         <name>.stack</name>
         <uninitialized>true</uninitialized>
         <run_address>0x23ac</run_address>
         <size>0x0</size>
      </object_component>
      <object_component id="oc-214">
         <name>.text:MRFI_Init</name>
         <load_address>0x8000</load_address>
         <run_address>0x8000</run_address>
         <size>0x1e4</size>
         <input_file_ref idref="fl-e"/>
      </object_component>
      <object_component id="oc-2a5">
         <name>.text:smpl_send_link_reply</name>
         <load_address>0x81e4</load_address>
         <run_address>0x81e4</run_address>
         <size>0x196</size>
         <input_file_ref idref="fl-5"/>
      </object_component>
      <object_component id="oc-1fe">
         <name>.text:log</name>
         <load_address>0x837a</load_address>
         <run_address>0x837a</run_address>
         <size>0x16c</size>
         <input_file_ref idref="fl-11"/>
      </object_component>
      <object_component id="oc-24b">
         <name>.text:nwk_link</name>
         <load_address>0x84e6</load_address>
         <run_address>0x84e6</run_address>
         <size>0x156</size>
         <input_file_ref idref="fl-5"/>
      </object_component>
      <object_component id="oc-21d">
         <name>.text:SMPL_Ioctl</name>
         <load_address>0x863c</load_address>
         <run_address>0x863c</run_address>
         <size>0x14e</size>
         <input_file_ref idref="fl-b"/>
      </object_component>
      <object_component id="oc-22e">
         <name>.text:tmpsnr_processSyncRep</name>
         <load_address>0x878a</load_address>
         <run_address>0x878a</run_address>
         <size>0x130</size>
         <input_file_ref idref="fl-1d"/>
      </object_component>
      <object_component id="oc-296">
         <name>.text:nwk_QfindOldest</name>
         <load_address>0x88ba</load_address>
         <run_address>0x88ba</run_address>
         <size>0x126</size>
         <input_file_ref idref="fl-a"/>
      </object_component>
      <object_component id="oc-21b">
         <name>.text:nwk_join</name>
         <load_address>0x89e0</load_address>
         <run_address>0x89e0</run_address>
         <size>0x126</size>
         <input_file_ref idref="fl-4"/>
      </object_component>
      <object_component id="oc-242">
         <name>.text:nwk_scanForChannels</name>
         <load_address>0x8b06</load_address>
         <run_address>0x8b06</run_address>
         <size>0x108</size>
         <input_file_ref idref="fl-2"/>
      </object_component>
      <object_component id="oc-1e9">
         <name>.text:soft_ISR</name>
         <load_address>0x8c0e</load_address>
         <run_address>0x8c0e</run_address>
         <size>0x108</size>
         <input_file_ref idref="fl-f"/>
      </object_component>
      <object_component id="oc-1ea">
         <name>.text:Mrfi_SyncPinRxIsr</name>
         <load_address>0x8d16</load_address>
         <run_address>0x8d16</run_address>
         <size>0xf8</size>
         <input_file_ref idref="fl-e"/>
      </object_component>
      <object_component id="oc-267">
         <name>.text:soft_setTimer</name>
         <load_address>0x8e0e</load_address>
         <run_address>0x8e0e</run_address>
         <size>0xf8</size>
         <input_file_ref idref="fl-f"/>
      </object_component>
      <object_component id="oc-221">
         <name>.text:my_itoa</name>
         <load_address>0x8f06</load_address>
         <run_address>0x8f06</run_address>
         <size>0xd8</size>
         <input_file_ref idref="fl-11"/>
      </object_component>
      <object_component id="oc-275">
         <name>.text:nwk_allocateLocalRxPort</name>
         <load_address>0x8fde</load_address>
         <run_address>0x8fde</run_address>
         <size>0xd6</size>
         <input_file_ref idref="fl-9"/>
      </object_component>
      <object_component id="oc-298">
         <name>.text:MRFI_Transmit</name>
         <load_address>0x90b4</load_address>
         <run_address>0x90b4</run_address>
         <size>0xc6</size>
         <input_file_ref idref="fl-e"/>
      </object_component>
      <object_component id="oc-212">
         <name>.text:post_task</name>
         <load_address>0x917a</load_address>
         <run_address>0x917a</run_address>
         <size>0xc4</size>
         <input_file_ref idref="fl-10"/>
      </object_component>
      <object_component id="oc-220">
         <name>.text:my_utoa</name>
         <load_address>0x923e</load_address>
         <run_address>0x923e</run_address>
         <size>0xb4</size>
         <input_file_ref idref="fl-11"/>
      </object_component>
      <object_component id="oc-226">
         <name>.text:dispatchFrame</name>
         <load_address>0x92f2</load_address>
         <run_address>0x92f2</run_address>
         <size>0xb2</size>
         <input_file_ref idref="fl-c"/>
      </object_component>
      <object_component id="oc-1fc">
         <name>.text:task_scheduler</name>
         <load_address>0x93a4</load_address>
         <run_address>0x93a4</run_address>
         <size>0xaa</size>
         <input_file_ref idref="fl-10"/>
      </object_component>
      <object_component id="oc-26b">
         <name>.text:nwk_retrieveFrame</name>
         <load_address>0x944e</load_address>
         <run_address>0x944e</run_address>
         <size>0xa6</size>
         <input_file_ref idref="fl-c"/>
      </object_component>
      <object_component id="oc-288">
         <name>.text:uart_init</name>
         <load_address>0x94f4</load_address>
         <run_address>0x94f4</run_address>
         <size>0xa2</size>
         <input_file_ref idref="fl-15"/>
      </object_component>
      <object_component id="oc-254">
         <name>.text:nwk_radioControl</name>
         <load_address>0x9596</load_address>
         <run_address>0x9596</run_address>
         <size>0xa0</size>
         <input_file_ref idref="fl-3"/>
      </object_component>
      <object_component id="oc-286">
         <name>.text:nwk_sendAckReply</name>
         <load_address>0x9636</load_address>
         <run_address>0x9636</run_address>
         <size>0x9a</size>
         <input_file_ref idref="fl-c"/>
      </object_component>
      <object_component id="oc-213">
         <name>.text:tmpsnr_task_readFrame</name>
         <load_address>0x96d0</load_address>
         <run_address>0x96d0</run_address>
         <size>0x9a</size>
         <input_file_ref idref="fl-1d"/>
      </object_component>
      <object_component id="oc-27a">
         <name>.text:nwk_buildFrame</name>
         <load_address>0x976a</load_address>
         <run_address>0x976a</run_address>
         <size>0x96</size>
         <input_file_ref idref="fl-c"/>
      </object_component>
      <object_component id="oc-207">
         <name>.text:mrfiRadioInterfaceCmdStrobe</name>
         <load_address>0x9800</load_address>
         <run_address>0x9800</run_address>
         <size>0x92</size>
         <input_file_ref idref="fl-e"/>
      </object_component>
      <object_component id="oc-25e">
         <name>.text:nwk_isConnectionValid</name>
         <load_address>0x9892</load_address>
         <run_address>0x9892</run_address>
         <size>0x92</size>
         <input_file_ref idref="fl-9"/>
      </object_component>
      <object_component id="oc-215">
         <name>.text:nwk_nwkInit</name>
         <load_address>0x9924</load_address>
         <run_address>0x9924</run_address>
         <size>0x86</size>
         <input_file_ref idref="fl-9"/>
      </object_component>
      <object_component id="oc-224">
         <name>.text:nwk_QfindSlot</name>
         <load_address>0x99aa</load_address>
         <run_address>0x99aa</run_address>
         <size>0x7c</size>
         <input_file_ref idref="fl-a"/>
      </object_component>
      <object_component id="oc-1e0">
         <name>.text:_isr:MRFI_RadioIsr</name>
         <load_address>0x9a26</load_address>
         <run_address>0x9a26</run_address>
         <size>0x68</size>
         <input_file_ref idref="fl-e"/>
      </object_component>
      <object_component id="oc-2a4">
         <name>.text:smpl_send_unlink_reply</name>
         <load_address>0x9a8e</load_address>
         <run_address>0x9a8e</run_address>
         <size>0x66</size>
         <input_file_ref idref="fl-5"/>
      </object_component>
      <object_component id="oc-202">
         <name>.text:mrfiRadioInterfaceReadRxFifo</name>
         <load_address>0x9af4</load_address>
         <run_address>0x9af4</run_address>
         <size>0x62</size>
         <input_file_ref idref="fl-e"/>
      </object_component>
      <object_component id="oc-1e3">
         <name>.text:_auto_init_hold_wdt</name>
         <load_address>0x9b56</load_address>
         <run_address>0x9b56</run_address>
         <size>0x5e</size>
         <input_file_ref idref="fl-57"/>
      </object_component>
      <object_component id="oc-1fb">
         <name>.text:linkTo</name>
         <load_address>0x9bb4</load_address>
         <run_address>0x9bb4</run_address>
         <size>0x58</size>
         <input_file_ref idref="fl-1b"/>
      </object_component>
      <object_component id="oc-17a">
         <name>.text</name>
         <load_address>0x9c0c</load_address>
         <run_address>0x9c0c</run_address>
         <size>0x58</size>
         <input_file_ref idref="fl-30"/>
      </object_component>
      <object_component id="oc-289">
         <name>.text:rx_handler</name>
         <load_address>0x9c64</load_address>
         <run_address>0x9c64</run_address>
         <size>0x54</size>
         <input_file_ref idref="fl-16"/>
      </object_component>
      <object_component id="oc-1ee">
         <name>.text:Bsp_SetClocks</name>
         <load_address>0x9cb8</load_address>
         <run_address>0x9cb8</run_address>
         <size>0x52</size>
         <input_file_ref idref="fl-17"/>
      </object_component>
      <object_component id="oc-228">
         <name>.text:SetVCoreUp</name>
         <load_address>0x9d0a</load_address>
         <run_address>0x9d0a</run_address>
         <size>0x52</size>
         <input_file_ref idref="fl-17"/>
      </object_component>
      <object_component id="oc-255">
         <name>.text:nwk_rawSend</name>
         <load_address>0x9d5c</load_address>
         <run_address>0x9d5c</run_address>
         <size>0x52</size>
         <input_file_ref idref="fl-3"/>
      </object_component>
      <object_component id="oc-27d">
         <name>.text:push_buffer</name>
         <load_address>0x9dae</load_address>
         <run_address>0x9dae</run_address>
         <size>0x52</size>
         <input_file_ref idref="fl-16"/>
      </object_component>
      <object_component id="oc-274">
         <name>.text:nwk_getNextConnection</name>
         <load_address>0x9e00</load_address>
         <run_address>0x9e00</run_address>
         <size>0x50</size>
         <input_file_ref idref="fl-9"/>
      </object_component>
      <object_component id="oc-29a">
         <name>.text:pop_buffer</name>
         <load_address>0x9e50</load_address>
         <run_address>0x9e50</run_address>
         <size>0x50</size>
         <input_file_ref idref="fl-16"/>
      </object_component>
      <object_component id="oc-1eb">
         <name>.text:uart_tx_irq</name>
         <load_address>0x9ea0</load_address>
         <run_address>0x9ea0</run_address>
         <size>0x4e</size>
         <input_file_ref idref="fl-15"/>
      </object_component>
      <object_component id="oc-1e7">
         <name>.text:main</name>
         <load_address>0x9eee</load_address>
         <run_address>0x9eee</run_address>
         <size>0x4c</size>
         <input_file_ref idref="fl-1b"/>
      </object_component>
      <object_component id="oc-230">
         <name>.text:SMPL_Receive</name>
         <load_address>0x9f3a</load_address>
         <run_address>0x9f3a</run_address>
         <size>0x48</size>
         <input_file_ref idref="fl-b"/>
      </object_component>
      <object_component id="oc-263">
         <name>.text:SPI_FLASH_Init</name>
         <load_address>0x9f82</load_address>
         <run_address>0x9f82</run_address>
         <size>0x48</size>
         <input_file_ref idref="fl-1a"/>
      </object_component>
      <object_component id="oc-201">
         <name>.text:mrfiRadioInterfaceReadReg</name>
         <load_address>0x9fca</load_address>
         <run_address>0x9fca</run_address>
         <size>0x48</size>
         <input_file_ref idref="fl-e"/>
      </object_component>
      <object_component id="oc-204">
         <name>.text:Mrfi_RxAddrIsFiltered</name>
         <load_address>0xa012</load_address>
         <run_address>0xa012</run_address>
         <size>0x46</size>
         <input_file_ref idref="fl-e"/>
      </object_component>
      <object_component id="oc-1de">
         <name>.text:_isr:RTC_ISR</name>
         <load_address>0xa058</load_address>
         <run_address>0xa058</run_address>
         <size>0x46</size>
         <input_file_ref idref="fl-14"/>
      </object_component>
      <object_component id="oc-2a9">
         <name>.text:nwk_findPeer</name>
         <load_address>0xa09e</load_address>
         <run_address>0xa09e</run_address>
         <size>0x46</size>
         <input_file_ref idref="fl-9"/>
      </object_component>
      <object_component id="oc-2a3">
         <name>.text:smpl_send_ping_reply</name>
         <load_address>0xa0e4</load_address>
         <run_address>0xa0e4</run_address>
         <size>0x44</size>
         <input_file_ref idref="fl-7"/>
      </object_component>
      <object_component id="oc-1fa">
         <name>.text:SMPL_Init</name>
         <load_address>0xa128</load_address>
         <run_address>0xa128</run_address>
         <size>0x42</size>
         <input_file_ref idref="fl-b"/>
      </object_component>
      <object_component id="oc-2ab">
         <name>.text:nwk_isLinkDuplicate</name>
         <load_address>0xa16a</load_address>
         <run_address>0xa16a</run_address>
         <size>0x42</size>
         <input_file_ref idref="fl-9"/>
      </object_component>
      <object_component id="oc-246">
         <name>.text:MRFI_ReplyDelay</name>
         <load_address>0xa1ac</load_address>
         <run_address>0xa1ac</run_address>
         <size>0x40</size>
         <input_file_ref idref="fl-e"/>
      </object_component>
      <object_component id="oc-175">
         <name>.text</name>
         <load_address>0xa1ec</load_address>
         <run_address>0xa1ec</run_address>
         <size>0x40</size>
         <input_file_ref idref="fl-2f"/>
      </object_component>
      <object_component id="oc-266">
         <name>.text:tmpsnr_tmr_awakeISR</name>
         <load_address>0xa22c</load_address>
         <run_address>0xa22c</run_address>
         <size>0x40</size>
         <input_file_ref idref="fl-1d"/>
      </object_component>
      <object_component id="oc-2a6">
         <name>.text:change_channel_cmd_is_valid</name>
         <load_address>0xa26c</load_address>
         <run_address>0xa26c</run_address>
         <size>0x3e</size>
         <input_file_ref idref="fl-2"/>
      </object_component>
      <object_component id="oc-297">
         <name>.text:initializeConnection</name>
         <load_address>0xa2aa</load_address>
         <run_address>0xa2aa</run_address>
         <size>0x3e</size>
         <input_file_ref idref="fl-9"/>
      </object_component>
      <object_component id="oc-200">
         <name>.text:l_lsl_const</name>
         <load_address>0xa2e8</load_address>
         <run_address>0xa2e8</run_address>
         <size>0x3e</size>
         <input_file_ref idref="fl-46"/>
      </object_component>
      <object_component id="oc-293">
         <name>.text:l_lsr_const</name>
         <load_address>0xa326</load_address>
         <run_address>0xa326</run_address>
         <size>0x3e</size>
         <input_file_ref idref="fl-47"/>
      </object_component>
      <object_component id="oc-243">
         <name>.text:nwk_putNumObjectIntoMsg</name>
         <load_address>0xa364</load_address>
         <run_address>0xa364</run_address>
         <size>0x3c</size>
         <input_file_ref idref="fl-9"/>
      </object_component>
      <object_component id="oc-25a">
         <name>.text:tx_send</name>
         <load_address>0xa3a0</load_address>
         <run_address>0xa3a0</run_address>
         <size>0x3c</size>
         <input_file_ref idref="fl-16"/>
      </object_component>
      <object_component id="oc-222">
         <name>.text:tx_send_wait</name>
         <load_address>0xa3dc</load_address>
         <run_address>0xa3dc</run_address>
         <size>0x3c</size>
         <input_file_ref idref="fl-16"/>
      </object_component>
      <object_component id="oc-257">
         <name>.text:nwk_freqControl</name>
         <load_address>0xa418</load_address>
         <run_address>0xa418</run_address>
         <size>0x3a</size>
         <input_file_ref idref="fl-2"/>
      </object_component>
      <object_component id="oc-29b">
         <name>.text:nwk_isValidReply</name>
         <load_address>0xa452</load_address>
         <run_address>0xa452</run_address>
         <size>0x3a</size>
         <input_file_ref idref="fl-9"/>
      </object_component>
      <object_component id="oc-285">
         <name>.text:nwk_processMgmt</name>
         <load_address>0xa48c</load_address>
         <run_address>0xa48c</run_address>
         <size>0x3a</size>
         <input_file_ref idref="fl-6"/>
      </object_component>
      <object_component id="oc-290">
         <name>.text:tmpsnr_task_mytask</name>
         <load_address>0xa4c6</load_address>
         <run_address>0xa4c6</run_address>
         <size>0x3a</size>
         <input_file_ref idref="fl-1d"/>
      </object_component>
      <object_component id="oc-261">
         <name>.text:uart_intfc_init</name>
         <load_address>0xa500</load_address>
         <run_address>0xa500</run_address>
         <size>0x38</size>
         <input_file_ref idref="fl-16"/>
      </object_component>
      <object_component id="oc-258">
         <name>.text:BSP_Delay</name>
         <load_address>0xa538</load_address>
         <run_address>0xa538</run_address>
         <size>0x36</size>
         <input_file_ref idref="fl-17"/>
      </object_component>
      <object_component id="oc-227">
         <name>.text:mrfiRadioInterfaceWriteReg</name>
         <load_address>0xa56e</load_address>
         <run_address>0xa56e</run_address>
         <size>0x36</size>
         <input_file_ref idref="fl-e"/>
      </object_component>
      <object_component id="oc-2a1">
         <name>.text:mrfiRadioInterfaceWriteTxFifo</name>
         <load_address>0xa5a4</load_address>
         <run_address>0xa5a4</run_address>
         <size>0x36</size>
         <input_file_ref idref="fl-e"/>
      </object_component>
      <object_component id="oc-20e">
         <name>.text:task_pool_init</name>
         <load_address>0xa5da</load_address>
         <run_address>0xa5da</run_address>
         <size>0x36</size>
         <input_file_ref idref="fl-10"/>
      </object_component>
      <object_component id="oc-219">
         <name>.text:MRFI_SetRxAddrFilter</name>
         <load_address>0xa610</load_address>
         <run_address>0xa610</run_address>
         <size>0x34</size>
         <input_file_ref idref="fl-e"/>
      </object_component>
      <object_component id="oc-25b">
         <name>.text:nwk_QadjustOrder</name>
         <load_address>0xa644</load_address>
         <run_address>0xa644</run_address>
         <size>0x34</size>
         <input_file_ref idref="fl-a"/>
      </object_component>
      <object_component id="oc-232">
         <name>.text:MRFI_SetLogicalChannel</name>
         <load_address>0xa678</load_address>
         <run_address>0xa678</run_address>
         <size>0x32</size>
         <input_file_ref idref="fl-e"/>
      </object_component>
      <object_component id="oc-253">
         <name>.text:nwk_deviceAddress</name>
         <load_address>0xa6aa</load_address>
         <run_address>0xa6aa</run_address>
         <size>0x32</size>
         <input_file_ref idref="fl-3"/>
      </object_component>
      <object_component id="oc-269">
         <name>.text:nwk_getConnInfo</name>
         <load_address>0xa6dc</load_address>
         <run_address>0xa6dc</run_address>
         <size>0x32</size>
         <input_file_ref idref="fl-9"/>
      </object_component>
      <object_component id="oc-23e">
         <name>.text:nwk_linkInit</name>
         <load_address>0xa70e</load_address>
         <run_address>0xa70e</run_address>
         <size>0x32</size>
         <input_file_ref idref="fl-5"/>
      </object_component>
      <object_component id="oc-29e">
         <name>.text:handle_freq_cmd</name>
         <load_address>0xa740</load_address>
         <run_address>0xa740</run_address>
         <size>0x30</size>
         <input_file_ref idref="fl-2"/>
      </object_component>
      <object_component id="oc-295">
         <name>.text:map_lid2idx</name>
         <load_address>0xa770</load_address>
         <run_address>0xa770</run_address>
         <size>0x30</size>
         <input_file_ref idref="fl-9"/>
      </object_component>
      <object_component id="oc-284">
         <name>.text:nwk_processFreq</name>
         <load_address>0xa7a0</load_address>
         <run_address>0xa7a0</run_address>
         <size>0x30</size>
         <input_file_ref idref="fl-2"/>
      </object_component>
      <object_component id="oc-256">
         <name>.text:nwk_rawReceive</name>
         <load_address>0xa7d0</load_address>
         <run_address>0xa7d0</run_address>
         <size>0x30</size>
         <input_file_ref idref="fl-3"/>
      </object_component>
      <object_component id="oc-27b">
         <name>.text:nwk_sendFrame</name>
         <load_address>0xa800</load_address>
         <run_address>0xa800</run_address>
         <size>0x30</size>
         <input_file_ref idref="fl-c"/>
      </object_component>
      <object_component id="oc-27e">
         <name>.text:tx_handler</name>
         <load_address>0xa830</load_address>
         <run_address>0xa830</run_address>
         <size>0x30</size>
         <input_file_ref idref="fl-16"/>
      </object_component>
      <object_component id="oc-205">
         <name>.text:Mrfi_CalculateRssi</name>
         <load_address>0xa860</load_address>
         <run_address>0xa860</run_address>
         <size>0x2e</size>
         <input_file_ref idref="fl-e"/>
      </object_component>
      <object_component id="oc-273">
         <name>.text:Mrfi_DelayUsecSem</name>
         <load_address>0xa88e</load_address>
         <run_address>0xa88e</run_address>
         <size>0x2c</size>
         <input_file_ref idref="fl-e"/>
      </object_component>
      <object_component id="oc-234">
         <name>.text:Mrfi_RxModeOff</name>
         <load_address>0xa8ba</load_address>
         <run_address>0xa8ba</run_address>
         <size>0x2c</size>
         <input_file_ref idref="fl-e"/>
      </object_component>
      <object_component id="oc-209">
         <name>.text:SetVCore</name>
         <load_address>0xa8e6</load_address>
         <run_address>0xa8e6</run_address>
         <size>0x2c</size>
         <input_file_ref idref="fl-17"/>
      </object_component>
      <object_component id="oc-1e1">
         <name>.text:_isr:uart_rx_tx_enter_irq</name>
         <load_address>0xa912</load_address>
         <run_address>0xa912</run_address>
         <size>0x2c</size>
         <input_file_ref idref="fl-15"/>
      </object_component>
      <object_component id="oc-29d">
         <name>.text:handleLinkRequest</name>
         <load_address>0xa93e</load_address>
         <run_address>0xa93e</run_address>
         <size>0x2c</size>
         <input_file_ref idref="fl-5"/>
      </object_component>
      <object_component id="oc-16b">
         <name>.text</name>
         <load_address>0xa96a</load_address>
         <run_address>0xa96a</run_address>
         <size>0x2c</size>
         <input_file_ref idref="fl-2d"/>
      </object_component>
      <object_component id="oc-21f">
         <name>.text:strncpy</name>
         <load_address>0xa996</load_address>
         <run_address>0xa996</run_address>
         <size>0x2c</size>
         <input_file_ref idref="fl-54"/>
      </object_component>
      <object_component id="oc-26a">
         <name>.text:nwk_checkConnInfo</name>
         <load_address>0xa9c2</load_address>
         <run_address>0xa9c2</run_address>
         <size>0x2a</size>
         <input_file_ref idref="fl-9"/>
      </object_component>
      <object_component id="oc-271">
         <name>.text:nwk_getAPAddress</name>
         <load_address>0xa9ec</load_address>
         <run_address>0xa9ec</run_address>
         <size>0x28</size>
         <input_file_ref idref="fl-d"/>
      </object_component>
      <object_component id="oc-280">
         <name>.text:nwk_processPing</name>
         <load_address>0xaa14</load_address>
         <run_address>0xaa14</run_address>
         <size>0x28</size>
         <input_file_ref idref="fl-7"/>
      </object_component>
      <object_component id="oc-20c">
         <name>.text:rtc_init</name>
         <load_address>0xaa3c</load_address>
         <run_address>0xaa3c</run_address>
         <size>0x28</size>
         <input_file_ref idref="fl-14"/>
      </object_component>
      <object_component id="oc-248">
         <name>.text:MRFI_Sleep</name>
         <load_address>0xaa64</load_address>
         <run_address>0xaa64</run_address>
         <size>0x26</size>
         <input_file_ref idref="fl-e"/>
      </object_component>
      <object_component id="oc-21e">
         <name>.text:Mrfi_DelayUsec</name>
         <load_address>0xaa8a</load_address>
         <run_address>0xaa8a</run_address>
         <size>0x26</size>
         <input_file_ref idref="fl-e"/>
      </object_component>
      <object_component id="oc-229">
         <name>.text:SetVCoreDown</name>
         <load_address>0xaab0</load_address>
         <run_address>0xaab0</run_address>
         <size>0x26</size>
         <input_file_ref idref="fl-17"/>
      </object_component>
      <object_component id="oc-252">
         <name>.text:nwk_connectionControl</name>
         <load_address>0xaad6</load_address>
         <run_address>0xaad6</run_address>
         <size>0x26</size>
         <input_file_ref idref="fl-3"/>
      </object_component>
      <object_component id="oc-237">
         <name>.text:nwk_globalsInit</name>
         <load_address>0xaafc</load_address>
         <run_address>0xaafc</run_address>
         <size>0x26</size>
         <input_file_ref idref="fl-d"/>
      </object_component>
      <object_component id="oc-23c">
         <name>.text:nwk_joinInit</name>
         <load_address>0xab22</load_address>
         <run_address>0xab22</run_address>
         <size>0x26</size>
         <input_file_ref idref="fl-4"/>
      </object_component>
      <object_component id="oc-281">
         <name>.text:nwk_processLink</name>
         <load_address>0xab48</load_address>
         <run_address>0xab48</run_address>
         <size>0x26</size>
         <input_file_ref idref="fl-5"/>
      </object_component>
      <object_component id="oc-28b">
         <name>.text:uart_tx_message</name>
         <load_address>0xab6e</load_address>
         <run_address>0xab6e</run_address>
         <size>0x26</size>
         <input_file_ref idref="fl-15"/>
      </object_component>
      <object_component id="oc-279">
         <name>.text:MRFI_Rssi</name>
         <load_address>0xab94</load_address>
         <run_address>0xab94</run_address>
         <size>0x24</size>
         <input_file_ref idref="fl-e"/>
      </object_component>
      <object_component id="oc-2a2">
         <name>.text:Mrfi_RandomBackoffDelay</name>
         <load_address>0xabb8</load_address>
         <run_address>0xabb8</run_address>
         <size>0x24</size>
         <input_file_ref idref="fl-e"/>
      </object_component>
      <object_component id="oc-21a">
         <name>.text:MRFI_EnableRxAddrFilter</name>
         <load_address>0xabdc</load_address>
         <run_address>0xabdc</run_address>
         <size>0x22</size>
         <input_file_ref idref="fl-e"/>
      </object_component>
      <object_component id="oc-245">
         <name>.text:MRFI_RxOn</name>
         <load_address>0xabfe</load_address>
         <run_address>0xabfe</run_address>
         <size>0x22</size>
         <input_file_ref idref="fl-e"/>
      </object_component>
      <object_component id="oc-216">
         <name>.text:MRFI_WakeUp</name>
         <load_address>0xac20</load_address>
         <run_address>0xac20</run_address>
         <size>0x22</size>
         <input_file_ref idref="fl-e"/>
      </object_component>
      <object_component id="oc-25c">
         <name>.text:memcmp</name>
         <load_address>0xac42</load_address>
         <run_address>0xac42</run_address>
         <size>0x22</size>
         <input_file_ref idref="fl-48"/>
      </object_component>
      <object_component id="oc-236">
         <name>.text</name>
         <load_address>0xac64</load_address>
         <run_address>0xac64</run_address>
         <size>0x22</size>
         <input_file_ref idref="fl-52"/>
      </object_component>
      <object_component id="oc-28a">
         <name>.text:uart_rx_message</name>
         <load_address>0xac86</load_address>
         <run_address>0xac86</run_address>
         <size>0x22</size>
         <input_file_ref idref="fl-15"/>
      </object_component>
      <object_component id="oc-27f">
         <name>.text:uart_tx_message_resume</name>
         <load_address>0xaca8</load_address>
         <run_address>0xaca8</run_address>
         <size>0x22</size>
         <input_file_ref idref="fl-15"/>
      </object_component>
      <object_component id="oc-20b">
         <name>.text:BSP_Init</name>
         <load_address>0xacca</load_address>
         <run_address>0xacca</run_address>
         <size>0x20</size>
         <input_file_ref idref="fl-17"/>
      </object_component>
      <object_component id="oc-206">
         <name>.text:MRFI_RxCompleteISR</name>
         <load_address>0xacea</load_address>
         <run_address>0xacea</run_address>
         <size>0x20</size>
         <input_file_ref idref="fl-c"/>
      </object_component>
      <object_component id="oc-247">
         <name>.text:MRFI_RxIdle</name>
         <load_address>0xad0a</load_address>
         <run_address>0xad0a</run_address>
         <size>0x20</size>
         <input_file_ref idref="fl-e"/>
      </object_component>
      <object_component id="oc-272">
         <name>.text:memmove</name>
         <load_address>0xad2a</load_address>
         <run_address>0xad2a</run_address>
         <size>0x20</size>
         <input_file_ref idref="fl-4a"/>
      </object_component>
      <object_component id="oc-238">
         <name>.text:nwk_frameInit</name>
         <load_address>0xad4a</load_address>
         <run_address>0xad4a</run_address>
         <size>0x20</size>
         <input_file_ref idref="fl-c"/>
      </object_component>
      <object_component id="oc-282">
         <name>.text:nwk_processJoin</name>
         <load_address>0xad6a</load_address>
         <run_address>0xad6a</run_address>
         <size>0x20</size>
         <input_file_ref idref="fl-4"/>
      </object_component>
      <object_component id="oc-233">
         <name>.text:MRFI_SetRFPwr</name>
         <load_address>0xad8a</load_address>
         <run_address>0xad8a</run_address>
         <size>0x1e</size>
         <input_file_ref idref="fl-e"/>
      </object_component>
      <object_component id="oc-264">
         <name>.text:SPI_FLASH_BulkErase</name>
         <load_address>0xada8</load_address>
         <run_address>0xada8</run_address>
         <size>0x1e</size>
         <input_file_ref idref="fl-1a"/>
      </object_component>
      <object_component id="oc-28e">
         <name>.text:SPI_FLASH_WaitForWriteEnd</name>
         <load_address>0xadc6</load_address>
         <run_address>0xadc6</run_address>
         <size>0x1e</size>
         <input_file_ref idref="fl-1a"/>
      </object_component>
      <object_component id="oc-239">
         <name>.text:nwk_QInit</name>
         <load_address>0xade4</load_address>
         <run_address>0xade4</run_address>
         <size>0x1e</size>
         <input_file_ref idref="fl-a"/>
      </object_component>
      <object_component id="oc-1f9">
         <name>.text:sCB</name>
         <load_address>0xae02</load_address>
         <run_address>0xae02</run_address>
         <size>0x1e</size>
         <input_file_ref idref="fl-1b"/>
      </object_component>
      <object_component id="oc-208">
         <name>.text:uart_tx_message_suspend</name>
         <load_address>0xae20</load_address>
         <run_address>0xae20</run_address>
         <size>0x1e</size>
         <input_file_ref idref="fl-15"/>
      </object_component>
      <object_component id="oc-1f8">
         <name>.text:node_init</name>
         <load_address>0xae3e</load_address>
         <run_address>0xae3e</run_address>
         <size>0x1c</size>
         <input_file_ref idref="fl-1f"/>
      </object_component>
      <object_component id="oc-217">
         <name>.text:nwk_setChannel</name>
         <load_address>0xae5a</load_address>
         <run_address>0xae5a</run_address>
         <size>0x1c</size>
         <input_file_ref idref="fl-2"/>
      </object_component>
      <object_component id="oc-278">
         <name>.text:nwk_setMyAddress</name>
         <load_address>0xae76</load_address>
         <run_address>0xae76</run_address>
         <size>0x1c</size>
         <input_file_ref idref="fl-d"/>
      </object_component>
      <object_component id="oc-265">
         <name>.text:rtc_setTimeOffset</name>
         <load_address>0xae92</load_address>
         <run_address>0xae92</run_address>
         <size>0x1c</size>
         <input_file_ref idref="fl-14"/>
      </object_component>
      <object_component id="oc-22b">
         <name>.text:BSP_InitDrivers</name>
         <load_address>0xaeae</load_address>
         <run_address>0xaeae</run_address>
         <size>0x1a</size>
         <input_file_ref idref="fl-17"/>
      </object_component>
      <object_component id="oc-25f">
         <name>.text:BSP_InitLeds</name>
         <load_address>0xaec8</load_address>
         <run_address>0xaec8</run_address>
         <size>0x1a</size>
         <input_file_ref idref="fl-17"/>
      </object_component>
      <object_component id="oc-82">
         <name>.text:_isr:_c_int00_noargs_noexit</name>
         <load_address>0xaee2</load_address>
         <run_address>0xaee2</run_address>
         <size>0x1a</size>
         <input_file_ref idref="fl-28"/>
      </object_component>
      <object_component id="oc-22c">
         <name>.text:init_p20</name>
         <load_address>0xaefc</load_address>
         <run_address>0xaefc</run_address>
         <size>0x1a</size>
         <input_file_ref idref="fl-13"/>
      </object_component>
      <object_component id="oc-210">
         <name>.text:tmpsnr_registerMsgProcessor</name>
         <load_address>0xaf16</load_address>
         <run_address>0xaf16</run_address>
         <size>0x1a</size>
         <input_file_ref idref="fl-1d"/>
      </object_component>
      <object_component id="oc-1ec">
         <name>.text:uart_rx_irq</name>
         <load_address>0xaf30</load_address>
         <run_address>0xaf30</run_address>
         <size>0x1a</size>
         <input_file_ref idref="fl-15"/>
      </object_component>
      <object_component id="oc-1fd">
         <name>.text:MRFI_DelayMs</name>
         <load_address>0xaf4a</load_address>
         <run_address>0xaf4a</run_address>
         <size>0x18</size>
         <input_file_ref idref="fl-e"/>
      </object_component>
      <object_component id="oc-259">
         <name>.text:tx_peek</name>
         <load_address>0xaf62</load_address>
         <run_address>0xaf62</run_address>
         <size>0x18</size>
         <input_file_ref idref="fl-16"/>
      </object_component>
      <object_component id="oc-28c">
         <name>.text:ExtenalFlash_Write_Enable</name>
         <load_address>0xaf7a</load_address>
         <run_address>0xaf7a</run_address>
         <size>0x16</size>
         <input_file_ref idref="fl-1a"/>
      </object_component>
      <object_component id="oc-26f">
         <name>.text:MRFI_RandomByte</name>
         <load_address>0xaf90</load_address>
         <run_address>0xaf90</run_address>
         <size>0x16</size>
         <input_file_ref idref="fl-e"/>
      </object_component>
      <object_component id="oc-26d">
         <name>.text:Mrfi_RxModeOn</name>
         <load_address>0xafa6</load_address>
         <run_address>0xafa6</run_address>
         <size>0x16</size>
         <input_file_ref idref="fl-e"/>
      </object_component>
      <object_component id="oc-23a">
         <name>.text:nwk_freqInit</name>
         <load_address>0xafbc</load_address>
         <run_address>0xafbc</run_address>
         <size>0x16</size>
         <input_file_ref idref="fl-2"/>
      </object_component>
      <object_component id="oc-170">
         <name>.text</name>
         <load_address>0xafd2</load_address>
         <run_address>0xafd2</run_address>
         <size>0x16</size>
         <input_file_ref idref="fl-2e"/>
      </object_component>
      <object_component id="oc-1ff">
         <name>.text</name>
         <load_address>0xafe8</load_address>
         <run_address>0xafe8</run_address>
         <size>0x16</size>
         <input_file_ref idref="fl-4f"/>
      </object_component>
      <object_component id="oc-2a0">
         <name>.text:SPI_Read_Data</name>
         <load_address>0xaffe</load_address>
         <run_address>0xaffe</run_address>
         <size>0x14</size>
         <input_file_ref idref="fl-1a"/>
      </object_component>
      <object_component id="oc-28d">
         <name>.text:SPI_Send_Data</name>
         <load_address>0xb012</load_address>
         <run_address>0xb012</run_address>
         <size>0x14</size>
         <input_file_ref idref="fl-1a"/>
      </object_component>
      <object_component id="oc-24c">
         <name>.text:ioctlPreInitAccessIsOK</name>
         <load_address>0xb026</load_address>
         <run_address>0xb026</run_address>
         <size>0x14</size>
         <input_file_ref idref="fl-b"/>
      </object_component>
      <object_component id="oc-203">
         <name>.text:memset</name>
         <load_address>0xb03a</load_address>
         <run_address>0xb03a</run_address>
         <size>0x14</size>
         <input_file_ref idref="fl-4b"/>
      </object_component>
      <object_component id="oc-292">
         <name>.text:rtc_getTimeOffset</name>
         <load_address>0xb04e</load_address>
         <run_address>0xb04e</run_address>
         <size>0x14</size>
         <input_file_ref idref="fl-14"/>
      </object_component>
      <object_component id="oc-20f">
         <name>.text:soft_initTimers</name>
         <load_address>0xb062</load_address>
         <run_address>0xb062</run_address>
         <size>0x14</size>
         <input_file_ref idref="fl-f"/>
      </object_component>
      <object_component id="oc-1df">
         <name>.text:_isr:PORT2_ISR</name>
         <load_address>0xb076</load_address>
         <run_address>0xb076</run_address>
         <size>0x12</size>
         <input_file_ref idref="fl-13"/>
      </object_component>
      <object_component id="oc-1e2">
         <name>.text:_system_pre_init</name>
         <load_address>0xb088</load_address>
         <run_address>0xb088</run_address>
         <size>0x12</size>
         <input_file_ref idref="fl-17"/>
      </object_component>
      <object_component id="oc-2a7">
         <name>.text:change_channel_cmd</name>
         <load_address>0xb09a</load_address>
         <run_address>0xb09a</run_address>
         <size>0x12</size>
         <input_file_ref idref="fl-2"/>
      </object_component>
      <object_component id="oc-1ef">
         <name>.text:memcpy</name>
         <load_address>0xb0ac</load_address>
         <run_address>0xb0ac</run_address>
         <size>0x12</size>
         <input_file_ref idref="fl-49"/>
      </object_component>
      <object_component id="oc-24e">
         <name>.text:nwk_getJoinToken</name>
         <load_address>0xb0be</load_address>
         <run_address>0xb0be</run_address>
         <size>0x12</size>
         <input_file_ref idref="fl-4"/>
      </object_component>
      <object_component id="oc-24d">
         <name>.text:nwk_getLinkToken</name>
         <load_address>0xb0d0</load_address>
         <run_address>0xb0d0</run_address>
         <size>0x12</size>
         <input_file_ref idref="fl-5"/>
      </object_component>
      <object_component id="oc-218">
         <name>.text:nwk_getMyAddress</name>
         <load_address>0xb0e2</load_address>
         <run_address>0xb0e2</run_address>
         <size>0x12</size>
         <input_file_ref idref="fl-d"/>
      </object_component>
      <object_component id="oc-24f">
         <name>.text:nwk_setJoinToken</name>
         <load_address>0xb0f4</load_address>
         <run_address>0xb0f4</run_address>
         <size>0x12</size>
         <input_file_ref idref="fl-4"/>
      </object_component>
      <object_component id="oc-249">
         <name>.text:nwk_setLinkToken</name>
         <load_address>0xb106</load_address>
         <run_address>0xb106</run_address>
         <size>0x12</size>
         <input_file_ref idref="fl-5"/>
      </object_component>
      <object_component id="oc-22d">
         <name>.text:tmpsnr_processSyncReq</name>
         <load_address>0xb118</load_address>
         <run_address>0xb118</run_address>
         <size>0x12</size>
         <input_file_ref idref="fl-1d"/>
      </object_component>
      <object_component id="oc-22f">
         <name>.text:tmpsnr_processTmpData</name>
         <load_address>0xb12a</load_address>
         <run_address>0xb12a</run_address>
         <size>0x12</size>
         <input_file_ref idref="fl-1d"/>
      </object_component>
      <object_component id="oc-211">
         <name>.text:tmpsnr_task_addDevice</name>
         <load_address>0xb13c</load_address>
         <run_address>0xb13c</run_address>
         <size>0x12</size>
         <input_file_ref idref="fl-1d"/>
      </object_component>
      <object_component id="oc-268">
         <name>.text:tmpsnr_task_sleep</name>
         <load_address>0xb14e</load_address>
         <run_address>0xb14e</run_address>
         <size>0x12</size>
         <input_file_ref idref="fl-1d"/>
      </object_component>
      <object_component id="oc-22a">
         <name>.text:BSP_InitBoard</name>
         <load_address>0xb160</load_address>
         <run_address>0xb160</run_address>
         <size>0x10</size>
         <input_file_ref idref="fl-17"/>
      </object_component>
      <object_component id="oc-235">
         <name>.text:l_asr</name>
         <load_address>0xb170</load_address>
         <run_address>0xb170</run_address>
         <size>0x10</size>
         <input_file_ref idref="fl-26"/>
      </object_component>
      <object_component id="oc-260">
         <name>.text:BSP_InitButtons</name>
         <load_address>0xb180</load_address>
         <run_address>0xb180</run_address>
         <size>0xe</size>
         <input_file_ref idref="fl-17"/>
      </object_component>
      <object_component id="oc-225">
         <name>.text:MRFI_Receive</name>
         <load_address>0xb18e</load_address>
         <run_address>0xb18e</run_address>
         <size>0xe</size>
         <input_file_ref idref="fl-e"/>
      </object_component>
      <object_component id="oc-27c">
         <name>.text:buffer_free_space</name>
         <load_address>0xb19c</load_address>
         <run_address>0xb19c</run_address>
         <size>0xe</size>
         <input_file_ref idref="fl-16"/>
      </object_component>
      <object_component id="oc-2aa">
         <name>.text:nwk_getNumObjectFromMsg</name>
         <load_address>0xb1aa</load_address>
         <run_address>0xb1aa</run_address>
         <size>0xe</size>
         <input_file_ref idref="fl-9"/>
      </object_component>
      <object_component id="oc-24a">
         <name>.text:nwk_setAPAddress</name>
         <load_address>0xb1b8</load_address>
         <run_address>0xb1b8</run_address>
         <size>0xe</size>
         <input_file_ref idref="fl-d"/>
      </object_component>
      <object_component id="oc-287">
         <name>.text:MRFI_PostKillSem</name>
         <load_address>0xb1c6</load_address>
         <run_address>0xb1c6</run_address>
         <size>0xc</size>
         <input_file_ref idref="fl-e"/>
      </object_component>
      <object_component id="oc-299">
         <name>.text:buffer_used_space</name>
         <load_address>0xb1d2</load_address>
         <run_address>0xb1d2</run_address>
         <size>0xc</size>
         <input_file_ref idref="fl-16"/>
      </object_component>
      <object_component id="oc-29c">
         <name>.text:handlePingRequest</name>
         <load_address>0xb1de</load_address>
         <run_address>0xb1de</run_address>
         <size>0xc</size>
         <input_file_ref idref="fl-7"/>
      </object_component>
      <object_component id="oc-291">
         <name>.text:tmpsnr_tmr_sleepISR</name>
         <load_address>0xb1ea</load_address>
         <run_address>0xb1ea</run_address>
         <size>0xc</size>
         <input_file_ref idref="fl-1d"/>
      </object_component>
      <object_component id="oc-1ed">
         <name>.text:Bsp_SetVCore</name>
         <load_address>0xb1f6</load_address>
         <run_address>0xb1f6</run_address>
         <size>0xa</size>
         <input_file_ref idref="fl-17"/>
      </object_component>
      <object_component id="oc-262">
         <name>.text:Si705x_Init</name>
         <load_address>0xb200</load_address>
         <run_address>0xb200</run_address>
         <size>0xa</size>
         <input_file_ref idref="fl-18"/>
      </object_component>
      <object_component id="oc-28f">
         <name>.text:lpw_exitSleep</name>
         <load_address>0xb20a</load_address>
         <run_address>0xb20a</run_address>
         <size>0xa</size>
         <input_file_ref idref="fl-12"/>
      </object_component>
      <object_component id="oc-23d">
         <name>.text:nwk_mgmtInit</name>
         <load_address>0xb214</load_address>
         <run_address>0xb214</run_address>
         <size>0xa</size>
         <input_file_ref idref="fl-6"/>
      </object_component>
      <object_component id="oc-23b">
         <name>.text:nwk_pingInit</name>
         <load_address>0xb21e</load_address>
         <run_address>0xb21e</run_address>
         <size>0xa</size>
         <input_file_ref idref="fl-7"/>
      </object_component>
      <object_component id="oc-294">
         <name>.text:lpw_enterSleep</name>
         <load_address>0xb228</load_address>
         <run_address>0xb228</run_address>
         <size>0x8</size>
         <input_file_ref idref="fl-12"/>
      </object_component>
      <object_component id="oc-270">
         <name>.text:nwk_getChannel</name>
         <load_address>0xb230</load_address>
         <run_address>0xb230</run_address>
         <size>0x8</size>
         <input_file_ref idref="fl-2"/>
      </object_component>
      <object_component id="oc-241">
         <name>.text:MRFI_GetRadioState</name>
         <load_address>0xb238</load_address>
         <run_address>0xb238</run_address>
         <size>0x6</size>
         <input_file_ref idref="fl-e"/>
      </object_component>
      <object_component id="oc-21c">
         <name>.text:SMPL_Link</name>
         <load_address>0xb23e</load_address>
         <run_address>0xb23e</run_address>
         <size>0x6</size>
         <input_file_ref idref="fl-b"/>
      </object_component>
      <object_component id="oc-186">
         <name>.text:_isr:__TI_ISR_TRAP</name>
         <load_address>0xb244</load_address>
         <run_address>0xb244</run_address>
         <size>0x6</size>
         <input_file_ref idref="fl-45"/>
      </object_component>
      <object_component id="oc-20d">
         <name>.text:lpw_init</name>
         <load_address>0xb24a</load_address>
         <run_address>0xb24a</run_address>
         <size>0x6</size>
         <input_file_ref idref="fl-12"/>
      </object_component>
      <object_component id="oc-276">
         <name>.text:nwk_freeConnection</name>
         <load_address>0xb250</load_address>
         <run_address>0xb250</run_address>
         <size>0x6</size>
         <input_file_ref idref="fl-9"/>
      </object_component>
      <object_component id="oc-240">
         <name>.text:nwk_getBCastAddress</name>
         <load_address>0xb256</load_address>
         <run_address>0xb256</run_address>
         <size>0x6</size>
         <input_file_ref idref="fl-d"/>
      </object_component>
      <object_component id="oc-250">
         <name>.text:nwk_getFWVersion</name>
         <load_address>0xb25c</load_address>
         <run_address>0xb25c</run_address>
         <size>0x6</size>
         <input_file_ref idref="fl-d"/>
      </object_component>
      <object_component id="oc-277">
         <name>.text:nwk_getMyRxType</name>
         <load_address>0xb262</load_address>
         <run_address>0xb262</run_address>
         <size>0x6</size>
         <input_file_ref idref="fl-c"/>
      </object_component>
      <object_component id="oc-244">
         <name>.text:nwk_getProtocolVersion</name>
         <load_address>0xb268</load_address>
         <run_address>0xb268</run_address>
         <size>0x6</size>
         <input_file_ref idref="fl-d"/>
      </object_component>
      <object_component id="oc-1e8">
         <name>.text:abort</name>
         <load_address>0xb26e</load_address>
         <run_address>0xb26e</run_address>
         <size>0x4</size>
         <input_file_ref idref="fl-31"/>
      </object_component>
      <object_component id="oc-251">
         <name>.text:nwk_NVObj</name>
         <load_address>0xb272</load_address>
         <run_address>0xb272</run_address>
         <size>0x4</size>
         <input_file_ref idref="fl-9"/>
      </object_component>
      <object_component id="oc-283">
         <name>.text:nwk_processSecurity</name>
         <load_address>0xb276</load_address>
         <run_address>0xb276</run_address>
         <size>0x4</size>
         <input_file_ref idref="fl-8"/>
      </object_component>
      <object_component id="oc-2a8">
         <name>.text:send_ping_reply</name>
         <load_address>0xb27a</load_address>
         <run_address>0xb27a</run_address>
         <size>0x4</size>
         <input_file_ref idref="fl-2"/>
      </object_component>
      <object_component id="oc-29f">
         <name>.text:uart_rx_message_suspend</name>
         <load_address>0xb27e</load_address>
         <run_address>0xb27e</run_address>
         <size>0x4</size>
         <input_file_ref idref="fl-15"/>
      </object_component>
      <object_component id="oc-23f">
         <name>.text:nwk_securityInit</name>
         <load_address>0xb282</load_address>
         <run_address>0xb282</run_address>
         <size>0x2</size>
         <input_file_ref idref="fl-8"/>
      </object_component>
      <object_component id="oc-da">
         <name>.cinit</name>
         <load_address>0xb570</load_address>
         <run_address>0xb570</run_address>
         <size>0x4d</size>
         <input_file_ref idref="fl-e"/>
      </object_component>
      <object_component id="oc-cb">
         <name>.cinit</name>
         <load_address>0xb5be</load_address>
         <run_address>0xb5be</run_address>
         <size>0x20</size>
         <input_file_ref idref="fl-c"/>
      </object_component>
      <object_component id="oc-9d">
         <name>.cinit</name>
         <load_address>0xb5de</load_address>
         <run_address>0xb5de</run_address>
         <size>0x19</size>
         <input_file_ref idref="fl-5"/>
      </object_component>
      <object_component id="oc-10d">
         <name>.cinit</name>
         <load_address>0xb5f8</load_address>
         <run_address>0xb5f8</run_address>
         <size>0x18</size>
         <input_file_ref idref="fl-16"/>
      </object_component>
      <object_component id="oc-96">
         <name>.cinit</name>
         <load_address>0xb610</load_address>
         <run_address>0xb610</run_address>
         <size>0x15</size>
         <input_file_ref idref="fl-4"/>
      </object_component>
      <object_component id="oc-106">
         <name>.cinit</name>
         <load_address>0xb626</load_address>
         <run_address>0xb626</run_address>
         <size>0x15</size>
         <input_file_ref idref="fl-15"/>
      </object_component>
      <object_component id="oc-ff">
         <name>.cinit</name>
         <load_address>0xb63c</load_address>
         <run_address>0xb63c</run_address>
         <size>0x10</size>
         <input_file_ref idref="fl-14"/>
      </object_component>
      <object_component id="oc-a4">
         <name>.cinit</name>
         <load_address>0xb64c</load_address>
         <run_address>0xb64c</run_address>
         <size>0xb</size>
         <input_file_ref idref="fl-6"/>
      </object_component>
      <object_component id="oc-130">
         <name>.cinit</name>
         <load_address>0xb658</load_address>
         <run_address>0xb658</run_address>
         <size>0xb</size>
         <input_file_ref idref="fl-1c"/>
      </object_component>
      <object_component id="oc-141">
         <name>.cinit</name>
         <load_address>0xb664</load_address>
         <run_address>0xb664</run_address>
         <size>0x8</size>
         <input_file_ref idref="fl-1e"/>
      </object_component>
      <object_component id="oc-ed">
         <name>.cinit</name>
         <load_address>0xb66c</load_address>
         <run_address>0xb66c</run_address>
         <size>0x6</size>
         <input_file_ref idref="fl-11"/>
      </object_component>
      <object_component id="oc-128">
         <name>.cinit</name>
         <load_address>0xb672</load_address>
         <run_address>0xb672</run_address>
         <size>0x5</size>
         <input_file_ref idref="fl-1b"/>
      </object_component>
      <object_component id="oc-b7">
         <name>.cinit</name>
         <load_address>0xb678</load_address>
         <run_address>0xb678</run_address>
         <size>0x5</size>
         <input_file_ref idref="fl-9"/>
      </object_component>
      <object_component id="oc-c4">
         <name>.cinit</name>
         <load_address>0xb67e</load_address>
         <run_address>0xb67e</run_address>
         <size>0x5</size>
         <input_file_ref idref="fl-b"/>
      </object_component>
      <object_component id="oc-8a">
         <name>.cinit</name>
         <load_address>0xb684</load_address>
         <run_address>0xb684</run_address>
         <size>0x5</size>
         <input_file_ref idref="fl-2"/>
      </object_component>
      <object_component id="oc-d2">
         <name>.cinit</name>
         <load_address>0xb68a</load_address>
         <run_address>0xb68a</run_address>
         <size>0x5</size>
         <input_file_ref idref="fl-d"/>
      </object_component>
      <object_component id="oc-ab">
         <name>.cinit</name>
         <load_address>0xb690</load_address>
         <run_address>0xb690</run_address>
         <size>0x5</size>
         <input_file_ref idref="fl-7"/>
      </object_component>
      <object_component id="oc-13a">
         <name>.const:.string</name>
         <load_address>0xb284</load_address>
         <run_address>0xb284</run_address>
         <size>0x12e</size>
         <input_file_ref idref="fl-1d"/>
      </object_component>
      <object_component id="oc-132">
         <name>.const:.string</name>
         <load_address>0xb3b2</load_address>
         <run_address>0xb3b2</run_address>
         <size>0xa0</size>
         <input_file_ref idref="fl-1c"/>
      </object_component>
      <object_component id="oc-129">
         <name>.const:.string</name>
         <load_address>0xb452</load_address>
         <run_address>0xb452</run_address>
         <size>0x42</size>
         <input_file_ref idref="fl-1b"/>
      </object_component>
      <object_component id="oc-231">
         <name>.const:mrfiRadioCfg</name>
         <load_address>0xb494</load_address>
         <run_address>0xb494</run_address>
         <size>0x40</size>
         <input_file_ref idref="fl-e"/>
      </object_component>
      <object_component id="oc-131">
         <name>.const</name>
         <load_address>0xb4d4</load_address>
         <run_address>0xb4d4</run_address>
         <size>0x34</size>
         <input_file_ref idref="fl-1c"/>
      </object_component>
[...]
      <symbol id="sm-6fd">
         <name>post_task</name>
         <value>0x917a</value>
         <object_component_ref idref="oc-212"/>
      </symbol>
      <symbol id="sm-6fe">
         <name>task_scheduler</name>
         <value>0x93a4</value>
         <object_component_ref idref="oc-1fc"/>
      </symbol>
      <symbol id="sm-73b">
         <name>my_utoa</name>
         <value>0x923e</value>
         <object_component_ref idref="oc-220"/>
      </symbol>
      <symbol id="sm-73c">
         <name>my_itoa</name>
         <value>0x8f06</value>
         <object_component_ref idref="oc-221"/>
      </symbol>
      <symbol id="sm-73d">
         <name>log</name>
         <value>0x837a</value>
         <object_component_ref idref="oc-1fe"/>
      </symbol>
      <symbol id="sm-74d">
         <name>lpw_enterSleep</name>
         <value>0xb228</value>
         <object_component_ref idref="oc-294"/>
      </symbol>
      <symbol id="sm-74e">
         <name>lpw_init</name>
         <value>0xb24a</value>
         <object_component_ref idref="oc-20d"/>
      </symbol>
      <symbol id="sm-74f">
         <name>lpw_exitSleep</name>
         <value>0xb20a</value>
         <object_component_ref idref="oc-28f"/>
      </symbol>
      <symbol id="sm-760">
         <name>init_p20</name>
         <value>0xaefc</value>
         <object_component_ref idref="oc-22c"/>
      </symbol>
      <symbol id="sm-761">
         <name>__TI_int48</name>
         <value>0xffe0</value>
         <object_component_ref idref="oc-6e"/>
      </symbol>
      <symbol id="sm-762">
         <name>PORT2_ISR</name>
         <value>0xb076</value>
         <object_component_ref idref="oc-1df"/>
      </symbol>
      <symbol id="sm-77e">
         <name>__TI_int46</name>
         <value>0xffdc</value>
         <object_component_ref idref="oc-6c"/>
      </symbol>
      <symbol id="sm-77f">
         <name>rtc_getTimeOffset</name>
         <value>0xb04e</value>
         <object_component_ref idref="oc-292"/>
      </symbol>
      <symbol id="sm-780">
         <name>rtc_setTimeOffset</name>
         <value>0xae92</value>
         <object_component_ref idref="oc-265"/>
      </symbol>
      <symbol id="sm-781">
         <name>rtc_init</name>
         <value>0xaa3c</value>
         <object_component_ref idref="oc-20c"/>
      </symbol>
      <symbol id="sm-782">
         <name>RTC_ISR</name>
         <value>0xa058</value>
         <object_component_ref idref="oc-1de"/>
      </symbol>
      <symbol id="sm-7b7">
         <name>uart_rx_tx_enter_irq</name>
         <value>0xa912</value>
         <object_component_ref idref="oc-1e1"/>
      </symbol>
      <symbol id="sm-7b8">
         <name>__TI_int58</name>
         <value>0xfff4</value>
         <object_component_ref idref="oc-78"/>
      </symbol>
      <symbol id="sm-7b9">
         <name>uart_rx_message_suspend</name>
         <value>0xb27e</value>
         <object_component_ref idref="oc-29f"/>
      </symbol>
      <symbol id="sm-7ba">
         <name>uart_tx_message</name>
         <value>0xab6e</value>
         <object_component_ref idref="oc-28b"/>
      </symbol>
      <symbol id="sm-7bb">
         <name>uart_rx_message</name>
         <value>0xac86</value>
         <object_component_ref idref="oc-28a"/>
      </symbol>
      <symbol id="sm-7bc">
         <name>uart_tx_message_resume</name>
         <value>0xaca8</value>
         <object_component_ref idref="oc-27f"/>
      </symbol>
      <symbol id="sm-7bd">
         <name>uart_init</name>
         <value>0x94f4</value>
         <object_component_ref idref="oc-288"/>
      </symbol>
      <symbol id="sm-7be">
         <name>uart_tx_message_suspend</name>
         <value>0xae20</value>
         <object_component_ref idref="oc-208"/>
      </symbol>
      <symbol id="sm-7fd">
         <name>tx_peek</name>
         <value>0xaf62</value>
         <object_component_ref idref="oc-259"/>
      </symbol>
      <symbol id="sm-7fe">
         <name>tx_send_wait</name>
         <value>0xa3dc</value>
         <object_component_ref idref="oc-222"/>
      </symbol>
      <symbol id="sm-7ff">
         <name>tx_send</name>
         <value>0xa3a0</value>
         <object_component_ref idref="oc-25a"/>
      </symbol>
      <symbol id="sm-800">
         <name>tx_handler</name>
         <value>0xa830</value>
         <object_component_ref idref="oc-27e"/>
      </symbol>
      <symbol id="sm-801">
         <name>rx_handler</name>
         <value>0x9c64</value>
         <object_component_ref idref="oc-289"/>
      </symbol>
      <symbol id="sm-802">
         <name>uart_intfc_init</name>
         <value>0xa500</value>
         <object_component_ref idref="oc-261"/>
      </symbol>
      <symbol id="sm-838">
         <name>BSP_Init</name>
         <value>0xacca</value>
         <object_component_ref idref="oc-20b"/>
      </symbol>
      <symbol id="sm-839">
         <name>BSP_InitButtons</name>
         <value>0xb180</value>
         <object_component_ref idref="oc-260"/>
      </symbol>
      <symbol id="sm-83a">
         <name>BSP_InitBoard</name>
         <value>0xb160</value>
         <object_component_ref idref="oc-22a"/>
      </symbol>
      <symbol id="sm-83b">
         <name>BSP_InitLeds</name>
         <value>0xaec8</value>
         <object_component_ref idref="oc-25f"/>
      </symbol>
      <symbol id="sm-83c">
         <name>BSP_Delay</name>
         <value>0xa538</value>
         <object_component_ref idref="oc-258"/>
      </symbol>
      <symbol id="sm-83d">
         <name>BSP_InitDrivers</name>
         <value>0xaeae</value>
         <object_component_ref idref="oc-22b"/>
      </symbol>
      <symbol id="sm-83e">
         <name>_system_pre_init</name>
         <value>0xb088</value>
         <object_component_ref idref="oc-1e2"/>
      </symbol>
      <symbol id="sm-84a">
         <name>Si705x_Init</name>
         <value>0xb200</value>
         <object_component_ref idref="oc-262"/>
      </symbol>
      <symbol id="sm-86c">
         <name>SPI_FLASH_Init</name>
         <value>0x9f82</value>
         <object_component_ref idref="oc-263"/>
      </symbol>
      <symbol id="sm-86d">
         <name>SPI_Send_Data</name>
         <value>0xb012</value>
         <object_component_ref idref="oc-28d"/>
      </symbol>
      <symbol id="sm-86e">
         <name>SPI_Read_Data</name>
         <value>0xaffe</value>
         <object_component_ref idref="oc-2a0"/>
      </symbol>
      <symbol id="sm-86f">
         <name>ExtenalFlash_Write_Enable</name>
         <value>0xaf7a</value>
         <object_component_ref idref="oc-28c"/>
      </symbol>
      <symbol id="sm-870">
         <name>SPI_FLASH_BulkErase</name>
         <value>0xada8</value>
         <object_component_ref idref="oc-264"/>
      </symbol>
      <symbol id="sm-871">
         <name>SPI_FLASH_WaitForWriteEnd</name>
         <value>0xadc6</value>
         <object_component_ref idref="oc-28e"/>
      </symbol>
      <symbol id="sm-894">
         <name>main</name>
         <value>0x9eee</value>
         <object_component_ref idref="oc-1e7"/>
      </symbol>
      <symbol id="sm-8e3">
         <name>tmpsnr_registerMsgProcessor</name>
         <value>0xaf16</value>
         <object_component_ref idref="oc-210"/>
      </symbol>
      <symbol id="sm-8e4">
         <name>tmpsnr_tmr_sleepISR</name>
         <value>0xb1ea</value>
         <object_component_ref idref="oc-291"/>
      </symbol>
      <symbol id="sm-8e5">
         <name>tmpsnr_task_readFrame</name>
         <value>0x96d0</value>
         <object_component_ref idref="oc-213"/>
      </symbol>
      <symbol id="sm-8e6">
         <name>tmpsnr_task_mytask</name>
         <value>0xa4c6</value>
         <object_component_ref idref="oc-290"/>
      </symbol>
      <symbol id="sm-8e7">
         <name>tmpsnr_task_addDevice</name>
         <value>0xb13c</value>
         <object_component_ref idref="oc-211"/>
      </symbol>
      <symbol id="sm-8e8">
         <name>tmpsnr_processSyncRep</name>
         <value>0x878a</value>
         <object_component_ref idref="oc-22e"/>
      </symbol>
      <symbol id="sm-8e9">
         <name>tmpsnr_processSyncReq</name>
         <value>0xb118</value>
         <object_component_ref idref="oc-22d"/>
      </symbol>
      <symbol id="sm-8ea">
         <name>tmpsnr_tmr_awakeISR</name>
         <value>0xa22c</value>
         <object_component_ref idref="oc-266"/>
      </symbol>
      <symbol id="sm-8eb">
         <name>tmpsnr_processTmpData</name>
         <value>0xb12a</value>
         <object_component_ref idref="oc-22f"/>
      </symbol>
      <symbol id="sm-8ec">
         <name>tmpsnr_task_sleep</name>
         <value>0xb14e</value>
         <object_component_ref idref="oc-268"/>
      </symbol>
      <symbol id="sm-8f6">
         <name>gNextWkup</name>
         <value>0x2212</value>
         <object_component_ref idref="oc-13f"/>
      </symbol>
      <symbol id="sm-902">
         <name>node_init</name>
         <value>0xae3e</value>
         <object_component_ref idref="oc-1f8"/>
      </symbol>
      <symbol id="sm-910">
         <name>L_ASR</name>
         <value>0xb170</value>
         <object_component_ref idref="oc-235"/>
      </symbol>
      <symbol id="sm-91f">
         <name>_stack</name>
         <value>0x23ac</value>
         <object_component_ref idref="oc-14d"/>
      </symbol>
      <symbol id="sm-920">
         <name>_reset_vector</name>
         <value>0xfffe</value>
         <object_component_ref idref="oc-14e"/>
      </symbol>
      <symbol id="sm-92e">
         <name>_c_int00_noargs_noexit</name>
         <value>0xaee2</value>
         <object_component_ref idref="oc-82"/>
      </symbol>
      <symbol id="sm-962">
         <name>__remi</name>
         <value>0xa96a</value>
         <object_component_ref idref="oc-16b"/>
      </symbol>
      <symbol id="sm-963">
         <name>__divi</name>
         <value>0xa96a</value>
         <object_component_ref idref="oc-16b"/>
      </symbol>
      <symbol id="sm-971">
         <name>__remu</name>
         <value>0xafd2</value>
         <object_component_ref idref="oc-170"/>
      </symbol>
      <symbol id="sm-972">
         <name>__divu</name>
         <value>0xafd2</value>
         <object_component_ref idref="oc-170"/>
      </symbol>
      <symbol id="sm-983">
         <name>__remli</name>
         <value>0xa1ec</value>
         <object_component_ref idref="oc-175"/>
      </symbol>
      <symbol id="sm-984">
         <name>__divli</name>
         <value>0xa1ec</value>
         <object_component_ref idref="oc-175"/>
      </symbol>
      <symbol id="sm-997">
         <name>__divul</name>
         <value>0x9c0c</value>
         <object_component_ref idref="oc-17a"/>
      </symbol>
      <symbol id="sm-998">
         <name>__remul</name>
         <value>0x9c0c</value>
         <object_component_ref idref="oc-17a"/>
      </symbol>
      <symbol id="sm-9a6">
         <name>C$$EXIT</name>
         <value>0xb26e</value>
         <object_component_ref idref="oc-1e8"/>
      </symbol>
      <symbol id="sm-9a7">
         <name>abort</name>
         <value>0xb26e</value>
         <object_component_ref idref="oc-1e8"/>
      </symbol>
      <symbol id="sm-9b0">
         <name>__TI_int41</name>
         <value>0xffd2</value>
         <object_component_ref idref="oc-67"/>
      </symbol>
      <symbol id="sm-9b4">
         <name>__TI_int42</name>
         <value>0xffd4</value>
         <object_component_ref idref="oc-68"/>
      </symbol>
      <symbol id="sm-9b8">
         <name>__TI_int43</name>
         <value>0xffd6</value>
         <object_component_ref idref="oc-69"/>
      </symbol>
      <symbol id="sm-9bc">
         <name>__TI_int44</name>
         <value>0xffd8</value>
         <object_component_ref idref="oc-6a"/>
      </symbol>
      <symbol id="sm-9c0">
         <name>__TI_int45</name>
         <value>0xffda</value>
         <object_component_ref idref="oc-6b"/>
      </symbol>
      <symbol id="sm-9c4">
         <name>__TI_int47</name>
         <value>0xffde</value>
         <object_component_ref idref="oc-6d"/>
      </symbol>
      <symbol id="sm-9c8">
         <name>__TI_int49</name>
         <value>0xffe2</value>
         <object_component_ref idref="oc-6f"/>
      </symbol>
      <symbol id="sm-9cc">
         <name>__TI_int50</name>
         <value>0xffe4</value>
         <object_component_ref idref="oc-70"/>
      </symbol>
      <symbol id="sm-9d0">
         <name>__TI_int51</name>
         <value>0xffe6</value>
         <object_component_ref idref="oc-71"/>
      </symbol>
      <symbol id="sm-9d4">
         <name>__TI_int52</name>
         <value>0xffe8</value>
         <object_component_ref idref="oc-72"/>
      </symbol>
      <symbol id="sm-9d8">
         <name>__TI_int54</name>
         <value>0xffec</value>
         <object_component_ref idref="oc-74"/>
      </symbol>
      <symbol id="sm-9dc">
         <name>__TI_int55</name>
         <value>0xffee</value>
         <object_component_ref idref="oc-75"/>
      </symbol>
      <symbol id="sm-9e0">
         <name>__TI_int56</name>
         <value>0xfff0</value>
         <object_component_ref idref="oc-76"/>
      </symbol>
      <symbol id="sm-9e4">
         <name>__TI_int57</name>
         <value>0xfff2</value>
         <object_component_ref idref="oc-77"/>
      </symbol>
      <symbol id="sm-9e8">
         <name>__TI_int59</name>
         <value>0xfff6</value>
         <object_component_ref idref="oc-79"/>
      </symbol>
      <symbol id="sm-9ec">
         <name>__TI_int60</name>
         <value>0xfff8</value>
         <object_component_ref idref="oc-7a"/>
      </symbol>
      <symbol id="sm-9f0">
         <name>__TI_int61</name>
         <value>0xfffa</value>
         <object_component_ref idref="oc-7b"/>
      </symbol>
      <symbol id="sm-9f4">
         <name>__TI_int62</name>
         <value>0xfffc</value>
         <object_component_ref idref="oc-7c"/>
      </symbol>
      <symbol id="sm-a00">
         <name>__TI_ISR_TRAP</name>
         <value>0xb244</value>
         <object_component_ref idref="oc-186"/>
      </symbol>
      <symbol id="sm-a0c">
         <name>L_LSL_3</name>
         <value>0xa318</value>
         <object_component_ref idref="oc-200"/>
      </symbol>
      <symbol id="sm-a0d">
         <name>L_LSL_2</name>
         <value>0xa31c</value>
         <object_component_ref idref="oc-200"/>
      </symbol>
      <symbol id="sm-a0e">
         <name>L_LSL_1</name>
         <value>0xa320</value>
         <object_component_ref idref="oc-200"/>
      </symbol>
      <symbol id="sm-a0f">
         <name>L_LSL_7</name>
         <value>0xa308</value>
         <object_component_ref idref="oc-200"/>
      </symbol>
      <symbol id="sm-a10">
         <name>L_LSL_6</name>
         <value>0xa30c</value>
         <object_component_ref idref="oc-200"/>
      </symbol>
      <symbol id="sm-a11">
         <name>L_LSL_5</name>
         <value>0xa310</value>
         <object_component_ref idref="oc-200"/>
      </symbol>
      <symbol id="sm-a12">
         <name>L_LSL_4</name>
         <value>0xa314</value>
         <object_component_ref idref="oc-200"/>
      </symbol>
      <symbol id="sm-a13">
         <name>L_LSL_9</name>
         <value>0xa300</value>
         <object_component_ref idref="oc-200"/>
      </symbol>
      <symbol id="sm-a14">
         <name>L_LSL_8</name>
         <value>0xa304</value>
         <object_component_ref idref="oc-200"/>
      </symbol>
      <symbol id="sm-a15">
         <name>L_LSL_12</name>
         <value>0xa2f4</value>
         <object_component_ref idref="oc-200"/>
      </symbol>
      <symbol id="sm-a16">
         <name>L_LSL_13</name>
         <value>0xa2f0</value>
         <object_component_ref idref="oc-200"/>
      </symbol>
      <symbol id="sm-a17">
         <name>L_LSL_10</name>
         <value>0xa2fc</value>
         <object_component_ref idref="oc-200"/>
      </symbol>
      <symbol id="sm-a18">
         <name>L_LSL_11</name>
         <value>0xa2f8</value>
         <object_component_ref idref="oc-200"/>
      </symbol>
      <symbol id="sm-a19">
         <name>L_LSL_14</name>
         <value>0xa2ec</value>
         <object_component_ref idref="oc-200"/>
      </symbol>
      <symbol id="sm-a1a">
         <name>L_LSL_15</name>
         <value>0xa2e8</value>
         <object_component_ref idref="oc-200"/>
      </symbol>
      <symbol id="sm-a26">
         <name>L_LSR_12</name>
         <value>0xa332</value>
         <object_component_ref idref="oc-293"/>
      </symbol>
      <symbol id="sm-a27">
         <name>L_LSR_13</name>
         <value>0xa32e</value>
         <object_component_ref idref="oc-293"/>
      </symbol>
      <symbol id="sm-a28">
         <name>L_LSR_10</name>
         <value>0xa33a</value>
         <object_component_ref idref="oc-293"/>
      </symbol>
      <symbol id="sm-a29">
         <name>L_LSR_11</name>
         <value>0xa336</value>
         <object_component_ref idref="oc-293"/>
      </symbol>
      <symbol id="sm-a2a">
         <name>L_LSR_14</name>
         <value>0xa32a</value>
         <object_component_ref idref="oc-293"/>
      </symbol>
      <symbol id="sm-a2b">
         <name>L_LSR_15</name>
         <value>0xa326</value>
         <object_component_ref idref="oc-293"/>
      </symbol>
      <symbol id="sm-a2c">
         <name>L_LSR_3</name>
         <value>0xa356</value>
         <object_component_ref idref="oc-293"/>
      </symbol>
      <symbol id="sm-a2d">
         <name>L_LSR_2</name>
         <value>0xa35a</value>
         <object_component_ref idref="oc-293"/>
      </symbol>
      <symbol id="sm-a2e">
         <name>L_LSR_1</name>
         <value>0xa35e</value>
         <object_component_ref idref="oc-293"/>
      </symbol>
      <symbol id="sm-a2f">
         <name>L_LSR_7</name>
         <value>0xa346</value>
         <object_component_ref idref="oc-293"/>
      </symbol>
      <symbol id="sm-a30">
         <name>L_LSR_6</name>
         <value>0xa34a</value>
         <object_component_ref idref="oc-293"/>
      </symbol>
      <symbol id="sm-a31">
         <name>L_LSR_5</name>
         <value>0xa34e</value>
         <object_component_ref idref="oc-293"/>
      </symbol>
      <symbol id="sm-a32">
         <name>L_LSR_4</name>
         <value>0xa352</value>
         <object_component_ref idref="oc-293"/>
      </symbol>
      <symbol id="sm-a33">
         <name>L_LSR_9</name>
         <value>0xa33e</value>
         <object_component_ref idref="oc-293"/>
      </symbol>
      <symbol id="sm-a34">
         <name>L_LSR_8</name>
         <value>0xa342</value>
         <object_component_ref idref="oc-293"/>
      </symbol>
      <symbol id="sm-a43">
         <name>memcmp</name>
         <value>0xac42</value>
         <object_component_ref idref="oc-25c"/>
      </symbol>
      <symbol id="sm-a51">
         <name>memcpy</name>
         <value>0xb0ac</value>
         <object_component_ref idref="oc-1ef"/>
      </symbol>
      <symbol id="sm-a60">
         <name>memmove</name>
         <value>0xad2a</value>
         <object_component_ref idref="oc-272"/>
      </symbol>
      <symbol id="sm-a6e">
         <name>memset</name>
         <value>0xb03a</value>
         <object_component_ref idref="oc-203"/>
      </symbol>
      <symbol id="sm-aa1">
         <name>__mpyi_f5hw</name>
         <value>0xafe8</value>
         <object_component_ref idref="oc-1ff"/>
      </symbol>
      <symbol id="sm-ad7">
         <name>__mpyl_f5hw</name>
         <value>0xac64</value>
         <object_component_ref idref="oc-236"/>
      </symbol>
      <symbol id="sm-afc">
         <name>strncpy</name>
         <value>0xa996</value>
         <object_component_ref idref="oc-21f"/>
      </symbol>
      <symbol id="sm-b21">
         <name>_auto_init_hold_wdt</name>
         <value>0x9b56</value>
         <object_component_ref idref="oc-1e3"/>
      </symbol>
   </symbol_table>
   <title>Link successful</title>
</link_info>
