******************************************************************************
                  MSP430 Linker Unix v4.4.5                    
******************************************************************************
>> Linked Tue Feb  7 21:07:53 2017

OUTPUT FILE NAME:   <Project.out>
ENTRY POINT SYMBOL: "_c_int00_noargs_noexit"  address: 0000af34


MEMORY CONFIGURATION

         name            origin    length      used     unused   attr    fill
----------------------  --------  ---------  --------  --------  ----  --------
  SFR                   00000000   00000010  00000000  00000010  RWIX
  PERIPHERALS_8BIT      00000010   000000f0  00000000  000000f0  RWIX
  PERIPHERALS_16BIT     00000100   00000100  00000000  00000100  RWIX
  INFOD                 00001800   00000080  00000000  00000080  RWIX
  INFOC                 00001880   00000080  00000000  00000080  RWIX
  INFOB                 00001900   00000080  00000000  00000080  RWIX
  INFOA                 00001980   00000080  00000000  00000080  RWIX
  RAM                   00001c00   000007fe  000006f2  0000010c  RWIX
  FLASH                 00008000   00007f80  0000367b  00004905  RWIX
  INT00                 0000ff80   00000002  00000000  00000002  RWIX
  INT01                 0000ff82   00000002  00000000  00000002  RWIX
  INT02                 0000ff84   00000002  00000000  00000002  RWIX
  INT03                 0000ff86   00000002  00000000  00000002  RWIX
  INT04                 0000ff88   00000002  00000000  00000002  RWIX
  INT05                 0000ff8a   00000002  00000000  00000002  RWIX
  INT06                 0000ff8c   00000002  00000000  00000002  RWIX
  INT07                 0000ff8e   00000002  00000000  00000002  RWIX
  INT08                 0000ff90   00000002  00000000  00000002  RWIX
  INT09                 0000ff92   00000002  00000000  00000002  RWIX
  INT10                 0000ff94   00000002  00000000  00000002  RWIX
  INT11                 0000ff96   00000002  00000000  00000002  RWIX
  INT12                 0000ff98   00000002  00000000  00000002  RWIX
  INT13                 0000ff9a   00000002  00000000  00000002  RWIX
  INT14                 0000ff9c   00000002  00000000  00000002  RWIX
  INT15                 0000ff9e   00000002  00000000  00000002  RWIX
  INT16                 0000ffa0   00000002  00000000  00000002  RWIX
  INT17                 0000ffa2   00000002  00000000  00000002  RWIX
  INT18                 0000ffa4   00000002  00000000  00000002  RWIX
  INT19                 0000ffa6   00000002  00000000  00000002  RWIX
  INT20                 0000ffa8   00000002  00000000  00000002  RWIX
  INT21                 0000ffaa   00000002  00000000  00000002  RWIX
  INT22                 0000ffac   00000002  00000000  00000002  RWIX
  INT23                 0000ffae   00000002  00000000  00000002  RWIX
  INT24                 0000ffb0   00000002  00000000  00000002  RWIX
  INT25                 0000ffb2   00000002  00000000  00000002  RWIX
  INT26                 0000ffb4   00000002  00000000  00000002  RWIX
  INT27                 0000ffb6   00000002  00000000  00000002  RWIX
  INT28                 0000ffb8   00000002  00000000  00000002  RWIX
  INT29                 0000ffba   00000002  00000000  00000002  RWIX
  INT30                 0000ffbc   00000002  00000000  00000002  RWIX
  INT31                 0000ffbe   00000002  00000000  00000002  RWIX
  INT32                 0000ffc0   00000002  00000000  00000002  RWIX
  INT33                 0000ffc2   00000002  00000000  00000002  RWIX
  INT34                 0000ffc4   00000002  00000000  00000002  RWIX
  INT35                 0000ffc6   00000002  00000000  00000002  RWIX
  INT36                 0000ffc8   00000002  00000000  00000002  RWIX
  INT37                 0000ffca   00000002  00000000  00000002  RWIX
  INT38                 0000ffcc   00000002  00000000  00000002  RWIX
  INT39                 0000ffce   00000002  00000000  00000002  RWIX
  INT40                 0000ffd0   00000002  00000000  00000002  RWIX
  INT41                 0000ffd2   00000002  00000002  00000000  RWIX
  INT42                 0000ffd4   00000002  00000002  00000000  RWIX
  INT43                 0000ffd6   00000002  00000002  00000000  RWIX
  INT44                 0000ffd8   00000002  00000002  00000000  RWIX
  INT45                 0000ffda   00000002  00000002  00000000  RWIX
  INT46                 0000ffdc   00000002  00000002  00000000  RWIX
  INT47                 0000ffde   00000002  00000002  00000000  RWIX
  INT48                 0000ffe0   00000002  00000002  00000000  RWIX
  INT49                 0000ffe2   00000002  00000002  00000000  RWIX
  INT50                 0000ffe4   00000002  00000002  00000000  RWIX
  INT51                 0000ffe6   00000002  00000002  00000000  RWIX
  INT52                 0000ffe8   00000002  00000002  00000000  RWIX
  INT53                 0000ffea   00000002  00000002  00000000  RWIX
  INT54                 0000ffec   00000002  00000002  00000000  RWIX
  INT55                 0000ffee   00000002  00000002  00000000  RWIX
  INT56                 0000fff0   00000002  00000002  00000000  RWIX
  INT57                 0000fff2   00000002  00000002  00000000  RWIX
  INT58                 0000fff4   00000002  00000002  00000000  RWIX
  INT59                 0000fff6   00000002  00000002  00000000  RWIX
  INT60                 0000fff8   00000002  00000002  00000000  RWIX
  INT61                 0000fffa   00000002  00000002  00000000  RWIX
  INT62                 0000fffc   00000002  00000002  00000000  RWIX
  RESET                 0000fffe   00000002  00000002  00000000  RWIX


SECTION ALLOCATION MAP

 output                                  attributes/
section   page    origin      length       input sections
--------  ----  ----------  ----------   ----------------
.bss       0    00001c00    000006a2     UNINITIALIZED
                  00001c00    000003f0     uart_intfc_cc430.obj (.bss)
                  00001ff0    000000d0     nwk_QMgmt.obj (.bss)
                  000020c0    00000081     nwk.obj (.bss)
                  00002141    00000001     nwk_api.obj (.bss)
                  00002142    00000065     task_scheduler.obj (.bss)
                  000021a7    00000001     nwk_ping.obj (.bss)
                  000021a8    00000052     soft_timer.obj (.bss)
                  000021fa    00000033     mrfi.obj (.bss)
                  0000222d    00000001     --HOLE--
                  0000222e    00000016     wrkstn.obj (.bss)
                  00002244    00000010     nwk_link.obj (.bss)
                  00002254    0000000d     nwk_join.obj (.bss)
                  00002261    00000001     --HOLE--
                  00002262    0000000c     tmpsnr.obj (.bss)
                  0000226e    0000000a     nwk_frame.obj (.bss)
                  00002278    00000009     nwk_globals.obj (.bss)
                  00002281    00000001     --HOLE--
                  00002282    00000009     uart_cc430.obj (.bss)
                  0000228b    00000001     --HOLE--
                  0000228c    00000008     rtc_cc430.obj (.bss)
                  00002294    00000005     nwk_mgmt.obj (.bss)
                  00002299    00000001     --HOLE--
                  0000229a    00000004     mydef.obj (.bss)
                  0000229e    00000002     nwk_freq.obj (.bss)
                  000022a0    00000002     utils.obj (.bss)

.stack     0    000023ac    00000050     UNINITIALIZED
                  000023ac    00000002     rts430x.lib : boot.obj (.stack)
                  000023ae    0000004e     --HOLE--

.text      0    00008000    000032b0     
                  00008000    000001e4     mrfi.obj (.text:MRFI_Init)
                  000081e4    000001a2     nwk_link.obj (.text:smpl_send_link_reply)
                  00008386    0000016c     utils.obj (.text:log)
                  000084f2    00000164     nwk_QMgmt.obj (.text:nwk_QfindOldest)
                  00008656    00000154     nwk_frame.obj (.text:dispatchFrame)
                  000087aa    00000120     wrkstn.obj (.text:sendTimeSync)
                  000088ca    0000011e     nwk_api.obj (.text:SMPL_SendOpt)
                  000089e8    00000108     nwk_join.obj (.text:smpl_send_join_reply)
                  00008af0    00000108     soft_timer.obj (.text:soft_ISR)
                  00008bf8    000000f8     mrfi.obj (.text:Mrfi_SyncPinRxIsr)
                  00008cf0    000000f8     soft_timer.obj (.text:soft_setTimer)
                  00008de8    000000d8     utils.obj (.text:my_itoa)
                  00008ec0    000000d6     nwk.obj (.text:nwk_allocateLocalRxPort)
                  00008f96    000000c6     mrfi.obj (.text:MRFI_Transmit)
                  0000905c    000000c4     task_scheduler.obj (.text:post_task)
                  00009120    000000b4     utils.obj (.text:my_utoa)
                  000091d4    000000aa     nwk_frame.obj (.text:nwk_SendEmptyPollRspFrame)
                  0000927e    000000aa     task_scheduler.obj (.text:task_scheduler)
                  00009328    000000a6     nwk_frame.obj (.text:nwk_retrieveFrame)
                  000093ce    000000a2     uart_cc430.obj (.text:uart_init)
                  00009470    0000009a     nwk_frame.obj (.text:isDupSandFFrame)
                  0000950a    0000009a     nwk_frame.obj (.text:nwk_sendAckReply)
                  000095a4    00000096     nwk_frame.obj (.text:nwk_buildFrame)
                  0000963a    00000092     mrfi.obj (.text:mrfiRadioInterfaceCmdStrobe)
                  000096cc    00000092     nwk.obj (.text:nwk_isConnectionValid)
                  0000975e    0000008e     nwk_mgmt.obj (.text:send_poll_reply)
                  000097ec    0000008e     wrkstn.obj (.text:wrkstn_task_readFrame)
                  0000987a    00000086     nwk.obj (.text:nwk_nwkInit)
                  00009900    00000080     nwk_QMgmt.obj (.text:nwk_QfindSlot)
                  00009980    00000074     nwk_frame.obj (.text:nwk_getSandFFrame)
                  000099f4    00000070     nwk_api.obj (.text:SMPL_LinkListen)
                  00009a64    00000068     mrfi.obj (.text:_isr:MRFI_RadioIsr)
                  00009acc    00000068     nwk.obj (.text:nwk_saveJoinedDevice)
                  00009b34    00000066     nwk_link.obj (.text:smpl_send_unlink_reply)
                  00009b9a    00000062     mrfi.obj (.text:mrfiRadioInterfaceReadRxFifo)
                  00009bfc    0000005e     rts430x.lib : autoinit_wdt.obj (.text:_auto_init_hold_wdt)
                  00009c5a    00000058                 : div32u.obj (.text)
                  00009cb2    00000056     main_AP_Async_Listen_autoack.obj (.text:main)
                  00009d08    00000054     uart_intfc_cc430.obj (.text:rx_handler)
                  00009d5c    00000054     nwk_freq.obj (.text:send_ping_reply)
                  00009db0    00000052     bsp.obj (.text:Bsp_SetClocks)
                  00009e02    00000052     bsp.obj (.text:SetVCoreUp)
                  00009e54    00000052     uart_intfc_cc430.obj (.text:push_buffer)
                  00009ea6    00000050     nwk.obj (.text:nwk_getNextConnection)
                  00009ef6    00000050     uart_intfc_cc430.obj (.text:pop_buffer)
                  00009f46    00000050     wrkstn.obj (.text:wrkstn_task_addDevice)
                  00009f96    0000004e     uart_cc430.obj (.text:uart_tx_irq)
                  00009fe4    00000048     nwk_api.obj (.text:SMPL_Receive)
                  0000a02c    00000048     w25x16.obj (.text:SPI_FLASH_Init)
                  0000a074    00000048     mrfi.obj (.text:mrfiRadioInterfaceReadReg)
                  0000a0bc    00000048     nwk_mgmt.obj (.text:nwk_processMgmt)
                  0000a104    00000046     mrfi.obj (.text:Mrfi_RxAddrIsFiltered)
                  0000a14a    00000046     rtc_cc430.obj (.text:_isr:RTC_ISR)
                  0000a190    00000046     nwk.obj (.text:nwk_findPeer)
                  0000a1d6    00000044     nwk.obj (.text:nwk_findAlreadyJoined)
                  0000a21a    00000044     nwk_ping.obj (.text:smpl_send_ping_reply)
                  0000a25e    00000042     nwk.obj (.text:nwk_isLinkDuplicate)
                  0000a2a0    00000040     mrfi.obj (.text:MRFI_ReplyDelay)
                  0000a2e0    00000040     rts430x.lib : div32s.obj (.text)
                  0000a320    00000040     main_AP_Async_Listen_autoack.obj (.text:tmr_awakeISR)
                  0000a360    0000003e     nwk.obj (.text:initializeConnection)
                  0000a39e    0000003e     rts430x.lib : lsl32.obj (.text:l_lsl_const)
                  0000a3dc    0000003e                 : lsr32.obj (.text:l_lsr_const)
                  0000a41a    0000003e     nwk_link.obj (.text:nwk_getLocalLinkID)
                  0000a458    0000003c     nwk_join.obj (.text:nwk_processJoin)
                  0000a494    0000003c     nwk.obj (.text:nwk_putNumObjectIntoMsg)
                  0000a4d0    0000003c     uart_intfc_cc430.obj (.text:tx_send)
                  0000a50c    0000003c     uart_intfc_cc430.obj (.text:tx_send_wait)
                  0000a548    0000003a     nwk_api.obj (.text:SMPL_Init)
                  0000a582    0000003a     nwk_link.obj (.text:handleLinkRequest)
                  0000a5bc    0000003a     nwk_join.obj (.text:nwk_isSandFClient)
                  0000a5f6    0000003a     nwk.obj (.text:nwk_isValidReply)
                  0000a630    0000003a     nwk_join.obj (.text:nwk_joinInit)
                  0000a66a    0000003a     nwk_frame.obj (.text:nwk_replayFrame)
                  0000a6a4    0000003a     main_AP_Async_Listen_autoack.obj (.text:task_mytask)
                  0000a6de    00000038     nwk_freq.obj (.text:nwk_processFreq)
                  0000a716    00000038     uart_intfc_cc430.obj (.text:uart_intfc_init)
                  0000a74e    00000036     bsp.obj (.text:BSP_Delay)
                  0000a784    00000036     mrfi.obj (.text:mrfiRadioInterfaceWriteReg)
                  0000a7ba    00000036     mrfi.obj (.text:mrfiRadioInterfaceWriteTxFifo)
                  0000a7f0    00000036     nwk_QMgmt.obj (.text:nwk_QadjustOrder)
                  0000a826    00000036     task_scheduler.obj (.text:task_pool_init)
                  0000a85c    00000032     mrfi.obj (.text:MRFI_SetLogicalChannel)
                  0000a88e    00000032     nwk.obj (.text:nwk_getConnInfo)
                  0000a8c0    00000032     nwk_link.obj (.text:nwk_linkInit)
                  0000a8f2    00000030     nwk.obj (.text:map_lid2idx)
                  0000a922    00000030     nwk_ping.obj (.text:nwk_processPing)
                  0000a952    00000030     nwk_frame.obj (.text:nwk_sendFrame)
                  0000a982    00000030     uart_intfc_cc430.obj (.text:tx_handler)
                  0000a9b2    0000002e     mrfi.obj (.text:Mrfi_CalculateRssi)
                  0000a9e0    0000002e     nwk_link.obj (.text:nwk_processLink)
                  0000aa0e    0000002c     mrfi.obj (.text:Mrfi_DelayUsecSem)
                  0000aa3a    0000002c     mrfi.obj (.text:Mrfi_RxModeOff)
                  0000aa66    0000002c     bsp.obj (.text:SetVCore)
                  0000aa92    0000002c     uart_cc430.obj (.text:_isr:uart_rx_tx_enter_irq)
                  0000aabe    0000002c     nwk_frame.obj (.text:nwk_buildAckReqFrame)
                  0000aaea    0000002c     nwk.obj (.text:nwk_checkAppMsgTID)
                  0000ab16    0000002c     rts430x.lib : div16s.obj (.text)
                  0000ab42    0000002c                 : strncpy.obj (.text:strncpy)
                  0000ab6e    0000002a     nwk.obj (.text:nwk_checkConnInfo)
                  0000ab98    00000028     rtc_cc430.obj (.text:rtc_init)
                  0000abc0    00000026     mrfi.obj (.text:MRFI_Sleep)
                  0000abe6    00000026     mrfi.obj (.text:Mrfi_DelayUsec)
                  0000ac0c    00000026     bsp.obj (.text:SetVCoreDown)
                  0000ac32    00000026     nwk_frame.obj (.text:nwk_frameInit)
                  0000ac58    00000026     nwk_globals.obj (.text:nwk_globalsInit)
                  0000ac7e    00000026     uart_cc430.obj (.text:uart_tx_message)
                  0000aca4    00000024     mrfi.obj (.text:Mrfi_RandomBackoffDelay)
                  0000acc8    00000022     mrfi.obj (.text:MRFI_RxOn)
                  0000acea    00000022     mrfi.obj (.text:MRFI_WakeUp)
                  0000ad0c    00000022     rts430x.lib : memcmp.obj (.text:memcmp)
                  0000ad2e    00000022                 : mult32_f5hw.obj (.text)
                  0000ad50    00000022     uart_cc430.obj (.text:uart_rx_message)
                  0000ad72    00000022     uart_cc430.obj (.text:uart_tx_message_resume)
                  0000ad94    00000020     bsp.obj (.text:BSP_Init)
                  0000adb4    00000020     nwk_frame.obj (.text:MRFI_RxCompleteISR)
                  0000add4    00000020     mrfi.obj (.text:MRFI_RxIdle)
                  0000adf4    00000020     rts430x.lib : memmov.obj (.text:memmove)
                  0000ae14    0000001e     mrfi.obj (.text:MRFI_SetRFPwr)
                  0000ae32    0000001e     w25x16.obj (.text:SPI_FLASH_BulkErase)
                  0000ae50    0000001e     w25x16.obj (.text:SPI_FLASH_WaitForWriteEnd)
                  0000ae6e    0000001e     nwk_QMgmt.obj (.text:nwk_QInit)
                  0000ae8c    0000001e     main_AP_Async_Listen_autoack.obj (.text:sCB)
                  0000aeaa    0000001e     uart_cc430.obj (.text:uart_tx_message_suspend)
                  0000aec8    0000001c     node.obj (.text:node_init)
                  0000aee4    0000001c     nwk_freq.obj (.text:nwk_setChannel)
                  0000af00    0000001a     bsp.obj (.text:BSP_InitDrivers)
                  0000af1a    0000001a     bsp.obj (.text:BSP_InitLeds)
                  0000af34    0000001a     rts430x.lib : boot_special.obj (.text:_isr:_c_int00_noargs_noexit)
                  0000af4e    0000001a     port_cc430.obj (.text:init_p20)
                  0000af68    0000001a     uart_cc430.obj (.text:uart_rx_irq)
                  0000af82    0000001a     wrkstn.obj (.text:wrkstn_registerMsgProcessor)
                  0000af9c    00000018     mrfi.obj (.text:MRFI_DelayMs)
                  0000afb4    00000018     nwk_join.obj (.text:handleJoinRequest)
                  0000afcc    00000018     nwk_mgmt.obj (.text:nwk_mgmtInit)
                  0000afe4    00000018     uart_intfc_cc430.obj (.text:tx_peek)
                  0000affc    00000016     w25x16.obj (.text:ExtenalFlash_Write_Enable)
                  0000b012    00000016     mrfi.obj (.text:MRFI_RandomByte)
                  0000b028    00000016     mrfi.obj (.text:Mrfi_RxModeOn)
                  0000b03e    00000016     nwk_freq.obj (.text:nwk_freqInit)
                  0000b054    00000016     rts430x.lib : div16u.obj (.text)
                  0000b06a    00000016                 : mult16_f5hw.obj (.text)
                  0000b080    00000014     w25x16.obj (.text:SPI_Read_Data)
                  0000b094    00000014     w25x16.obj (.text:SPI_Send_Data)
                  0000b0a8    00000014     rts430x.lib : memset.obj (.text:memset)
                  0000b0bc    00000014     rtc_cc430.obj (.text:rtc_getTimeOffset)
                  0000b0d0    00000014     soft_timer.obj (.text:soft_initTimers)
                  0000b0e4    00000012     port_cc430.obj (.text:_isr:PORT2_ISR)
                  0000b0f6    00000012     bsp.obj (.text:_system_pre_init)
                  0000b108    00000012     nwk_freq.obj (.text:handle_freq_cmd)
                  0000b11a    00000012     rts430x.lib : memcpy.obj (.text:memcpy)
                  0000b12c    00000012     nwk_link.obj (.text:nwk_getLinkToken)
                  0000b13e    00000012     nwk_globals.obj (.text:nwk_getMyAddress)
                  0000b150    00000012     nwk_link.obj (.text:nwk_setLinkToken)
                  0000b162    00000012     main_AP_Async_Listen_autoack.obj (.text:task_sleep)
                  0000b174    00000010     bsp.obj (.text:BSP_InitBoard)
                  0000b184    00000010     rts430x.lib : asr32.obj (.text:l_asr)
                  0000b194    00000010     nwk_QMgmt.obj (.text:nwk_getQ)
                  0000b1a4    0000000e     bsp.obj (.text:BSP_InitButtons)
                  0000b1b2    0000000e     mrfi.obj (.text:MRFI_Receive)
                  0000b1c0    0000000e     uart_intfc_cc430.obj (.text:buffer_free_space)
                  0000b1ce    0000000e     nwk.obj (.text:nwk_getNumObjectFromMsg)
                  0000b1dc    0000000e     nwk_link.obj (.text:nwk_setListenContext)
                  0000b1ea    0000000c     mrfi.obj (.text:MRFI_PostKillSem)
                  0000b1f6    0000000c     uart_intfc_cc430.obj (.text:buffer_used_space)
                  0000b202    0000000c     nwk_ping.obj (.text:handlePingRequest)
                  0000b20e    0000000c     nwk_mgmt.obj (.text:smpl_send_mgmt_reply)
                  0000b21a    0000000c     main_AP_Async_Listen_autoack.obj (.text:tmr_sleepISR)
                  0000b226    0000000a     bsp.obj (.text:Bsp_SetVCore)
                  0000b230    0000000a     Si705x.obj (.text:Si705x_Init)
                  0000b23a    0000000a     nwk_join.obj (.text:generateLinkToken)
                  0000b244    0000000a     lpw_cc430.obj (.text:lpw_exitSleep)
                  0000b24e    0000000a     nwk_ping.obj (.text:nwk_pingInit)
                  0000b258    00000008     lpw_cc430.obj (.text:lpw_enterSleep)
                  0000b260    00000008     nwk_mgmt.obj (.text:nwk_resetSFMarker)
                  0000b268    00000006     mrfi.obj (.text:MRFI_GetRadioState)
                  0000b26e    00000006     rts430x.lib : isr_trap.obj (.text:_isr:__TI_ISR_TRAP)
                  0000b274    00000006     lpw_cc430.obj (.text:lpw_init)
                  0000b27a    00000006     nwk.obj (.text:nwk_freeConnection)
                  0000b280    00000006     nwk_globals.obj (.text:nwk_getBCastAddress)
                  0000b286    00000006     nwk_frame.obj (.text:nwk_getMyRxType)
                  0000b28c    00000006     nwk_globals.obj (.text:nwk_getProtocolVersion)
                  0000b292    00000006     nwk.obj (.text:nwk_getSFInfoPtr)
                  0000b298    00000004     rts430x.lib : exit.obj (.text:abort)
                  0000b29c    00000004     nwk_join.obj (.text:nwk_join)
                  0000b2a0    00000004     nwk_security.obj (.text:nwk_processSecurity)
                  0000b2a4    00000004     uart_cc430.obj (.text:uart_rx_message_suspend)
                  0000b2a8    00000002     nwk_security.obj (.text:nwk_securityInit)
                  0000b2aa    00000002     wrkstn.obj (.text:wrkstn_processSyncRep)
                  0000b2ac    00000002     wrkstn.obj (.text:wrkstn_processSyncReq)
                  0000b2ae    00000002     wrkstn.obj (.text:wrkstn_processTmpData)

.const     0    0000b2b0    0000029d     
                  0000b2b0    0000012e     tmpsnr.obj (.const:.string)
                  0000b3de    000000a0     wrkstn.obj (.const:.string)
                  0000b47e    00000040     mrfi.obj (.const:mrfiRadioCfg)
                  0000b4be    00000024     main_AP_Async_Listen_autoack.obj (.const:.string)
                  0000b4e2    00000020     utils.obj (.const:.string)
                  0000b502    00000018     nwk_frame.obj (.const:func)
                  0000b51a    00000014     wrkstn.obj (.const)
                  0000b52e    0000000a     tmpsnr.obj (.const)
                  0000b538    00000009     nwk_globals.obj (.const)
                  0000b541    00000001     --HOLE-- [fill = 0]
                  0000b542    00000004     mrfi.obj (.const:.string:mrfiBroadcastAddr)
                  0000b546    00000004     mrfi.obj (.const:.string:mrfiLogicalChanTable)
                  0000b54a    00000003     mrfi.obj (.const:.string:mrfiRFPowerTable)

.cinit     0    0000b54e    0000012e     
                  0000b54e    0000004d     mrfi.obj (.cinit)
                  0000b59b    00000001     --HOLE-- [fill = 0]
                  0000b59c    00000021     nwk_join.obj (.cinit)
                  0000b5bd    00000001     --HOLE-- [fill = 0]
                  0000b5be    00000020     nwk_frame.obj (.cinit)
                  0000b5de    00000019     nwk_link.obj (.cinit)
                  0000b5f7    00000001     --HOLE-- [fill = 0]
                  0000b5f8    00000018     uart_intfc_cc430.obj (.cinit)
                  0000b610    00000015     uart_cc430.obj (.cinit)
                  0000b625    00000001     --HOLE-- [fill = 0]
                  0000b626    00000010     rtc_cc430.obj (.cinit)
                  0000b636    0000000b     nwk_mgmt.obj (.cinit)
                  0000b641    00000001     --HOLE-- [fill = 0]
                  0000b642    0000000b     wrkstn.obj (.cinit)
                  0000b64d    00000001     --HOLE-- [fill = 0]
                  0000b64e    00000008     mydef.obj (.cinit)
                  0000b656    00000006     utils.obj (.cinit)
                  0000b65c    00000005     nwk.obj (.cinit)
                  0000b661    00000001     --HOLE-- [fill = 0]
                  0000b662    00000005     nwk_api.obj (.cinit)
                  0000b667    00000001     --HOLE-- [fill = 0]
                  0000b668    00000005     nwk_freq.obj (.cinit)
                  0000b66d    00000001     --HOLE-- [fill = 0]
                  0000b66e    00000005     nwk_globals.obj (.cinit)
                  0000b673    00000001     --HOLE-- [fill = 0]
                  0000b674    00000005     nwk_ping.obj (.cinit)
                  0000b679    00000001     --HOLE-- [fill = 0]
                  0000b67a    00000002     (.pad.cinit) [fill = 0]

.pinit     0    00008000    00000000     UNINITIALIZED

RTC        0    0000ffd2    00000002     
                  0000ffd2    00000002     rts430x.lib : int41.obj (.int41)

PORT2      0    0000ffd4    00000002     
                  0000ffd4    00000002     rts430x.lib : int42.obj (.int42)

USCI_B3    0    0000ffd6    00000002     
                  0000ffd6    00000002     rts430x.lib : int43.obj (.int43)

USCI_A3    0    0000ffd8    00000002     
                  0000ffd8    00000002     rts430x.lib : int44.obj (.int44)

USCI_B1    0    0000ffda    00000002     
                  0000ffda    00000002     rts430x.lib : int45.obj (.int45)

USCI_A1    0    0000ffdc    00000002     
                  0000ffdc    00000002     rtc_cc430.obj (.int46)

PORT1      0    0000ffde    00000002     
                  0000ffde    00000002     rts430x.lib : int47.obj (.int47)

TIMER1_A1 
*          0    0000ffe0    00000002     
                  0000ffe0    00000002     port_cc430.obj (.int48)

TIMER1_A0 
*          0    0000ffe2    00000002     
                  0000ffe2    00000002     rts430x.lib : int49.obj (.int49)

DMA        0    0000ffe4    00000002     
                  0000ffe4    00000002     rts430x.lib : int50.obj (.int50)

USCI_B2    0    0000ffe6    00000002     
                  0000ffe6    00000002     rts430x.lib : int51.obj (.int51)

USCI_A2    0    0000ffe8    00000002     
                  0000ffe8    00000002     rts430x.lib : int52.obj (.int52)

TIMER0_A1 
*          0    0000ffea    00000002     
                  0000ffea    00000002     mrfi.obj (.int53)

TIMER0_A0 
*          0    0000ffec    00000002     
                  0000ffec    00000002     rts430x.lib : int54.obj (.int54)

ADC12      0    0000ffee    00000002     
                  0000ffee    00000002     rts430x.lib : int55.obj (.int55)

USCI_B0    0    0000fff0    00000002     
                  0000fff0    00000002     rts430x.lib : int56.obj (.int56)

USCI_A0    0    0000fff2    00000002     
                  0000fff2    00000002     rts430x.lib : int57.obj (.int57)

WDT        0    0000fff4    00000002     
                  0000fff4    00000002     uart_cc430.obj (.int58)

TIMER0_B1 
*          0    0000fff6    00000002     
                  0000fff6    00000002     rts430x.lib : int59.obj (.int59)

TIMER0_B0 
*          0    0000fff8    00000002     
                  0000fff8    00000002     rts430x.lib : int60.obj (.int60)

UNMI       0    0000fffa    00000002     
                  0000fffa    00000002     rts430x.lib : int61.obj (.int61)

SYSNMI     0    0000fffc    00000002     
                  0000fffc    00000002     rts430x.lib : int62.obj (.int62)

.reset     0    0000fffe    00000002     
                  0000fffe    00000002     rts430x.lib : boot.obj (.reset)


GLOBAL SYMBOLS: SORTED ALPHABETICALLY BY Name 

address   name                         
-------   ----                         
00001c00  .bss                         
00008000  .text                        
00000700  ADC12CTL0                    
00000701  ADC12CTL0_H                  
00000700  ADC12CTL0_L                  
00000702  ADC12CTL1                    
00000703  ADC12CTL1_H                  
00000702  ADC12CTL1_L                  
00000704  ADC12CTL2                    
00000705  ADC12CTL2_H                  
00000704  ADC12CTL2_L                  
0000070c  ADC12IE                      
0000070d  ADC12IE_H                    
0000070c  ADC12IE_L                    
0000070a  ADC12IFG                     
0000070b  ADC12IFG_H                   
0000070a  ADC12IFG_L                   
0000070e  ADC12IV                      
0000070f  ADC12IV_H                    
0000070e  ADC12IV_L                    
00000710  ADC12MCTL0                   
00000711  ADC12MCTL1                   
0000071a  ADC12MCTL10                  
0000071b  ADC12MCTL11                  
0000071c  ADC12MCTL12                  
0000071d  ADC12MCTL13                  
0000071e  ADC12MCTL14                  
0000071f  ADC12MCTL15                  
00000712  ADC12MCTL2                   
00000713  ADC12MCTL3                   
00000714  ADC12MCTL4                   
00000715  ADC12MCTL5                   
00000716  ADC12MCTL6                   
00000717  ADC12MCTL7                   
00000718  ADC12MCTL8                   
00000719  ADC12MCTL9                   
00000720  ADC12MEM0                    
00000721  ADC12MEM0_H                  
00000720  ADC12MEM0_L                  
00000722  ADC12MEM1                    
00000734  ADC12MEM10                   
00000735  ADC12MEM10_H                 
00000734  ADC12MEM10_L                 
00000736  ADC12MEM11                   
00000737  ADC12MEM11_H                 
00000736  ADC12MEM11_L                 
00000738  ADC12MEM12                   
00000739  ADC12MEM12_H                 
00000738  ADC12MEM12_L                 
0000073a  ADC12MEM13                   
0000073b  ADC12MEM13_H                 
0000073a  ADC12MEM13_L                 
0000073c  ADC12MEM14                   
0000073d  ADC12MEM14_H                 
0000073c  ADC12MEM14_L                 
0000073e  ADC12MEM15                   
0000073f  ADC12MEM15_H                 
0000073e  ADC12MEM15_L                 
00000723  ADC12MEM1_H                  
00000722  ADC12MEM1_L                  
00000724  ADC12MEM2                    
00000725  ADC12MEM2_H                  
00000724  ADC12MEM2_L                  
00000726  ADC12MEM3                    
00000727  ADC12MEM3_H                  
00000726  ADC12MEM3_L                  
00000728  ADC12MEM4                    
00000729  ADC12MEM4_H                  
00000728  ADC12MEM4_L                  
0000072a  ADC12MEM5                    
0000072b  ADC12MEM5_H                  
0000072a  ADC12MEM5_L                  
0000072c  ADC12MEM6                    
0000072d  ADC12MEM6_H                  
0000072c  ADC12MEM6_L                  
0000072e  ADC12MEM7                    
0000072f  ADC12MEM7_H                  
0000072e  ADC12MEM7_L                  
00000730  ADC12MEM8                    
00000731  ADC12MEM8_H                  
00000730  ADC12MEM8_L                  
00000732  ADC12MEM9                    
00000733  ADC12MEM9_H                  
00000732  ADC12MEM9_L                  
000009c0  AESACTL0                     
000009c1  AESACTL0_H                   
000009c0  AESACTL0_L                   
000009c8  AESADIN                      
000009c9  AESADIN_H                    
000009c8  AESADIN_L                    
000009ca  AESADOUT                     
000009cb  AESADOUT_H                   
000009ca  AESADOUT_L                   
000009c6  AESAKEY                      
000009c7  AESAKEY_H                    
000009c6  AESAKEY_L                    
000009c4  AESASTAT                     
000009c5  AESASTAT_H                   
000009c4  AESASTAT_L                   
0000a74e  BSP_Delay                    
0000ad94  BSP_Init                     
0000b174  BSP_InitBoard                
0000b1a4  BSP_InitButtons              
0000af00  BSP_InitDrivers              
0000af1a  BSP_InitLeds                 
0000b298  C$$EXIT                      
000008c0  CBCTL0                       
000008c1  CBCTL0_H                     
000008c0  CBCTL0_L                     
000008c2  CBCTL1                       
000008c3  CBCTL1_H                     
000008c2  CBCTL1_L                     
000008c4  CBCTL2                       
000008c5  CBCTL2_H                     
000008c4  CBCTL2_L                     
000008c6  CBCTL3                       
000008c7  CBCTL3_H                     
000008c6  CBCTL3_L                     
000008cc  CBINT                        
000008cd  CBINT_H                      
000008cc  CBINT_L                      
000008ce  CBIV                         
00000150  CRCDI                        
00000151  CRCDI_H                      
00000150  CRCDI_L                      
00000154  CRCINIRES                    
00000155  CRCINIRES_H                  
00000154  CRCINIRES_L                  
00000510  DMA0CTL                      
00000511  DMA0CTL_H                    
00000510  DMA0CTL_L                    
00000516  DMA0DA                       
00000518  DMA0DAH                      
00000516  DMA0DAL                      
00000512  DMA0SA                       
00000514  DMA0SAH                      
00000512  DMA0SAL                      
0000051a  DMA0SZ                       
00000520  DMA1CTL                      
00000521  DMA1CTL_H                    
00000520  DMA1CTL_L                    
00000526  DMA1DA                       
00000528  DMA1DAH                      
00000526  DMA1DAL                      
00000522  DMA1SA                       
00000524  DMA1SAH                      
00000522  DMA1SAL                      
0000052a  DMA1SZ                       
00000530  DMA2CTL                      
00000531  DMA2CTL_H                    
00000530  DMA2CTL_L                    
00000536  DMA2DA                       
00000538  DMA2DAH                      
00000536  DMA2DAL                      
00000532  DMA2SA                       
00000534  DMA2SAH                      
00000532  DMA2SAL                      
0000053a  DMA2SZ                       
00000500  DMACTL0                      
00000501  DMACTL0_H                    
00000500  DMACTL0_L                    
00000502  DMACTL1                      
00000503  DMACTL1_H                    
00000502  DMACTL1_L                    
00000504  DMACTL2                      
00000505  DMACTL2_H                    
00000504  DMACTL2_L                    
00000506  DMACTL3                      
00000507  DMACTL3_H                    
00000506  DMACTL3_L                    
00000508  DMACTL4                      
00000509  DMACTL4_H                    
00000508  DMACTL4_L                    
0000050e  DMAIV                        
0000050f  DMAIV_H                      
0000050e  DMAIV_L                      
0000affc  ExtenalFlash_Write_Enable    
00000140  FCTL1                        
00000141  FCTL1_H                      
00000140  FCTL1_L                      
00000144  FCTL3                        
00000145  FCTL3_H                      
00000144  FCTL3_L                      
00000146  FCTL4                        
00000147  FCTL4_H                      
00000146  FCTL4_L                      
0000b184  L_ASR                        
0000a3d6  L_LSL_1                      
0000a3b2  L_LSL_10                     
0000a3ae  L_LSL_11                     
0000a3aa  L_LSL_12                     
0000a3a6  L_LSL_13                     
0000a3a2  L_LSL_14                     
0000a39e  L_LSL_15                     
0000a3d2  L_LSL_2                      
0000a3ce  L_LSL_3                      
0000a3ca  L_LSL_4                      
0000a3c6  L_LSL_5                      
0000a3c2  L_LSL_6                      
0000a3be  L_LSL_7                      
0000a3ba  L_LSL_8                      
0000a3b6  L_LSL_9                      
0000a414  L_LSR_1                      
0000a3f0  L_LSR_10                     
0000a3ec  L_LSR_11                     
0000a3e8  L_LSR_12                     
0000a3e4  L_LSR_13                     
0000a3e0  L_LSR_14                     
0000a3dc  L_LSR_15                     
0000a410  L_LSR_2                      
0000a40c  L_LSR_3                      
0000a408  L_LSR_4                      
0000a404  L_LSR_5                      
0000a400  L_LSR_6                      
0000a3fc  L_LSR_7                      
0000a3f8  L_LSR_8                      
0000a3f4  L_LSR_9                      
000004c4  MAC                          
000004da  MAC32H                       
000004db  MAC32H_H                     
000004da  MAC32H_L                     
000004d8  MAC32L                       
000004d9  MAC32L_H                     
000004d8  MAC32L_L                     
000004c6  MACS                         
000004de  MACS32H                      
000004df  MACS32H_H                    
000004de  MACS32H_L                    
000004dc  MACS32L                      
000004dd  MACS32L_H                    
000004dc  MACS32L_L                    
000004c7  MACS_H                       
000004c6  MACS_L                       
000004c5  MAC_H                        
000004c4  MAC_L                        
000004c0  MPY                          
000004ec  MPY32CTL0                    
000004ed  MPY32CTL0_H                  
000004ec  MPY32CTL0_L                  
000004d2  MPY32H                       
000004d3  MPY32H_H                     
000004d2  MPY32H_L                     
000004d0  MPY32L                       
000004d1  MPY32L_H                     
000004d0  MPY32L_L                     
000004c2  MPYS                         
000004d6  MPYS32H                      
000004d7  MPYS32H_H                    
000004d6  MPYS32H_L                    
000004d4  MPYS32L                      
000004d5  MPYS32L_H                    
000004d4  MPYS32L_L                    
000004c3  MPYS_H                       
000004c2  MPYS_L                       
000004c1  MPY_H                        
000004c0  MPY_L                        
0000af9c  MRFI_DelayMs                 
0000b268  MRFI_GetRadioState           
00008000  MRFI_Init                    
0000b1ea  MRFI_PostKillSem             
00009a64  MRFI_RadioIsr                
0000b012  MRFI_RandomByte              
0000b1b2  MRFI_Receive                 
0000a2a0  MRFI_ReplyDelay              
0000adb4  MRFI_RxCompleteISR           
0000add4  MRFI_RxIdle                  
0000acc8  MRFI_RxOn                    
0000a85c  MRFI_SetLogicalChannel       
0000ae14  MRFI_SetRFPwr                
0000abc0  MRFI_Sleep                   
00008f96  MRFI_Transmit                
0000acea  MRFI_WakeUp                  
000004c8  OP2                          
000004e2  OP2H                         
000004e3  OP2H_H                       
000004e2  OP2H_L                       
000004e0  OP2L                         
000004e1  OP2L_H                       
000004e0  OP2L_L                       
000004c9  OP2_H                        
000004c8  OP2_L                        
0000020e  P1IV                         
000001c8  P1MAP01                      
000001c9  P1MAP01_H                    
000001c8  P1MAP01_L                    
000001ca  P1MAP23                      
000001cb  P1MAP23_H                    
000001ca  P1MAP23_L                    
000001cc  P1MAP45                      
000001cd  P1MAP45_H                    
000001cc  P1MAP45_L                    
000001ce  P1MAP67                      
000001cf  P1MAP67_H                    
000001ce  P1MAP67_L                    
0000021e  P2IV                         
000001d0  P2MAP01                      
000001d1  P2MAP01_H                    
000001d0  P2MAP01_L                    
000001d2  P2MAP23                      
000001d3  P2MAP23_H                    
000001d2  P2MAP23_L                    
000001d4  P2MAP45                      
000001d5  P2MAP45_H                    
000001d4  P2MAP45_L                    
000001d6  P2MAP67                      
000001d7  P2MAP67_H                    
000001d6  P2MAP67_L                    
000001d8  P3MAP01                      
000001d9  P3MAP01_H                    
000001d8  P3MAP01_L                    
000001da  P3MAP23                      
000001db  P3MAP23_H                    
000001da  P3MAP23_L                    
000001dc  P3MAP45                      
000001dd  P3MAP45_H                    
000001dc  P3MAP45_L                    
000001de  P3MAP67                      
000001df  P3MAP67_H                    
000001de  P3MAP67_L                    
00000204  PADIR                        
00000205  PADIR_H                      
00000204  PADIR_L                      
00000208  PADS                         
00000209  PADS_H                       
00000208  PADS_L                       
0000021a  PAIE                         
00000218  PAIES                        
00000219  PAIES_H                      
00000218  PAIES_L                      
0000021b  PAIE_H                       
0000021a  PAIE_L                       
0000021c  PAIFG                        
0000021d  PAIFG_H                      
0000021c  PAIFG_L                      
00000200  PAIN                         
00000201  PAIN_H                       
00000200  PAIN_L                       
00000202  PAOUT                        
00000203  PAOUT_H                      
00000202  PAOUT_L                      
00000206  PAREN                        
00000207  PAREN_H                      
00000206  PAREN_L                      
0000020a  PASEL                        
0000020b  PASEL_H                      
0000020a  PASEL_L                      
00000224  PBDIR                        
00000225  PBDIR_H                      
00000224  PBDIR_L                      
00000228  PBDS                         
00000229  PBDS_H                       
00000228  PBDS_L                       
00000220  PBIN                         
00000221  PBIN_H                       
00000220  PBIN_L                       
00000222  PBOUT                        
00000223  PBOUT_H                      
00000222  PBOUT_L                      
00000226  PBREN                        
00000227  PBREN_H                      
00000226  PBREN_L                      
0000022a  PBSEL                        
0000022b  PBSEL_H                      
0000022a  PBSEL_L                      
00000244  PCDIR                        
00000245  PCDIR_H                      
00000244  PCDIR_L                      
00000248  PCDS                         
00000249  PCDS_H                       
00000248  PCDS_L                       
00000240  PCIN                         
00000241  PCIN_H                       
00000240  PCIN_L                       
00000242  PCOUT                        
00000243  PCOUT_H                      
00000242  PCOUT_L                      
00000246  PCREN                        
00000247  PCREN_H                      
00000246  PCREN_L                      
0000024a  PCSEL                        
0000024b  PCSEL_H                      
0000024a  PCSEL_L                      
00000324  PJDIR                        
00000325  PJDIR_H                      
00000324  PJDIR_L                      
00000328  PJDS                         
00000329  PJDS_H                       
00000328  PJDS_L                       
00000320  PJIN                         
00000321  PJIN_H                       
00000320  PJIN_L                       
00000322  PJOUT                        
00000323  PJOUT_H                      
00000322  PJOUT_L                      
00000326  PJREN                        
00000327  PJREN_H                      
00000326  PJREN_L                      
000001c2  PMAPCTL                      
000001c3  PMAPCTL_H                    
000001c2  PMAPCTL_L                    
000001c0  PMAPKEYID                    
000001c1  PMAPKEYID_H                  
000001c0  PMAPKEYID_L                  
00000120  PMMCTL0                      
00000121  PMMCTL0_H                    
00000120  PMMCTL0_L                    
00000122  PMMCTL1                      
00000123  PMMCTL1_H                    
00000122  PMMCTL1_L                    
0000012c  PMMIFG                       
0000012d  PMMIFG_H                     
0000012c  PMMIFG_L                     
0000012e  PMMRIE                       
0000012f  PMMRIE_H                     
0000012e  PMMRIE_L                     
0000b0e4  PORT2_ISR                    
00000158  RCCTL0                       
00000159  RCCTL0_H                     
00000158  RCCTL0_L                     
000001b0  REFCTL0                      
000001b1  REFCTL0_H                    
000001b0  REFCTL0_L                    
000004e4  RES0                         
000004e5  RES0_H                       
000004e4  RES0_L                       
000004e6  RES1                         
000004e7  RES1_H                       
000004e6  RES1_L                       
000004e8  RES2                         
000004e9  RES2_H                       
000004e8  RES2_L                       
000004ea  RES3                         
000004eb  RES3_H                       
000004ea  RES3_L                       
000004cc  RESHI                        
000004cd  RESHI_H                      
000004cc  RESHI_L                      
000004ca  RESLO                        
000004cb  RESLO_H                      
000004ca  RESLO_L                      
00000f16  RF1ADINW                     
00000f17  RF1ADINW_H                   
00000f16  RF1ADINW_L                   
00000f28  RF1ADOUT0W                   
00000f29  RF1ADOUT0W_H                 
00000f28  RF1ADOUT0W_L                 
00000f2a  RF1ADOUT1W                   
00000f2b  RF1ADOUT1W_H                 
00000f2a  RF1ADOUT1W_L                 
00000f2c  RF1ADOUT2W                   
00000f2d  RF1ADOUT2W_H                 
00000f2c  RF1ADOUT2W_L                 
00000f36  RF1AIE                       
00000f34  RF1AIES                      
00000f35  RF1AIES_H                    
00000f34  RF1AIES_L                    
00000f37  RF1AIE_H                     
00000f36  RF1AIE_L                     
00000f00  RF1AIFCTL0                   
00000f01  RF1AIFCTL0_H                 
00000f00  RF1AIFCTL0_L                 
00000f02  RF1AIFCTL1                   
00000f03  RF1AIFCTL1_H                 
00000f02  RF1AIFCTL1_L                 
00000f04  RF1AIFCTL2                   
00000f05  RF1AIFCTL2_H                 
00000f04  RF1AIFCTL2_L                 
00000f06  RF1AIFERR                    
00000f0c  RF1AIFERRV                   
00000f0d  RF1AIFERRV_H                 
00000f0c  RF1AIFERRV_L                 
00000f07  RF1AIFERR_H                  
00000f06  RF1AIFERR_L                  
00000f32  RF1AIFG                      
00000f33  RF1AIFG_H                    
00000f32  RF1AIFG_L                    
00000f0e  RF1AIFIV                     
00000f0f  RF1AIFIV_H                   
00000f0e  RF1AIFIV_L                   
00000f30  RF1AIN                       
00000f12  RF1AINSTR1W                  
00000f13  RF1AINSTR1W_H                
00000f12  RF1AINSTR1W_L                
00000f14  RF1AINSTR2W                  
00000f15  RF1AINSTR2W_H                
00000f14  RF1AINSTR2W_L                
00000f10  RF1AINSTRW                   
00000f11  RF1AINSTRW_H                 
00000f10  RF1AINSTRW_L                 
00000f31  RF1AIN_H                     
00000f30  RF1AIN_L                     
00000f38  RF1AIV                       
00000f39  RF1AIV_H                     
00000f38  RF1AIV_L                     
00000f3c  RF1ARXFIFO                   
00000f3d  RF1ARXFIFO_H                 
00000f3c  RF1ARXFIFO_L                 
00000f20  RF1ASTAT0W                   
00000f21  RF1ASTAT0W_H                 
00000f20  RF1ASTAT0W_L                 
00000f22  RF1ASTAT1W                   
00000f23  RF1ASTAT1W_H                 
00000f22  RF1ASTAT1W_L                 
00000f24  RF1ASTAT2W                   
00000f25  RF1ASTAT2W_H                 
00000f24  RF1ASTAT2W_L                 
00000f3e  RF1ATXFIFO                   
00000f3f  RF1ATXFIFO_H                 
00000f3e  RF1ATXFIFO_L                 
000004ba  RTCADOWDAY                   
000004bb  RTCADOWDAY_H                 
000004ba  RTCADOWDAY_L                 
000004b8  RTCAMINHR                    
000004b9  RTCAMINHR_H                  
000004b8  RTCAMINHR_L                  
000004a0  RTCCTL01                     
000004a1  RTCCTL01_H                   
000004a0  RTCCTL01_L                   
000004a2  RTCCTL23                     
000004a3  RTCCTL23_H                   
000004a2  RTCCTL23_L                   
000004b4  RTCDATE                      
000004b5  RTCDATE_H                    
000004b4  RTCDATE_L                    
000004ae  RTCIV                        
000004ac  RTCPS                        
000004a8  RTCPS0CTL                    
000004a9  RTCPS0CTL_H                  
000004a8  RTCPS0CTL_L                  
000004aa  RTCPS1CTL                    
000004ab  RTCPS1CTL_H                  
000004aa  RTCPS1CTL_L                  
000004ad  RTCPS_H                      
000004ac  RTCPS_L                      
000004b0  RTCTIM0                      
000004b1  RTCTIM0_H                    
000004b0  RTCTIM0_L                    
000004b2  RTCTIM1                      
000004b3  RTCTIM1_H                    
000004b2  RTCTIM1_L                    
000004b6  RTCYEAR                      
000004b7  RTCYEAR_H                    
000004b6  RTCYEAR_L                    
0000a14a  RTC_ISR                      
00000100  SFRIE1                       
00000101  SFRIE1_H                     
00000100  SFRIE1_L                     
00000102  SFRIFG1                      
00000103  SFRIFG1_H                    
00000102  SFRIFG1_L                    
00000104  SFRRPCR                      
00000105  SFRRPCR_H                    
00000104  SFRRPCR_L                    
0000a548  SMPL_Init                    
000099f4  SMPL_LinkListen              
00009fe4  SMPL_Receive                 
000088ca  SMPL_SendOpt                 
0000ae32  SPI_FLASH_BulkErase          
0000a02c  SPI_FLASH_Init               
0000ae50  SPI_FLASH_WaitForWriteEnd    
0000b080  SPI_Read_Data                
0000b094  SPI_Send_Data                
000004ce  SUMEXT                       
000004cf  SUMEXT_H                     
000004ce  SUMEXT_L                     
00000124  SVSMHCTL                     
00000125  SVSMHCTL_H                   
00000124  SVSMHCTL_L                   
00000128  SVSMIO                       
00000129  SVSMIO_H                     
00000128  SVSMIO_L                     
00000126  SVSMLCTL                     
00000127  SVSMLCTL_H                   
00000126  SVSMLCTL_L                   
00000198  SYSBERRIV                    
00000199  SYSBERRIV_H                  
00000198  SYSBERRIV_L                  
00000182  SYSBSLC                      
00000183  SYSBSLC_H                    
00000182  SYSBSLC_L                    
00000180  SYSCTL                       
00000181  SYSCTL_H                     
00000180  SYSCTL_L                     
00000186  SYSJMBC                      
00000187  SYSJMBC_H                    
00000186  SYSJMBC_L                    
00000188  SYSJMBI0                     
00000189  SYSJMBI0_H                   
00000188  SYSJMBI0_L                   
0000018a  SYSJMBI1                     
0000018b  SYSJMBI1_H                   
0000018a  SYSJMBI1_L                   
0000018c  SYSJMBO0                     
0000018d  SYSJMBO0_H                   
0000018c  SYSJMBO0_L                   
0000018e  SYSJMBO1                     
0000018f  SYSJMBO1_H                   
0000018e  SYSJMBO1_L                   
0000019e  SYSRSTIV                     
0000019f  SYSRSTIV_H                   
0000019e  SYSRSTIV_L                   
0000019c  SYSSNIV                      
0000019d  SYSSNIV_H                    
0000019c  SYSSNIV_L                    
0000019a  SYSUNIV                      
0000019b  SYSUNIV_H                    
0000019a  SYSUNIV_L                    
0000b230  Si705x_Init                  
00000352  TA0CCR0                      
00000354  TA0CCR1                      
00000356  TA0CCR2                      
00000358  TA0CCR3                      
0000035a  TA0CCR4                      
00000342  TA0CCTL0                     
00000344  TA0CCTL1                     
00000346  TA0CCTL2                     
00000348  TA0CCTL3                     
0000034a  TA0CCTL4                     
00000340  TA0CTL                       
00000360  TA0EX0                       
0000036e  TA0IV                        
00000350  TA0R                         
00000392  TA1CCR0                      
00000394  TA1CCR1                      
00000396  TA1CCR2                      
00000382  TA1CCTL0                     
00000384  TA1CCTL1                     
00000386  TA1CCTL2                     
00000380  TA1CTL                       
000003a0  TA1EX0                       
000003ae  TA1IV                        
00000390  TA1R                         
000005d0  UCA0ABCTL                    
000005c6  UCA0BRW                      
000005c7  UCA0BRW_H                    
000005c6  UCA0BRW_L                    
000005c0  UCA0CTLW0                    
000005c1  UCA0CTLW0_H                  
000005c0  UCA0CTLW0_L                  
000005dc  UCA0ICTL                     
000005dd  UCA0ICTL_H                   
000005dc  UCA0ICTL_L                   
000005d2  UCA0IRCTL                    
000005d3  UCA0IRCTL_H                  
000005d2  UCA0IRCTL_L                  
000005de  UCA0IV                       
000005c8  UCA0MCTL                     
000005cc  UCA0RXBUF                    
000005ca  UCA0STAT                     
000005ce  UCA0TXBUF                    
000005e6  UCB0BRW                      
000005e7  UCB0BRW_H                    
000005e6  UCB0BRW_L                    
000005e0  UCB0CTLW0                    
000005e1  UCB0CTLW0_H                  
000005e0  UCB0CTLW0_L                  
000005f0  UCB0I2COA                    
000005f1  UCB0I2COA_H                  
000005f0  UCB0I2COA_L                  
000005f2  UCB0I2CSA                    
000005f3  UCB0I2CSA_H                  
000005f2  UCB0I2CSA_L                  
000005fc  UCB0ICTL                     
000005fd  UCB0ICTL_H                   
000005fc  UCB0ICTL_L                   
000005fe  UCB0IV                       
000005ec  UCB0RXBUF                    
000005ea  UCB0STAT                     
000005ee  UCB0TXBUF                    
00000160  UCSCTL0                      
00000161  UCSCTL0_H                    
00000160  UCSCTL0_L                    
00000162  UCSCTL1                      
00000163  UCSCTL1_H                    
00000162  UCSCTL1_L                    
00000164  UCSCTL2                      
00000165  UCSCTL2_H                    
00000164  UCSCTL2_L                    
00000166  UCSCTL3                      
00000167  UCSCTL3_H                    
00000166  UCSCTL3_L                    
00000168  UCSCTL4                      
00000169  UCSCTL4_H                    
00000168  UCSCTL4_L                    
0000016a  UCSCTL5                      
0000016b  UCSCTL5_H                    
0000016a  UCSCTL5_L                    
0000016c  UCSCTL6                      
0000016d  UCSCTL6_H                    
0000016c  UCSCTL6_L                    
0000016e  UCSCTL7                      
0000016f  UCSCTL7_H                    
0000016e  UCSCTL7_L                    
00000170  UCSCTL8                      
00000171  UCSCTL8_H                    
00000170  UCSCTL8_L                    
0000015c  WDTCTL                       
0000015d  WDTCTL_H                     
0000015c  WDTCTL_L                     
000023fc  __STACK_END                  
00000050  __STACK_SIZE                 
0000b26e  __TI_ISR_TRAP                
0000ffd2  __TI_int41                   
0000ffd4  __TI_int42                   
0000ffd6  __TI_int43                   
0000ffd8  __TI_int44                   
0000ffda  __TI_int45                   
0000ffdc  __TI_int46                   
0000ffde  __TI_int47                   
0000ffe0  __TI_int48                   
0000ffe2  __TI_int49                   
0000ffe4  __TI_int50                   
0000ffe6  __TI_int51                   
0000ffe8  __TI_int52                   
0000ffea  __TI_int53                   
0000ffec  __TI_int54                   
0000ffee  __TI_int55                   
0000fff0  __TI_int56                   
0000fff2  __TI_int57                   
0000fff4  __TI_int58                   
0000fff6  __TI_int59                   
0000fff8  __TI_int60                   
0000fffa  __TI_int61                   
0000fffc  __TI_int62                   
ffffffff  __binit__                    
00001c00  __bss__                      
ffffffff  __c_args__                   
0000b54e  __cinit__                    
0000ab16  __divi                       
0000a2e0  __divli                      
0000b054  __divu                       
00009c5a  __divul                      
000022a2  __end__                      
0000b2b0  __etext__                    
0000b06a  __mpyi_f5hw                  
0000ad2e  __mpyl_f5hw                  
ffffffff  __pinit__                    
0000ab16  __remi                       
0000a2e0  __remli                      
0000b054  __remu                       
00009c5a  __remul                      
00008000  __text__                     
00009bfc  _auto_init_hold_wdt          
0000af34  _c_int00_noargs_noexit       
0000fffe  _reset_vector                
000023ac  _stack                       
0000b0f6  _system_pre_init             
0000b298  abort                        
ffffffff  binit                        
0000b54e  cinit                        
000022a2  end                          
0000b2b0  etext                        
0000229a  gNextWkup                    
0000af4e  init_p20                     
00009470  isDupSandFFrame              
00008386  log                          
0000b258  lpw_enterSleep               
0000b244  lpw_exitSleep                
0000b274  lpw_init                     
00009cb2  main                         
0000ad0c  memcmp                       
0000b11a  memcpy                       
0000adf4  memmove                      
0000b0a8  memset                       
0000222c  method                       
0000b542  mrfiBroadcastAddr            
0000b47e  mrfiRadioCfg                 
0000963a  mrfiRadioInterfaceCmdStrobe  
0000a074  mrfiRadioInterfaceReadReg    
00009b9a  mrfiRadioInterfaceReadRxFifo 
0000a784  mrfiRadioInterfaceWriteReg   
0000a7ba  mrfiRadioInterfaceWriteTxFifo
00008de8  my_itoa                      
00009120  my_utoa                      
0000aec8  node_init                    
0000ae6e  nwk_QInit                    
0000a7f0  nwk_QadjustOrder             
000084f2  nwk_QfindOldest              
00009900  nwk_QfindSlot                
000091d4  nwk_SendEmptyPollRspFrame    
00008ec0  nwk_allocateLocalRxPort      
0000aabe  nwk_buildAckReqFrame         
000095a4  nwk_buildFrame               
0000aaea  nwk_checkAppMsgTID           
0000ab6e  nwk_checkConnInfo            
0000a1d6  nwk_findAlreadyJoined        
0000a190  nwk_findPeer                 
0000ac32  nwk_frameInit                
0000b27a  nwk_freeConnection           
0000b03e  nwk_freqInit                 
0000b280  nwk_getBCastAddress          
0000a88e  nwk_getConnInfo              
0000b12c  nwk_getLinkToken             
0000a41a  nwk_getLocalLinkID           
0000b13e  nwk_getMyAddress             
0000b286  nwk_getMyRxType              
00009ea6  nwk_getNextConnection        
0000b1ce  nwk_getNumObjectFromMsg      
0000b28c  nwk_getProtocolVersion       
0000b194  nwk_getQ                     
0000b292  nwk_getSFInfoPtr             
00009980  nwk_getSandFFrame            
0000ac58  nwk_globalsInit              
000096cc  nwk_isConnectionValid        
0000a25e  nwk_isLinkDuplicate          
0000a5bc  nwk_isSandFClient            
0000a5f6  nwk_isValidReply             
0000b29c  nwk_join                     
0000a630  nwk_joinInit                 
0000a8c0  nwk_linkInit                 
0000afcc  nwk_mgmtInit                 
0000987a  nwk_nwkInit                  
0000b24e  nwk_pingInit                 
0000a6de  nwk_processFreq              
0000a458  nwk_processJoin              
0000a9e0  nwk_processLink              
0000a0bc  nwk_processMgmt              
0000a922  nwk_processPing              
0000b2a0  nwk_processSecurity          
0000a494  nwk_putNumObjectIntoMsg      
0000a66a  nwk_replayFrame              
0000b260  nwk_resetSFMarker            
00009328  nwk_retrieveFrame            
00009acc  nwk_saveJoinedDevice         
0000b2a8  nwk_securityInit             
0000950a  nwk_sendAckReply             
0000a952  nwk_sendFrame                
0000aee4  nwk_setChannel               
0000b150  nwk_setLinkToken             
0000b1dc  nwk_setListenContext         
ffffffff  pinit                        
0000905c  post_task                    
0000b0bc  rtc_getTimeOffset            
0000ab98  rtc_init                     
00009d08  rx_handler                   
000087aa  sendTimeSync                 
00008af0  soft_ISR                     
0000b0d0  soft_initTimers              
00008cf0  soft_setTimer                
0000ab42  strncpy                      
0000a6a4  task_mytask                  
0000a826  task_pool_init               
0000927e  task_scheduler               
0000b162  task_sleep                   
0000a320  tmr_awakeISR                 
0000b21a  tmr_sleepISR                 
0000a982  tx_handler                   
0000afe4  tx_peek                      
0000a4d0  tx_send                      
0000a50c  tx_send_wait                 
000093ce  uart_init                    
0000a716  uart_intfc_init              
0000ad50  uart_rx_message              
0000b2a4  uart_rx_message_suspend      
0000aa92  uart_rx_tx_enter_irq         
0000ac7e  uart_tx_message              
0000ad72  uart_tx_message_resume       
0000aeaa  uart_tx_message_suspend      
0000b2aa  wrkstn_processSyncRep        
0000b2ac  wrkstn_processSyncReq        
0000b2ae  wrkstn_processTmpData        
0000af82  wrkstn_registerMsgProcessor  
00009f46  wrkstn_task_addDevice        
000097ec  wrkstn_task_readFrame        


GLOBAL SYMBOLS: SORTED BY Symbol Address 

address   name                         
-------   ----                         
00000050  __STACK_SIZE                 
00000100  SFRIE1                       
00000100  SFRIE1_L                     
00000101  SFRIE1_H                     
00000102  SFRIFG1                      
00000102  SFRIFG1_L                    
00000103  SFRIFG1_H                    
00000104  SFRRPCR                      
00000104  SFRRPCR_L                    
00000105  SFRRPCR_H                    
00000120  PMMCTL0                      
00000120  PMMCTL0_L                    
00000121  PMMCTL0_H                    
00000122  PMMCTL1                      
00000122  PMMCTL1_L                    
00000123  PMMCTL1_H                    
00000124  SVSMHCTL                     
00000124  SVSMHCTL_L                   
00000125  SVSMHCTL_H                   
00000126  SVSMLCTL                     
00000126  SVSMLCTL_L                   
00000127  SVSMLCTL_H                   
00000128  SVSMIO                       
00000128  SVSMIO_L                     
00000129  SVSMIO_H                     
0000012c  PMMIFG                       
0000012c  PMMIFG_L                     
0000012d  PMMIFG_H                     
0000012e  PMMRIE                       
0000012e  PMMRIE_L                     
0000012f  PMMRIE_H                     
00000140  FCTL1                        
00000140  FCTL1_L                      
00000141  FCTL1_H                      
00000144  FCTL3                        
00000144  FCTL3_L                      
00000145  FCTL3_H                      
00000146  FCTL4                        
00000146  FCTL4_L                      
00000147  FCTL4_H                      
00000150  CRCDI                        
00000150  CRCDI_L                      
00000151  CRCDI_H                      
00000154  CRCINIRES                    
00000154  CRCINIRES_L                  
00000155  CRCINIRES_H                  
00000158  RCCTL0                       
00000158  RCCTL0_L                     
00000159  RCCTL0_H                     
0000015c  WDTCTL                       
0000015c  WDTCTL_L                     
0000015d  WDTCTL_H                     
00000160  UCSCTL0                      
00000160  UCSCTL0_L                    
00000161  UCSCTL0_H                    
00000162  UCSCTL1                      
00000162  UCSCTL1_L                    
00000163  UCSCTL1_H                    
00000164  UCSCTL2                      
00000164  UCSCTL2_L                    
00000165  UCSCTL2_H                    
00000166  UCSCTL3                      
00000166  UCSCTL3_L                    
00000167  UCSCTL3_H                    
00000168  UCSCTL4                      
00000168  UCSCTL4_L                    
00000169  UCSCTL4_H                    
0000016a  UCSCTL5                      
0000016a  UCSCTL5_L                    
0000016b  UCSCTL5_H                    
0000016c  UCSCTL6                      
0000016c  UCSCTL6_L                    
0000016d  UCSCTL6_H                    
0000016e  UCSCTL7                      
0000016e  UCSCTL7_L                    
0000016f  UCSCTL7_H                    
00000170  UCSCTL8                      
00000170  UCSCTL8_L                    
00000171  UCSCTL8_H                    
00000180  SYSCTL                       
00000180  SYSCTL_L                     
00000181  SYSCTL_H                     
00000182  SYSBSLC                      
00000182  SYSBSLC_L                    
00000183  SYSBSLC_H                    
00000186  SYSJMBC                      
00000186  SYSJMBC_L                    
00000187  SYSJMBC_H                    
00000188  SYSJMBI0                     
00000188  SYSJMBI0_L                   
00000189  SYSJMBI0_H                   
0000018a  SYSJMBI1                     
0000018a  SYSJMBI1_L                   
0000018b  SYSJMBI1_H                   
0000018c  SYSJMBO0                     
0000018c  SYSJMBO0_L                   
0000018d  SYSJMBO0_H                   
0000018e  SYSJMBO1                     
0000018e  SYSJMBO1_L                   
0000018f  SYSJMBO1_H                   
00000198  SYSBERRIV                    
00000198  SYSBERRIV_L                  
00000199  SYSBERRIV_H                  
0000019a  SYSUNIV                      
0000019a  SYSUNIV_L                    
0000019b  SYSUNIV_H                    
0000019c  SYSSNIV                      
0000019c  SYSSNIV_L                    
0000019d  SYSSNIV_H                    
0000019e  SYSRSTIV                     
0000019e  SYSRSTIV_L                   
0000019f  SYSRSTIV_H                   
000001b0  REFCTL0                      
000001b0  REFCTL0_L                    
000001b1  REFCTL0_H                    
000001c0  PMAPKEYID                    
000001c0  PMAPKEYID_L                  
000001c1  PMAPKEYID_H                  
000001c2  PMAPCTL                      
000001c2  PMAPCTL_L                    
000001c3  PMAPCTL_H                    
000001c8  P1MAP01                      
000001c8  P1MAP01_L                    
000001c9  P1MAP01_H                    
000001ca  P1MAP23                      
000001ca  P1MAP23_L                    
000001cb  P1MAP23_H                    
000001cc  P1MAP45                      
000001cc  P1MAP45_L                    
000001cd  P1MAP45_H                    
000001ce  P1MAP67                      
000001ce  P1MAP67_L                    
000001cf  P1MAP67_H                    
000001d0  P2MAP01                      
000001d0  P2MAP01_L                    
000001d1  P2MAP01_H                    
000001d2  P2MAP23                      
000001d2  P2MAP23_L                    
000001d3  P2MAP23_H                    
000001d4  P2MAP45                      
000001d4  P2MAP45_L                    
000001d5  P2MAP45_H                    
000001d6  P2MAP67                      
000001d6  P2MAP67_L                    
000001d7  P2MAP67_H                    
000001d8  P3MAP01                      
000001d8  P3MAP01_L                    
000001d9  P3MAP01_H                    
000001da  P3MAP23                      
000001da  P3MAP23_L                    
000001db  P3MAP23_H                    
000001dc  P3MAP45                      
000001dc  P3MAP45_L                    
000001dd  P3MAP45_H                    
000001de  P3MAP67                      
000001de  P3MAP67_L                    
000001df  P3MAP67_H                    
00000200  PAIN                         
00000200  PAIN_L                       
00000201  PAIN_H                       
00000202  PAOUT                        
00000202  PAOUT_L                      
00000203  PAOUT_H                      
00000204  PADIR                        
00000204  PADIR_L                      
00000205  PADIR_H                      
00000206  PAREN                        
00000206  PAREN_L                      
00000207  PAREN_H                      
00000208  PADS                         
00000208  PADS_L                       
00000209  PADS_H                       
0000020a  PASEL                        
0000020a  PASEL_L                      
0000020b  PASEL_H                      
0000020e  P1IV                         
00000218  PAIES                        
00000218  PAIES_L                      
00000219  PAIES_H                      
0000021a  PAIE                         
0000021a  PAIE_L                       
0000021b  PAIE_H                       
0000021c  PAIFG                        
0000021c  PAIFG_L                      
0000021d  PAIFG_H                      
0000021e  P2IV                         
00000220  PBIN                         
00000220  PBIN_L                       
00000221  PBIN_H                       
00000222  PBOUT                        
00000222  PBOUT_L                      
00000223  PBOUT_H                      
00000224  PBDIR                        
00000224  PBDIR_L                      
00000225  PBDIR_H                      
00000226  PBREN                        
00000226  PBREN_L                      
00000227  PBREN_H                      
00000228  PBDS                         
00000228  PBDS_L                       
00000229  PBDS_H                       
0000022a  PBSEL                        
0000022a  PBSEL_L                      
0000022b  PBSEL_H                      
00000240  PCIN                         
00000240  PCIN_L                       
00000241  PCIN_H                       
00000242  PCOUT                        
00000242  PCOUT_L                      
00000243  PCOUT_H                      
00000244  PCDIR                        
00000244  PCDIR_L                      
00000245  PCDIR_H                      
00000246  PCREN                        
00000246  PCREN_L                      
00000247  PCREN_H                      
00000248  PCDS                         
00000248  PCDS_L                       
00000249  PCDS_H                       
0000024a  PCSEL                        
0000024a  PCSEL_L                      
0000024b  PCSEL_H                      
00000320  PJIN                         
00000320  PJIN_L                       
00000321  PJIN_H                       
00000322  PJOUT                        
00000322  PJOUT_L                      
00000323  PJOUT_H                      
00000324  PJDIR                        
00000324  PJDIR_L                      
00000325  PJDIR_H                      
00000326  PJREN                        
00000326  PJREN_L                      
00000327  PJREN_H                      
00000328  PJDS                         
00000328  PJDS_L                       
00000329  PJDS_H                       
00000340  TA0CTL                       
00000342  TA0CCTL0                     
00000344  TA0CCTL1                     
00000346  TA0CCTL2                     
00000348  TA0CCTL3                     
0000034a  TA0CCTL4                     
00000350  TA0R                         
00000352  TA0CCR0                      
00000354  TA0CCR1                      
00000356  TA0CCR2                      
00000358  TA0CCR3                      
0000035a  TA0CCR4                      
00000360  TA0EX0                       
0000036e  TA0IV                        
00000380  TA1CTL                       
00000382  TA1CCTL0                     
00000384  TA1CCTL1                     
00000386  TA1CCTL2                     
00000390  TA1R                         
00000392  TA1CCR0                      
00000394  TA1CCR1                      
00000396  TA1CCR2                      
000003a0  TA1EX0                       
000003ae  TA1IV                        
000004a0  RTCCTL01                     
000004a0  RTCCTL01_L                   
000004a1  RTCCTL01_H                   
000004a2  RTCCTL23                     
000004a2  RTCCTL23_L                   
000004a3  RTCCTL23_H                   
000004a8  RTCPS0CTL                    
000004a8  RTCPS0CTL_L                  
000004a9  RTCPS0CTL_H                  
000004aa  RTCPS1CTL                    
000004aa  RTCPS1CTL_L                  
000004ab  RTCPS1CTL_H                  
000004ac  RTCPS                        
000004ac  RTCPS_L                      
000004ad  RTCPS_H                      
000004ae  RTCIV                        
000004b0  RTCTIM0                      
000004b0  RTCTIM0_L                    
000004b1  RTCTIM0_H                    
000004b2  RTCTIM1                      
000004b2  RTCTIM1_L                    
000004b3  RTCTIM1_H                    
000004b4  RTCDATE                      
000004b4  RTCDATE_L                    
000004b5  RTCDATE_H                    
000004b6  RTCYEAR                      
000004b6  RTCYEAR_L                    
000004b7  RTCYEAR_H                    
000004b8  RTCAMINHR                    
000004b8  RTCAMINHR_L                  
000004b9  RTCAMINHR_H                  
000004ba  RTCADOWDAY                   
000004ba  RTCADOWDAY_L                 
000004bb  RTCADOWDAY_H                 
000004c0  MPY                          
000004c0  MPY_L                        
000004c1  MPY_H                        
000004c2  MPYS                         
000004c2  MPYS_L                       
000004c3  MPYS_H                       
000004c4  MAC                          
000004c4  MAC_L                        
000004c5  MAC_H                        
000004c6  MACS                         
000004c6  MACS_L                       
000004c7  MACS_H                       
000004c8  OP2                          
000004c8  OP2_L                        
000004c9  OP2_H                        
000004ca  RESLO                        
000004ca  RESLO_L                      
000004cb  RESLO_H                      
000004cc  RESHI                        
000004cc  RESHI_L                      
000004cd  RESHI_H                      
000004ce  SUMEXT                       
000004ce  SUMEXT_L                     
000004cf  SUMEXT_H                     
000004d0  MPY32L                       
000004d0  MPY32L_L                     
000004d1  MPY32L_H                     
000004d2  MPY32H                       
000004d2  MPY32H_L                     
000004d3  MPY32H_H                     
000004d4  MPYS32L                      
000004d4  MPYS32L_L                    
000004d5  MPYS32L_H                    
000004d6  MPYS32H                      
000004d6  MPYS32H_L                    
000004d7  MPYS32H_H                    
000004d8  MAC32L                       
000004d8  MAC32L_L                     
000004d9  MAC32L_H                     
000004da  MAC32H                       
000004da  MAC32H_L                     
000004db  MAC32H_H                     
000004dc  MACS32L                      
000004dc  MACS32L_L                    
000004dd  MACS32L_H                    
000004de  MACS32H                      
000004de  MACS32H_L                    
000004df  MACS32H_H                    
000004e0  OP2L                         
000004e0  OP2L_L                       
000004e1  OP2L_H                       
000004e2  OP2H                         
000004e2  OP2H_L                       
000004e3  OP2H_H                       
000004e4  RES0                         
000004e4  RES0_L                       
000004e5  RES0_H                       
000004e6  RES1                         
000004e6  RES1_L                       
000004e7  RES1_H                       
000004e8  RES2                         
000004e8  RES2_L                       
000004e9  RES2_H                       
000004ea  RES3                         
000004ea  RES3_L                       
000004eb  RES3_H                       
000004ec  MPY32CTL0                    
000004ec  MPY32CTL0_L                  
000004ed  MPY32CTL0_H                  
00000500  DMACTL0                      
00000500  DMACTL0_L                    
00000501  DMACTL0_H                    
00000502  DMACTL1                      
00000502  DMACTL1_L                    
00000503  DMACTL1_H                    
00000504  DMACTL2                      
00000504  DMACTL2_L                    
00000505  DMACTL2_H                    
00000506  DMACTL3                      
00000506  DMACTL3_L                    
00000507  DMACTL3_H                    
00000508  DMACTL4                      
00000508  DMACTL4_L                    
00000509  DMACTL4_H                    
0000050e  DMAIV                        
0000050e  DMAIV_L                      
0000050f  DMAIV_H                      
00000510  DMA0CTL                      
00000510  DMA0CTL_L                    
00000511  DMA0CTL_H                    
00000512  DMA0SA                       
00000512  DMA0SAL                      
00000514  DMA0SAH                      
00000516  DMA0DA                       
00000516  DMA0DAL                      
00000518  DMA0DAH                      
0000051a  DMA0SZ                       
00000520  DMA1CTL                      
00000520  DMA1CTL_L                    
00000521  DMA1CTL_H                    
00000522  DMA1SA                       
00000522  DMA1SAL                      
00000524  DMA1SAH                      
00000526  DMA1DA                       
00000526  DMA1DAL                      
00000528  DMA1DAH                      
0000052a  DMA1SZ                       
00000530  DMA2CTL                      
00000530  DMA2CTL_L                    
00000531  DMA2CTL_H                    
00000532  DMA2SA                       
00000532  DMA2SAL                      
00000534  DMA2SAH                      
00000536  DMA2DA                       
00000536  DMA2DAL                      
00000538  DMA2DAH                      
0000053a  DMA2SZ                       
000005c0  UCA0CTLW0                    
000005c0  UCA0CTLW0_L                  
000005c1  UCA0CTLW0_H                  
000005c6  UCA0BRW                      
000005c6  UCA0BRW_L                    
000005c7  UCA0BRW_H                    
000005c8  UCA0MCTL                     
000005ca  UCA0STAT                     
000005cc  UCA0RXBUF                    
000005ce  UCA0TXBUF                    
000005d0  UCA0ABCTL                    
000005d2  UCA0IRCTL                    
000005d2  UCA0IRCTL_L                  
000005d3  UCA0IRCTL_H                  
000005dc  UCA0ICTL                     
000005dc  UCA0ICTL_L                   
000005dd  UCA0ICTL_H                   
000005de  UCA0IV                       
000005e0  UCB0CTLW0                    
000005e0  UCB0CTLW0_L                  
000005e1  UCB0CTLW0_H                  
000005e6  UCB0BRW                      
000005e6  UCB0BRW_L                    
000005e7  UCB0BRW_H                    
000005ea  UCB0STAT                     
000005ec  UCB0RXBUF                    
000005ee  UCB0TXBUF                    
000005f0  UCB0I2COA                    
000005f0  UCB0I2COA_L                  
000005f1  UCB0I2COA_H                  
000005f2  UCB0I2CSA                    
000005f2  UCB0I2CSA_L                  
000005f3  UCB0I2CSA_H                  
000005fc  UCB0ICTL                     
000005fc  UCB0ICTL_L                   
000005fd  UCB0ICTL_H                   
000005fe  UCB0IV                       
00000700  ADC12CTL0                    
00000700  ADC12CTL0_L                  
00000701  ADC12CTL0_H                  
00000702  ADC12CTL1                    
00000702  ADC12CTL1_L                  
00000703  ADC12CTL1_H                  
00000704  ADC12CTL2                    
00000704  ADC12CTL2_L                  
00000705  ADC12CTL2_H                  
0000070a  ADC12IFG                     
0000070a  ADC12IFG_L                   
0000070b  ADC12IFG_H                   
0000070c  ADC12IE                      
0000070c  ADC12IE_L                    
0000070d  ADC12IE_H                    
0000070e  ADC12IV                      
0000070e  ADC12IV_L                    
0000070f  ADC12IV_H                    
00000710  ADC12MCTL0                   
00000711  ADC12MCTL1                   
00000712  ADC12MCTL2                   
00000713  ADC12MCTL3                   
00000714  ADC12MCTL4                   
00000715  ADC12MCTL5                   
00000716  ADC12MCTL6                   
00000717  ADC12MCTL7                   
00000718  ADC12MCTL8                   
00000719  ADC12MCTL9                   
0000071a  ADC12MCTL10                  
0000071b  ADC12MCTL11                  
0000071c  ADC12MCTL12                  
0000071d  ADC12MCTL13                  
0000071e  ADC12MCTL14                  
0000071f  ADC12MCTL15                  
00000720  ADC12MEM0                    
00000720  ADC12MEM0_L                  
00000721  ADC12MEM0_H                  
00000722  ADC12MEM1                    
00000722  ADC12MEM1_L                  
00000723  ADC12MEM1_H                  
00000724  ADC12MEM2                    
00000724  ADC12MEM2_L                  
00000725  ADC12MEM2_H                  
00000726  ADC12MEM3                    
00000726  ADC12MEM3_L                  
00000727  ADC12MEM3_H                  
00000728  ADC12MEM4                    
00000728  ADC12MEM4_L                  
00000729  ADC12MEM4_H                  
0000072a  ADC12MEM5                    
0000072a  ADC12MEM5_L                  
0000072b  ADC12MEM5_H                  
0000072c  ADC12MEM6                    
0000072c  ADC12MEM6_L                  
0000072d  ADC12MEM6_H                  
0000072e  ADC12MEM7                    
0000072e  ADC12MEM7_L                  
0000072f  ADC12MEM7_H                  
00000730  ADC12MEM8                    
00000730  ADC12MEM8_L                  
00000731  ADC12MEM8_H                  
00000732  ADC12MEM9                    
00000732  ADC12MEM9_L                  
00000733  ADC12MEM9_H                  
00000734  ADC12MEM10                   
00000734  ADC12MEM10_L                 
00000735  ADC12MEM10_H                 
00000736  ADC12MEM11                   
00000736  ADC12MEM11_L                 
00000737  ADC12MEM11_H                 
00000738  ADC12MEM12                   
00000738  ADC12MEM12_L                 
00000739  ADC12MEM12_H                 
0000073a  ADC12MEM13                   
0000073a  ADC12MEM13_L                 
0000073b  ADC12MEM13_H                 
0000073c  ADC12MEM14                   
0000073c  ADC12MEM14_L                 
0000073d  ADC12MEM14_H                 
0000073e  ADC12MEM15                   
0000073e  ADC12MEM15_L                 
0000073f  ADC12MEM15_H                 
000008c0  CBCTL0                       
000008c0  CBCTL0_L                     
000008c1  CBCTL0_H                     
000008c2  CBCTL1                       
000008c2  CBCTL1_L                     
000008c3  CBCTL1_H                     
000008c4  CBCTL2                       
000008c4  CBCTL2_L                     
000008c5  CBCTL2_H                     
000008c6  CBCTL3                       
000008c6  CBCTL3_L                     
000008c7  CBCTL3_H                     
000008cc  CBINT                        
000008cc  CBINT_L                      
000008cd  CBINT_H                      
000008ce  CBIV                         
000009c0  AESACTL0                     
000009c0  AESACTL0_L                   
000009c1  AESACTL0_H                   
000009c4  AESASTAT                     
000009c4  AESASTAT_L                   
000009c5  AESASTAT_H                   
000009c6  AESAKEY                      
000009c6  AESAKEY_L                    
000009c7  AESAKEY_H                    
000009c8  AESADIN                      
000009c8  AESADIN_L                    
000009c9  AESADIN_H                    
000009ca  AESADOUT                     
000009ca  AESADOUT_L                   
000009cb  AESADOUT_H                   
00000f00  RF1AIFCTL0                   
00000f00  RF1AIFCTL0_L                 
00000f01  RF1AIFCTL0_H                 
00000f02  RF1AIFCTL1                   
00000f02  RF1AIFCTL1_L                 
00000f03  RF1AIFCTL1_H                 
00000f04  RF1AIFCTL2                   
00000f04  RF1AIFCTL2_L                 
00000f05  RF1AIFCTL2_H                 
00000f06  RF1AIFERR                    
00000f06  RF1AIFERR_L                  
00000f07  RF1AIFERR_H                  
00000f0c  RF1AIFERRV                   
00000f0c  RF1AIFERRV_L                 
00000f0d  RF1AIFERRV_H                 
00000f0e  RF1AIFIV                     
00000f0e  RF1AIFIV_L                   
00000f0f  RF1AIFIV_H                   
00000f10  RF1AINSTRW                   
00000f10  RF1AINSTRW_L                 
00000f11  RF1AINSTRW_H                 
00000f12  RF1AINSTR1W                  
00000f12  RF1AINSTR1W_L                
00000f13  RF1AINSTR1W_H                
00000f14  RF1AINSTR2W                  
00000f14  RF1AINSTR2W_L                
00000f15  RF1AINSTR2W_H                
00000f16  RF1ADINW                     
00000f16  RF1ADINW_L                   
00000f17  RF1ADINW_H                   
00000f20  RF1ASTAT0W                   
00000f20  RF1ASTAT0W_L                 
00000f21  RF1ASTAT0W_H                 
00000f22  RF1ASTAT1W                   
00000f22  RF1ASTAT1W_L                 
00000f23  RF1ASTAT1W_H                 
00000f24  RF1ASTAT2W                   
00000f24  RF1ASTAT2W_L                 
00000f25  RF1ASTAT2W_H                 
00000f28  RF1ADOUT0W                   
00000f28  RF1ADOUT0W_L                 
00000f29  RF1ADOUT0W_H                 
00000f2a  RF1ADOUT1W                   
00000f2a  RF1ADOUT1W_L                 
00000f2b  RF1ADOUT1W_H                 
00000f2c  RF1ADOUT2W                   
00000f2c  RF1ADOUT2W_L                 
00000f2d  RF1ADOUT2W_H                 
00000f30  RF1AIN                       
00000f30  RF1AIN_L                     
00000f31  RF1AIN_H                     
00000f32  RF1AIFG                      
00000f32  RF1AIFG_L                    
00000f33  RF1AIFG_H                    
00000f34  RF1AIES                      
00000f34  RF1AIES_L                    
00000f35  RF1AIES_H                    
00000f36  RF1AIE                       
00000f36  RF1AIE_L                     
00000f37  RF1AIE_H                     
00000f38  RF1AIV                       
00000f38  RF1AIV_L                     
00000f39  RF1AIV_H                     
00000f3c  RF1ARXFIFO                   
00000f3c  RF1ARXFIFO_L                 
00000f3d  RF1ARXFIFO_H                 
00000f3e  RF1ATXFIFO                   
00000f3e  RF1ATXFIFO_L                 
00000f3f  RF1ATXFIFO_H                 
00001c00  .bss                         
00001c00  __bss__                      
0000222c  method                       
0000229a  gNextWkup                    
000022a2  __end__                      
000022a2  end                          
000023ac  _stack                       
000023fc  __STACK_END                  
00008000  .text                        
00008000  MRFI_Init                    
00008000  __text__                     
00008386  log                          
000084f2  nwk_QfindOldest              
000087aa  sendTimeSync                 
000088ca  SMPL_SendOpt                 
00008af0  soft_ISR                     
00008cf0  soft_setTimer                
00008de8  my_itoa                      
00008ec0  nwk_allocateLocalRxPort      
00008f96  MRFI_Transmit                
0000905c  post_task                    
00009120  my_utoa                      
000091d4  nwk_SendEmptyPollRspFrame    
0000927e  task_scheduler               
00009328  nwk_retrieveFrame            
000093ce  uart_init                    
00009470  isDupSandFFrame              
0000950a  nwk_sendAckReply             
000095a4  nwk_buildFrame               
0000963a  mrfiRadioInterfaceCmdStrobe  
000096cc  nwk_isConnectionValid        
000097ec  wrkstn_task_readFrame        
0000987a  nwk_nwkInit                  
00009900  nwk_QfindSlot                
00009980  nwk_getSandFFrame            
000099f4  SMPL_LinkListen              
00009a64  MRFI_RadioIsr                
00009acc  nwk_saveJoinedDevice         
00009b9a  mrfiRadioInterfaceReadRxFifo 
00009bfc  _auto_init_hold_wdt          
00009c5a  __divul                      
00009c5a  __remul                      
00009cb2  main                         
00009d08  rx_handler                   
00009ea6  nwk_getNextConnection        
00009f46  wrkstn_task_addDevice        
00009fe4  SMPL_Receive                 
0000a02c  SPI_FLASH_Init               
0000a074  mrfiRadioInterfaceReadReg    
0000a0bc  nwk_processMgmt              
0000a14a  RTC_ISR                      
0000a190  nwk_findPeer                 
0000a1d6  nwk_findAlreadyJoined        
0000a25e  nwk_isLinkDuplicate          
0000a2a0  MRFI_ReplyDelay              
0000a2e0  __divli                      
0000a2e0  __remli                      
0000a320  tmr_awakeISR                 
0000a39e  L_LSL_15                     
0000a3a2  L_LSL_14                     
0000a3a6  L_LSL_13                     
0000a3aa  L_LSL_12                     
0000a3ae  L_LSL_11                     
0000a3b2  L_LSL_10                     
0000a3b6  L_LSL_9                      
0000a3ba  L_LSL_8                      
0000a3be  L_LSL_7                      
0000a3c2  L_LSL_6                      
0000a3c6  L_LSL_5                      
0000a3ca  L_LSL_4                      
0000a3ce  L_LSL_3                      
0000a3d2  L_LSL_2                      
0000a3d6  L_LSL_1                      
0000a3dc  L_LSR_15                     
0000a3e0  L_LSR_14                     
0000a3e4  L_LSR_13                     
0000a3e8  L_LSR_12                     
0000a3ec  L_LSR_11                     
0000a3f0  L_LSR_10                     
0000a3f4  L_LSR_9                      
0000a3f8  L_LSR_8                      
0000a3fc  L_LSR_7                      
0000a400  L_LSR_6                      
0000a404  L_LSR_5                      
0000a408  L_LSR_4                      
0000a40c  L_LSR_3                      
0000a410  L_LSR_2                      
0000a414  L_LSR_1                      
0000a41a  nwk_getLocalLinkID           
0000a458  nwk_processJoin              
0000a494  nwk_putNumObjectIntoMsg      
0000a4d0  tx_send                      
0000a50c  tx_send_wait                 
0000a548  SMPL_Init                    
0000a5bc  nwk_isSandFClient            
0000a5f6  nwk_isValidReply             
0000a630  nwk_joinInit                 
0000a66a  nwk_replayFrame              
0000a6a4  task_mytask                  
0000a6de  nwk_processFreq              
0000a716  uart_intfc_init              
0000a74e  BSP_Delay                    
0000a784  mrfiRadioInterfaceWriteReg   
0000a7ba  mrfiRadioInterfaceWriteTxFifo
0000a7f0  nwk_QadjustOrder             
0000a826  task_pool_init               
0000a85c  MRFI_SetLogicalChannel       
0000a88e  nwk_getConnInfo              
0000a8c0  nwk_linkInit                 
0000a922  nwk_processPing              
0000a952  nwk_sendFrame                
0000a982  tx_handler                   
0000a9e0  nwk_processLink              
0000aa92  uart_rx_tx_enter_irq         
0000aabe  nwk_buildAckReqFrame         
0000aaea  nwk_checkAppMsgTID           
0000ab16  __divi                       
0000ab16  __remi                       
0000ab42  strncpy                      
0000ab6e  nwk_checkConnInfo            
0000ab98  rtc_init                     
0000abc0  MRFI_Sleep                   
0000ac32  nwk_frameInit                
0000ac58  nwk_globalsInit              
0000ac7e  uart_tx_message              
0000acc8  MRFI_RxOn                    
0000acea  MRFI_WakeUp                  
0000ad0c  memcmp                       
0000ad2e  __mpyl_f5hw                  
0000ad50  uart_rx_message              
0000ad72  uart_tx_message_resume       
0000ad94  BSP_Init                     
0000adb4  MRFI_RxCompleteISR           
0000add4  MRFI_RxIdle                  
0000adf4  memmove                      
0000ae14  MRFI_SetRFPwr                
0000ae32  SPI_FLASH_BulkErase          
0000ae50  SPI_FLASH_WaitForWriteEnd    
0000ae6e  nwk_QInit                    
0000aeaa  uart_tx_message_suspend      
0000aec8  node_init                    
0000aee4  nwk_setChannel               
0000af00  BSP_InitDrivers              
0000af1a  BSP_InitLeds                 
0000af34  _c_int00_noargs_noexit       
0000af4e  init_p20                     
0000af82  wrkstn_registerMsgProcessor  
0000af9c  MRFI_DelayMs                 
0000afcc  nwk_mgmtInit                 
0000afe4  tx_peek                      
0000affc  ExtenalFlash_Write_Enable    
0000b012  MRFI_RandomByte              
0000b03e  nwk_freqInit                 
0000b054  __divu                       
0000b054  __remu                       
0000b06a  __mpyi_f5hw                  
0000b080  SPI_Read_Data                
0000b094  SPI_Send_Data                
0000b0a8  memset                       
0000b0bc  rtc_getTimeOffset            
0000b0d0  soft_initTimers              
0000b0e4  PORT2_ISR                    
0000b0f6  _system_pre_init             
0000b11a  memcpy                       
0000b12c  nwk_getLinkToken             
0000b13e  nwk_getMyAddress             
0000b150  nwk_setLinkToken             
0000b162  task_sleep                   
0000b174  BSP_InitBoard                
0000b184  L_ASR                        
0000b194  nwk_getQ                     
0000b1a4  BSP_InitButtons              
0000b1b2  MRFI_Receive                 
0000b1ce  nwk_getNumObjectFromMsg      
0000b1dc  nwk_setListenContext         
0000b1ea  MRFI_PostKillSem             
0000b21a  tmr_sleepISR                 
0000b230  Si705x_Init                  
0000b244  lpw_exitSleep                
0000b24e  nwk_pingInit                 
0000b258  lpw_enterSleep               
0000b260  nwk_resetSFMarker            
0000b268  MRFI_GetRadioState           
0000b26e  __TI_ISR_TRAP                
0000b274  lpw_init                     
0000b27a  nwk_freeConnection           
0000b280  nwk_getBCastAddress          
0000b286  nwk_getMyRxType              
0000b28c  nwk_getProtocolVersion       
0000b292  nwk_getSFInfoPtr             
0000b298  C$$EXIT                      
0000b298  abort                        
0000b29c  nwk_join                     
0000b2a0  nwk_processSecurity          
0000b2a4  uart_rx_message_suspend      
0000b2a8  nwk_securityInit             
0000b2aa  wrkstn_processSyncRep        
0000b2ac  wrkstn_processSyncReq        
0000b2ae  wrkstn_processTmpData        
0000b2b0  __etext__                    
0000b2b0  etext                        
0000b47e  mrfiRadioCfg                 
0000b542  mrfiBroadcastAddr            
0000b54e  __cinit__                    
0000b54e  cinit                        
0000ffd2  __TI_int41                   
0000ffd4  __TI_int42                   
0000ffd6  __TI_int43                   
0000ffd8  __TI_int44                   
0000ffda  __TI_int45                   
0000ffdc  __TI_int46                   
0000ffde  __TI_int47                   
0000ffe0  __TI_int48                   
0000ffe2  __TI_int49                   
0000ffe4  __TI_int50                   
0000ffe6  __TI_int51                   
0000ffe8  __TI_int52                   
0000ffea  __TI_int53                   
0000ffec  __TI_int54                   
0000ffee  __TI_int55                   
0000fff0  __TI_int56                   
0000fff2  __TI_int57                   
0000fff4  __TI_int58                   
0000fff6  __TI_int59                   
0000fff8  __TI_int60                   
0000fffa  __TI_int61                   
0000fffc  __TI_int62                   
0000fffe  _reset_vector                
ffffffff  __binit__                    
ffffffff  __c_args__                   
ffffffff  __pinit__                    
ffffffff  binit                        
ffffffff  pinit                        

[864 symbols]
