<?xml version="1.0"?>
<link_info>
   <banner>MSP430 Linker Unix v4.4.5</banner>
   <copyright>Copyright (c) 2003-2015 Texas Instruments Incorporated</copyright>
   <link_time>0x589aa7a9</link_time>
   <link_errors>0x0</link_errors>
   <output_file>Project.out</output_file>
   <entry_point>
      <name>_c_int00_noargs_noexit</name>
      <address>0xaf34</address>
   </entry_point>
   <input_file_list>
      <input_file id="fl-2">
         <path>./Components/nwk_applications/</path>
         <kind>object</kind>
         <file>nwk_freq.obj</file>
         <name>nwk_freq.obj</name>
      </input_file>
      <input_file id="fl-3">
         <path>./Components/nwk_applications/</path>
         <kind>object</kind>
         <file>nwk_ioctl.obj</file>
         <name>nwk_ioctl.obj</name>
      </input_file>
      <input_file id="fl-4">
         <path>./Components/nwk_applications/</path>
         <kind>object</kind>
         <file>nwk_join.obj</file>
         <name>nwk_join.obj</name>
      </input_file>
      <input_file id="fl-5">
         <path>./Components/nwk_applications/</path>
         <kind>object</kind>
         <file>nwk_link.obj</file>
         <name>nwk_link.obj</name>
      </input_file>
      <input_file id="fl-6">
         <path>./Components/nwk_applications/</path>
         <kind>object</kind>
         <file>nwk_mgmt.obj</file>
         <name>nwk_mgmt.obj</name>
      </input_file>
      <input_file id="fl-7">
         <path>./Components/nwk_applications/</path>
         <kind>object</kind>
         <file>nwk_ping.obj</file>
         <name>nwk_ping.obj</name>
      </input_file>
      <input_file id="fl-8">
         <path>./Components/nwk_applications/</path>
         <kind>object</kind>
         <file>nwk_security.obj</file>
         <name>nwk_security.obj</name>
      </input_file>
      <input_file id="fl-9">
         <path>./Components/nwk/</path>
         <kind>object</kind>
         <file>nwk.obj</file>
         <name>nwk.obj</name>
      </input_file>
      <input_file id="fl-a">
         <path>./Components/nwk/</path>
         <kind>object</kind>
         <file>nwk_QMgmt.obj</file>
         <name>nwk_QMgmt.obj</name>
      </input_file>
      <input_file id="fl-b">
         <path>./Components/nwk/</path>
         <kind>object</kind>
         <file>nwk_api.obj</file>
         <name>nwk_api.obj</name>
      </input_file>
      <input_file id="fl-c">
         <path>./Components/nwk/</path>
         <kind>object</kind>
         <file>nwk_frame.obj</file>
         <name>nwk_frame.obj</name>
      </input_file>
      <input_file id="fl-d">
         <path>./Components/nwk/</path>
         <kind>object</kind>
         <file>nwk_globals.obj</file>
         <name>nwk_globals.obj</name>
      </input_file>
      <input_file id="fl-e">
         <path>./Components/mrfi/</path>
         <kind>object</kind>
         <file>mrfi.obj</file>
         <name>mrfi.obj</name>
      </input_file>
      <input_file id="fl-f">
         <path>./Components/common/platform_ind/</path>
         <kind>object</kind>
         <file>soft_timer.obj</file>
         <name>soft_timer.obj</name>
      </input_file>
      <input_file id="fl-10">
         <path>./Components/common/platform_ind/</path>
         <kind>object</kind>
         <file>task_scheduler.obj</file>
         <name>task_scheduler.obj</name>
      </input_file>
      <input_file id="fl-11">
         <path>./Components/common/platform_ind/</path>
         <kind>object</kind>
         <file>utils.obj</file>
         <name>utils.obj</name>
      </input_file>
      <input_file id="fl-12">
         <path>./Components/common/platform/</path>
         <kind>object</kind>
         <file>lpw_cc430.obj</file>
         <name>lpw_cc430.obj</name>
      </input_file>
      <input_file id="fl-13">
         <path>./Components/common/platform/</path>
         <kind>object</kind>
         <file>port_cc430.obj</file>
         <name>port_cc430.obj</name>
      </input_file>
      <input_file id="fl-14">
         <path>./Components/common/platform/</path>
         <kind>object</kind>
         <file>rtc_cc430.obj</file>
         <name>rtc_cc430.obj</name>
      </input_file>
      <input_file id="fl-15">
         <path>./Components/bsp/uart/</path>
         <kind>object</kind>
         <file>uart_cc430.obj</file>
         <name>uart_cc430.obj</name>
      </input_file>
      <input_file id="fl-16">
         <path>./Components/bsp/uart/</path>
         <kind>object</kind>
         <file>uart_intfc_cc430.obj</file>
         <name>uart_intfc_cc430.obj</name>
      </input_file>
      <input_file id="fl-17">
         <path>./Components/bsp/</path>
         <kind>object</kind>
         <file>bsp.obj</file>
         <name>bsp.obj</name>
      </input_file>
      <input_file id="fl-18">
         <path>./Components/bsp/Peripheral/</path>
         <kind>object</kind>
         <file>Si705x.obj</file>
         <name>Si705x.obj</name>
      </input_file>
      <input_file id="fl-19">
         <path>./Components/bsp/Peripheral/</path>
         <kind>object</kind>
         <file>i2c.obj</file>
         <name>i2c.obj</name>
      </input_file>
      <input_file id="fl-1a">
         <path>./Components/bsp/Peripheral/</path>
         <kind>object</kind>
         <file>w25x16.obj</file>
         <name>w25x16.obj</name>
      </input_file>
      <input_file id="fl-1b">
         <path>./Applications/application/Access Point/</path>
         <kind>object</kind>
         <file>main_AP_Async_Listen_autoack.obj</file>
         <name>main_AP_Async_Listen_autoack.obj</name>
      </input_file>
      <input_file id="fl-1c">
         <path>./Applications/appcommon/wrkstn/</path>
         <kind>object</kind>
         <file>wrkstn.obj</file>
         <name>wrkstn.obj</name>
      </input_file>
      <input_file id="fl-1d">
         <path>./Applications/appcommon/tmpsnr/</path>
         <kind>object</kind>
         <file>tmpsnr.obj</file>
         <name>tmpsnr.obj</name>
      </input_file>
      <input_file id="fl-1e">
         <path>./Applications/appcommon/</path>
         <kind>object</kind>
         <file>mydef.obj</file>
         <name>mydef.obj</name>
      </input_file>
      <input_file id="fl-1f">
         <path>./Applications/appcommon/</path>
         <kind>object</kind>
         <file>node.obj</file>
         <name>node.obj</name>
      </input_file>
      <input_file id="fl-26">
         <path>/home/test/ti/ccsv6/tools/compiler/ti-cgt-msp430_4.4.5/lib/</path>
         <kind>archive</kind>
         <file>rts430x.lib</file>
         <name>asr32.obj</name>
      </input_file>
      <input_file id="fl-27">
         <path>/home/test/ti/ccsv6/tools/compiler/ti-cgt-msp430_4.4.5/lib/</path>
         <kind>archive</kind>
         <file>rts430x.lib</file>
         <name>boot.obj</name>
      </input_file>
      <input_file id="fl-28">
         <path>/home/test/ti/ccsv6/tools/compiler/ti-cgt-msp430_4.4.5/lib/</path>
         <kind>archive</kind>
         <file>rts430x.lib</file>
         <name>boot_special.obj</name>
      </input_file>
      <input_file id="fl-29">
         <path>/home/test/ti/ccsv6/tools/compiler/ti-cgt-msp430_4.4.5/lib/</path>
         <kind>archive</kind>
         <file>rts430x.lib</file>
         <name>copy_decompress_none.obj</name>
      </input_file>
      <input_file id="fl-2a">
         <path>/home/test/ti/ccsv6/tools/compiler/ti-cgt-msp430_4.4.5/lib/</path>
         <kind>archive</kind>
         <file>rts430x.lib</file>
         <name>copy_decompress_rle.obj</name>
      </input_file>
      <input_file id="fl-2b">
         <path>/home/test/ti/ccsv6/tools/compiler/ti-cgt-msp430_4.4.5/lib/</path>
         <kind>archive</kind>
         <file>rts430x.lib</file>
         <name>copy_zero_init.obj</name>
      </input_file>
      <input_file id="fl-2c">
         <path>/home/test/ti/ccsv6/tools/compiler/ti-cgt-msp430_4.4.5/lib/</path>
         <kind>archive</kind>
         <file>rts430x.lib</file>
         <name>cpy_util.obj</name>
      </input_file>
      <input_file id="fl-2d">
         <path>/home/test/ti/ccsv6/tools/compiler/ti-cgt-msp430_4.4.5/lib/</path>
         <kind>archive</kind>
         <file>rts430x.lib</file>
         <name>div16s.obj</name>
      </input_file>
      <input_file id="fl-2e">
         <path>/home/test/ti/ccsv6/tools/compiler/ti-cgt-msp430_4.4.5/lib/</path>
         <kind>archive</kind>
         <file>rts430x.lib</file>
         <name>div16u.obj</name>
      </input_file>
      <input_file id="fl-2f">
         <path>/home/test/ti/ccsv6/tools/compiler/ti-cgt-msp430_4.4.5/lib/</path>
         <kind>archive</kind>
         <file>rts430x.lib</file>
         <name>div32s.obj</name>
      </input_file>
      <input_file id="fl-30">
         <path>/home/test/ti/ccsv6/tools/compiler/ti-cgt-msp430_4.4.5/lib/</path>
         <kind>archive</kind>
         <file>rts430x.lib</file>
         <name>div32u.obj</name>
      </input_file>
      <input_file id="fl-31">
         <path>/home/test/ti/ccsv6/tools/compiler/ti-cgt-msp430_4.4.5/lib/</path>
         <kind>archive</kind>
         <file>rts430x.lib</file>
         <name>exit.obj</name>
      </input_file>
      <input_file id="fl-32">
         <path>/home/test/ti/ccsv6/tools/compiler/ti-cgt-msp430_4.4.5/lib/</path>
         <kind>archive</kind>
         <file>rts430x.lib</file>
         <name>exit_gvars.obj</name>
      </input_file>
      <input_file id="fl-33">
         <path>/home/test/ti/ccsv6/tools/compiler/ti-cgt-msp430_4.4.5/lib/</path>
         <kind>archive</kind>
         <file>rts430x.lib</file>
         <name>int41.obj</name>
      </input_file>
      <input_file id="fl-34">
         <path>/home/test/ti/ccsv6/tools/compiler/ti-cgt-msp430_4.4.5/lib/</path>
         <kind>archive</kind>
         <file>rts430x.lib</file>
         <name>int42.obj</name>
      </input_file>
      <input_file id="fl-35">
         <path>/home/test/ti/ccsv6/tools/compiler/ti-cgt-msp430_4.4.5/lib/</path>
         <kind>archive</kind>
         <file>rts430x.lib</file>
         <name>int43.obj</name>
      </input_file>
      <input_file id="fl-36">
         <path>/home/test/ti/ccsv6/tools/compiler/ti-cgt-msp430_4.4.5/lib/</path>
         <kind>archive</kind>
         <file>rts430x.lib</file>
         <name>int44.obj</name>
      </input_file>
      <input_file id="fl-37">
         <path>/home/test/ti/ccsv6/tools/compiler/ti-cgt-msp430_4.4.5/lib/</path>
         <kind>archive</kind>
         <file>rts430x.lib</file>
         <name>int45.obj</name>
      </input_file>
      <input_file id="fl-38">
         <path>/home/test/ti/ccsv6/tools/compiler/ti-cgt-msp430_4.4.5/lib/</path>
         <kind>archive</kind>
         <file>rts430x.lib</file>
         <name>int47.obj</name>
      </input_file>
      <input_file id="fl-39">
         <path>/home/test/ti/ccsv6/tools/compiler/ti-cgt-msp430_4.4.5/lib/</path>
         <kind>archive</kind>
         <file>rts430x.lib</file>
         <name>int49.obj</name>
      </input_file>
      <input_file id="fl-3a">
         <path>/home/test/ti/ccsv6/tools/compiler/ti-cgt-msp430_4.4.5/lib/</path>
         <kind>archive</kind>
         <file>rts430x.lib</file>
         <name>int50.obj</name>
      </input_file>
      <input_file id="fl-3b">
         <path>/home/test/ti/ccsv6/tools/compiler/ti-cgt-msp430_4.4.5/lib/</path>
         <kind>archive</kind>
         <file>rts430x.lib</file>
         <name>int51.obj</name>
      </input_file>
      <input_file id="fl-3c">
         <path>/home/test/ti/ccsv6/tools/compiler/ti-cgt-msp430_4.4.5/lib/</path>
         <kind>archive</kind>
         <file>rts430x.lib</file>
         <name>int52.obj</name>
      </input_file>
      <input_file id="fl-3d">
         <path>/home/test/ti/ccsv6/tools/compiler/ti-cgt-msp430_4.4.5/lib/</path>
         <kind>archive</kind>
         <file>rts430x.lib</file>
         <name>int54.obj</name>
      </input_file>
      <input_file id="fl-3e">
         <path>/home/test/ti/ccsv6/tools/compiler/ti-cgt-msp430_4.4.5/lib/</path>
         <kind>archive</kind>
         <file>rts430x.lib</file>
         <name>int55.obj</name>
      </input_file>
      <input_file id="fl-3f">
         <path>/home/test/ti/ccsv6/tools/compiler/ti-cgt-msp430_4.4.5/lib/</path>
         <kind>archive</kind>
         <file>rts430x.lib</file>
         <name>int56.obj</name>
      </input_file>
      <input_file id="fl-40">
         <path>/home/test/ti/ccsv6/tools/compiler/ti-cgt-msp430_4.4.5/lib/</path>
         <kind>archive</kind>
         <file>rts430x.lib</file>
         <name>int57.obj</name>
      </input_file>
      <input_file id="fl-41">
         <path>/home/test/ti/ccsv6/tools/compiler/ti-cgt-msp430_4.4.5/lib/</path>
         <kind>archive</kind>
         <file>rts430x.lib</file>
         <name>int59.obj</name>
      </input_file>
      <input_file id="fl-42">
         <path>/home/test/ti/ccsv6/tools/compiler/ti-cgt-msp430_4.4.5/lib/</path>
         <kind>archive</kind>
         <file>rts430x.lib</file>
         <name>int60.obj</name>
      </input_file>
      <input_file id="fl-43">
         <path>/home/test/ti/ccsv6/tools/compiler/ti-cgt-msp430_4.4.5/lib/</path>
         <kind>archive</kind>
         <file>rts430x.lib</file>
         <name>int61.obj</name>
      </input_file>
      <input_file id="fl-44">
         <path>/home/test/ti/ccsv6/tools/compiler/ti-cgt-msp430_4.4.5/lib/</path>
         <kind>archive</kind>
         <file>rts430x.lib</file>
         <name>int62.obj</name>
      </input_file>
      <input_file id="fl-45">
         <path>/home/test/ti/ccsv6/tools/compiler/ti-cgt-msp430_4.4.5/lib/</path>
         <kind>archive</kind>
         <file>rts430x.lib</file>
         <name>isr_trap.obj</name>
      </input_file>
      <input_file id="fl-46">
         <path>/home/test/ti/ccsv6/tools/compiler/ti-cgt-msp430_4.4.5/lib/</path>
         <kind>archive</kind>
         <file>rts430x.lib</file>
         <name>lsl32.obj</name>
      </input_file>
      <input_file id="fl-47">
         <path>/home/test/ti/ccsv6/tools/compiler/ti-cgt-msp430_4.4.5/lib/</path>
         <kind>archive</kind>
         <file>rts430x.lib</file>
         <name>lsr32.obj</name>
      </input_file>
      <input_file id="fl-48">
         <path>/home/test/ti/ccsv6/tools/compiler/ti-cgt-msp430_4.4.5/lib/</path>
         <kind>archive</kind>
         <file>rts430x.lib</file>
         <name>memcmp.obj</name>
      </input_file>
      <input_file id="fl-49">
         <path>/home/test/ti/ccsv6/tools/compiler/ti-cgt-msp430_4.4.5/lib/</path>
         <kind>archive</kind>
         <file>rts430x.lib</file>
         <name>memcpy.obj</name>
      </input_file>
      <input_file id="fl-4a">
         <path>/home/test/ti/ccsv6/tools/compiler/ti-cgt-msp430_4.4.5/lib/</path>
         <kind>archive</kind>
         <file>rts430x.lib</file>
         <name>memmov.obj</name>
      </input_file>
      <input_file id="fl-4b">
         <path>/home/test/ti/ccsv6/tools/compiler/ti-cgt-msp430_4.4.5/lib/</path>
         <kind>archive</kind>
         <file>rts430x.lib</file>
         <name>memset.obj</name>
      </input_file>
      <input_file id="fl-4c">
         <path>/home/test/ti/ccsv6/tools/compiler/ti-cgt-msp430_4.4.5/lib/</path>
         <kind>archive</kind>
         <file>rts430x.lib</file>
         <name>mpu_init.obj</name>
      </input_file>
      <input_file id="fl-4d">
         <path>/home/test/ti/ccsv6/tools/compiler/ti-cgt-msp430_4.4.5/lib/</path>
         <kind>archive</kind>
         <file>rts430x.lib</file>
         <name>mult16.obj</name>
      </input_file>
      <input_file id="fl-4e">
         <path>/home/test/ti/ccsv6/tools/compiler/ti-cgt-msp430_4.4.5/lib/</path>
         <kind>archive</kind>
         <file>rts430x.lib</file>
         <name>mult1632_f5hw.obj</name>
      </input_file>
      <input_file id="fl-4f">
         <path>/home/test/ti/ccsv6/tools/compiler/ti-cgt-msp430_4.4.5/lib/</path>
         <kind>archive</kind>
         <file>rts430x.lib</file>
         <name>mult16_f5hw.obj</name>
      </input_file>
      <input_file id="fl-50">
         <path>/home/test/ti/ccsv6/tools/compiler/ti-cgt-msp430_4.4.5/lib/</path>
         <kind>archive</kind>
         <file>rts430x.lib</file>
         <name>mult32.obj</name>
      </input_file>
      <input_file id="fl-51">
         <path>/home/test/ti/ccsv6/tools/compiler/ti-cgt-msp430_4.4.5/lib/</path>
         <kind>archive</kind>
         <file>rts430x.lib</file>
         <name>mult3264_f5hw.obj</name>
      </input_file>
      <input_file id="fl-52">
         <path>/home/test/ti/ccsv6/tools/compiler/ti-cgt-msp430_4.4.5/lib/</path>
         <kind>archive</kind>
         <file>rts430x.lib</file>
         <name>mult32_f5hw.obj</name>
      </input_file>
      <input_file id="fl-53">
         <path>/home/test/ti/ccsv6/tools/compiler/ti-cgt-msp430_4.4.5/lib/</path>
         <kind>archive</kind>
         <file>rts430x.lib</file>
         <name>mult64_f5hw.obj</name>
      </input_file>
      <input_file id="fl-54">
         <path>/home/test/ti/ccsv6/tools/compiler/ti-cgt-msp430_4.4.5/lib/</path>
         <kind>archive</kind>
         <file>rts430x.lib</file>
         <name>strncpy.obj</name>
      </input_file>
      <input_file id="fl-55">
         <path>/home/test/ti/ccsv6/tools/compiler/ti-cgt-msp430_4.4.5/lib/</path>
         <kind>archive</kind>
         <file>rts430x.lib</file>
         <name>_lock.obj</name>
      </input_file>
      <input_file id="fl-56">
         <path>/home/test/ti/ccsv6/tools/compiler/ti-cgt-msp430_4.4.5/lib/</path>
         <kind>archive</kind>
         <file>rts430x.lib</file>
         <name>args_main.obj</name>
      </input_file>
      <input_file id="fl-57">
         <path>/home/test/ti/ccsv6/tools/compiler/ti-cgt-msp430_4.4.5/lib/</path>
         <kind>archive</kind>
         <file>rts430x.lib</file>
         <name>autoinit_wdt.obj</name>
      </input_file>
   </input_file_list>
   <object_component_list>
      <object_component id="oc-88">
         <name>.bss</name>
         <uninitialized>true</uninitialized>
         <run_address>0x229e</run_address>
         <size>0x2</size>
         <input_file_ref idref="fl-2"/>
      </object_component>
      <object_component id="oc-94">
         <name>.bss</name>
         <uninitialized>true</uninitialized>
         <run_address>0x2254</run_address>
         <size>0xd</size>
         <input_file_ref idref="fl-4"/>
      </object_component>
      <object_component id="oc-9b">
         <name>.bss</name>
         <uninitialized>true</uninitialized>
         <run_address>0x2244</run_address>
         <size>0x10</size>
         <input_file_ref idref="fl-5"/>
      </object_component>
      <object_component id="oc-a2">
         <name>.bss</name>
         <uninitialized>true</uninitialized>
         <run_address>0x2294</run_address>
         <size>0x5</size>
         <input_file_ref idref="fl-6"/>
      </object_component>
      <object_component id="oc-a9">
         <name>.bss</name>
         <uninitialized>true</uninitialized>
         <run_address>0x21a7</run_address>
         <size>0x1</size>
         <input_file_ref idref="fl-7"/>
      </object_component>
      <object_component id="oc-b5">
         <name>.bss</name>
         <uninitialized>true</uninitialized>
         <run_address>0x20c0</run_address>
         <size>0x81</size>
         <input_file_ref idref="fl-9"/>
      </object_component>
      <object_component id="oc-bc">
         <name>.bss</name>
         <uninitialized>true</uninitialized>
         <run_address>0x1ff0</run_address>
         <size>0xd0</size>
         <input_file_ref idref="fl-a"/>
      </object_component>
      <object_component id="oc-c2">
         <name>.bss</name>
         <uninitialized>true</uninitialized>
         <run_address>0x2141</run_address>
         <size>0x1</size>
         <input_file_ref idref="fl-b"/>
      </object_component>
      <object_component id="oc-c9">
         <name>.bss</name>
         <uninitialized>true</uninitialized>
         <run_address>0x226e</run_address>
         <size>0xa</size>
         <input_file_ref idref="fl-c"/>
      </object_component>
      <object_component id="oc-d0">
         <name>.bss</name>
         <uninitialized>true</uninitialized>
         <run_address>0x2278</run_address>
         <size>0x9</size>
         <input_file_ref idref="fl-d"/>
      </object_component>
      <object_component id="oc-d8">
         <name>.bss</name>
         <uninitialized>true</uninitialized>
         <run_address>0x21fa</run_address>
         <size>0x33</size>
         <input_file_ref idref="fl-e"/>
      </object_component>
      <object_component id="oc-df">
         <name>.bss</name>
         <uninitialized>true</uninitialized>
         <run_address>0x21a8</run_address>
         <size>0x52</size>
         <input_file_ref idref="fl-f"/>
      </object_component>
      <object_component id="oc-e5">
         <name>.bss</name>
         <uninitialized>true</uninitialized>
         <run_address>0x2142</run_address>
         <size>0x65</size>
         <input_file_ref idref="fl-10"/>
      </object_component>
      <object_component id="oc-eb">
         <name>.bss</name>
         <uninitialized>true</uninitialized>
         <run_address>0x22a0</run_address>
         <size>0x2</size>
         <input_file_ref idref="fl-11"/>
      </object_component>
      <object_component id="oc-fd">
         <name>.bss</name>
         <uninitialized>true</uninitialized>
         <run_address>0x228c</run_address>
         <size>0x8</size>
         <input_file_ref idref="fl-14"/>
      </object_component>
      <object_component id="oc-104">
         <name>.bss</name>
         <uninitialized>true</uninitialized>
         <run_address>0x2282</run_address>
         <size>0x9</size>
         <input_file_ref idref="fl-15"/>
      </object_component>
      <object_component id="oc-10b">
         <name>.bss</name>
         <uninitialized>true</uninitialized>
         <run_address>0x1c00</run_address>
         <size>0x3f0</size>
         <input_file_ref idref="fl-16"/>
      </object_component>
      <object_component id="oc-12c">
         <name>.bss</name>
         <uninitialized>true</uninitialized>
         <run_address>0x222e</run_address>
         <size>0x16</size>
         <input_file_ref idref="fl-1c"/>
      </object_component>
      <object_component id="oc-135">
         <name>.bss</name>
         <uninitialized>true</uninitialized>
         <run_address>0x2262</run_address>
         <size>0xc</size>
         <input_file_ref idref="fl-1d"/>
      </object_component>
      <object_component id="oc-13d">
         <name>.bss</name>
         <uninitialized>true</uninitialized>
         <run_address>0x229a</run_address>
         <size>0x4</size>
         <input_file_ref idref="fl-1e"/>
      </object_component>
      <object_component id="oc-14b">
         <name>.stack</name>
         <uninitialized>true</uninitialized>
         <run_address>0x23ac</run_address>
         <size>0x2</size>
         <input_file_ref idref="fl-27"/>
      </object_component>
      <object_component id="oc-2fe">
         <name>.stack</name>
         <uninitialized>true</uninitialized>
         <run_address>0x23ac</run_address>
         <size>0x0</size>
      </object_component>
      <object_component id="oc-213">
         <name>.text:MRFI_Init</name>
         <load_address>0x8000</load_address>
         <run_address>0x8000</run_address>
         <size>0x1e4</size>
         <input_file_ref idref="fl-e"/>
      </object_component>
      <object_component id="oc-28c">
         <name>.text:smpl_send_link_reply</name>
         <load_address>0x81e4</load_address>
         <run_address>0x81e4</run_address>
         <size>0x1a2</size>
         <input_file_ref idref="fl-5"/>
      </object_component>
      <object_component id="oc-22c">
         <name>.text:log</name>
         <load_address>0x8386</load_address>
         <run_address>0x8386</run_address>
         <size>0x16c</size>
         <input_file_ref idref="fl-11"/>
      </object_component>
      <object_component id="oc-27c">
         <name>.text:nwk_QfindOldest</name>
         <load_address>0x84f2</load_address>
         <run_address>0x84f2</run_address>
         <size>0x164</size>
         <input_file_ref idref="fl-a"/>
      </object_component>
      <object_component id="oc-221">
         <name>.text:dispatchFrame</name>
         <load_address>0x8656</load_address>
         <run_address>0x8656</run_address>
         <size>0x154</size>
         <input_file_ref idref="fl-c"/>
      </object_component>
      <object_component id="oc-22d">
         <name>.text:sendTimeSync</name>
         <load_address>0x87aa</load_address>
         <run_address>0x87aa</run_address>
         <size>0x120</size>
         <input_file_ref idref="fl-1c"/>
      </object_component>
      <object_component id="oc-258">
         <name>.text:SMPL_SendOpt</name>
         <load_address>0x88ca</load_address>
         <run_address>0x88ca</run_address>
         <size>0x11e</size>
         <input_file_ref idref="fl-b"/>
      </object_component>
      <object_component id="oc-28e">
         <name>.text:smpl_send_join_reply</name>
         <load_address>0x89e8</load_address>
         <run_address>0x89e8</run_address>
         <size>0x108</size>
         <input_file_ref idref="fl-4"/>
      </object_component>
      <object_component id="oc-1e7">
         <name>.text:soft_ISR</name>
         <load_address>0x8af0</load_address>
         <run_address>0x8af0</run_address>
         <size>0x108</size>
         <input_file_ref idref="fl-f"/>
      </object_component>
      <object_component id="oc-1e8">
         <name>.text:Mrfi_SyncPinRxIsr</name>
         <load_address>0x8bf8</load_address>
         <run_address>0x8bf8</run_address>
         <size>0xf8</size>
         <input_file_ref idref="fl-e"/>
      </object_component>
      <object_component id="oc-1fb">
         <name>.text:soft_setTimer</name>
         <load_address>0x8cf0</load_address>
         <run_address>0x8cf0</run_address>
         <size>0xf8</size>
         <input_file_ref idref="fl-f"/>
      </object_component>
      <object_component id="oc-256">
         <name>.text:my_itoa</name>
         <load_address>0x8de8</load_address>
         <run_address>0x8de8</run_address>
         <size>0xd8</size>
         <input_file_ref idref="fl-11"/>
      </object_component>
      <object_component id="oc-299">
         <name>.text:nwk_allocateLocalRxPort</name>
         <load_address>0x8ec0</load_address>
         <run_address>0x8ec0</run_address>
         <size>0xd6</size>
         <input_file_ref idref="fl-9"/>
      </object_component>
      <object_component id="oc-283">
         <name>.text:MRFI_Transmit</name>
         <load_address>0x8f96</load_address>
         <run_address>0x8f96</run_address>
         <size>0xc6</size>
         <input_file_ref idref="fl-e"/>
      </object_component>
      <object_component id="oc-211">
         <name>.text:post_task</name>
         <load_address>0x905c</load_address>
         <run_address>0x905c</run_address>
         <size>0xc4</size>
         <input_file_ref idref="fl-10"/>
      </object_component>
      <object_component id="oc-255">
         <name>.text:my_utoa</name>
         <load_address>0x9120</load_address>
         <run_address>0x9120</run_address>
         <size>0xb4</size>
         <input_file_ref idref="fl-11"/>
      </object_component>
      <object_component id="oc-2a3">
         <name>.text:nwk_SendEmptyPollRspFrame</name>
         <load_address>0x91d4</load_address>
         <run_address>0x91d4</run_address>
         <size>0xaa</size>
         <input_file_ref idref="fl-c"/>
      </object_component>
      <object_component id="oc-1fc">
         <name>.text:task_scheduler</name>
         <load_address>0x927e</load_address>
         <run_address>0x927e</run_address>
         <size>0xaa</size>
         <input_file_ref idref="fl-10"/>
      </object_component>
      <object_component id="oc-25b">
         <name>.text:nwk_retrieveFrame</name>
         <load_address>0x9328</load_address>
         <run_address>0x9328</run_address>
         <size>0xa6</size>
         <input_file_ref idref="fl-c"/>
      </object_component>
      <object_component id="oc-26e">
         <name>.text:uart_init</name>
         <load_address>0x93ce</load_address>
         <run_address>0x93ce</run_address>
         <size>0xa2</size>
         <input_file_ref idref="fl-15"/>
      </object_component>
      <object_component id="oc-247">
         <name>.text:isDupSandFFrame</name>
         <load_address>0x9470</load_address>
         <run_address>0x9470</run_address>
         <size>0x9a</size>
         <input_file_ref idref="fl-c"/>
      </object_component>
      <object_component id="oc-26c">
         <name>.text:nwk_sendAckReply</name>
         <load_address>0x950a</load_address>
         <run_address>0x950a</run_address>
         <size>0x9a</size>
         <input_file_ref idref="fl-c"/>
      </object_component>
      <object_component id="oc-279">
         <name>.text:nwk_buildFrame</name>
         <load_address>0x95a4</load_address>
         <run_address>0x95a4</run_address>
         <size>0x96</size>
         <input_file_ref idref="fl-c"/>
      </object_component>
      <object_component id="oc-206">
         <name>.text:mrfiRadioInterfaceCmdStrobe</name>
         <load_address>0x963a</load_address>
         <run_address>0x963a</run_address>
         <size>0x92</size>
         <input_file_ref idref="fl-e"/>
      </object_component>
      <object_component id="oc-248">
         <name>.text:nwk_isConnectionValid</name>
         <load_address>0x96cc</load_address>
         <run_address>0x96cc</run_address>
         <size>0x92</size>
         <input_file_ref idref="fl-9"/>
      </object_component>
      <object_component id="oc-290">
         <name>.text:send_poll_reply</name>
         <load_address>0x975e</load_address>
         <run_address>0x975e</run_address>
         <size>0x8e</size>
         <input_file_ref idref="fl-6"/>
      </object_component>
      <object_component id="oc-212">
         <name>.text:wrkstn_task_readFrame</name>
         <load_address>0x97ec</load_address>
         <run_address>0x97ec</run_address>
         <size>0x8e</size>
         <input_file_ref idref="fl-1c"/>
      </object_component>
      <object_component id="oc-214">
         <name>.text:nwk_nwkInit</name>
         <load_address>0x987a</load_address>
         <run_address>0x987a</run_address>
         <size>0x86</size>
         <input_file_ref idref="fl-9"/>
      </object_component>
      <object_component id="oc-21f">
         <name>.text:nwk_QfindSlot</name>
         <load_address>0x9900</load_address>
         <run_address>0x9900</run_address>
         <size>0x80</size>
         <input_file_ref idref="fl-a"/>
      </object_component>
      <object_component id="oc-2a2">
         <name>.text:nwk_getSandFFrame</name>
         <load_address>0x9980</load_address>
         <run_address>0x9980</run_address>
         <size>0x74</size>
         <input_file_ref idref="fl-c"/>
      </object_component>
      <object_component id="oc-22b">
         <name>.text:SMPL_LinkListen</name>
         <load_address>0x99f4</load_address>
         <run_address>0x99f4</run_address>
         <size>0x70</size>
         <input_file_ref idref="fl-b"/>
      </object_component>
      <object_component id="oc-1de">
         <name>.text:_isr:MRFI_RadioIsr</name>
         <load_address>0x9a64</load_address>
         <run_address>0x9a64</run_address>
         <size>0x68</size>
         <input_file_ref idref="fl-e"/>
      </object_component>
      <object_component id="oc-29f">
         <name>.text:nwk_saveJoinedDevice</name>
         <load_address>0x9acc</load_address>
         <run_address>0x9acc</run_address>
         <size>0x68</size>
         <input_file_ref idref="fl-9"/>
      </object_component>
      <object_component id="oc-28d">
         <name>.text:smpl_send_unlink_reply</name>
         <load_address>0x9b34</load_address>
         <run_address>0x9b34</run_address>
         <size>0x66</size>
         <input_file_ref idref="fl-5"/>
      </object_component>
      <object_component id="oc-201">
         <name>.text:mrfiRadioInterfaceReadRxFifo</name>
         <load_address>0x9b9a</load_address>
         <run_address>0x9b9a</run_address>
         <size>0x62</size>
         <input_file_ref idref="fl-e"/>
      </object_component>
      <object_component id="oc-1e1">
         <name>.text:_auto_init_hold_wdt</name>
         <load_address>0x9bfc</load_address>
         <run_address>0x9bfc</run_address>
         <size>0x5e</size>
         <input_file_ref idref="fl-57"/>
      </object_component>
      <object_component id="oc-178">
         <name>.text</name>
         <load_address>0x9c5a</load_address>
         <run_address>0x9c5a</run_address>
         <size>0x58</size>
         <input_file_ref idref="fl-30"/>
      </object_component>
      <object_component id="oc-1e5">
         <name>.text:main</name>
         <load_address>0x9cb2</load_address>
         <run_address>0x9cb2</run_address>
         <size>0x56</size>
         <input_file_ref idref="fl-1b"/>
      </object_component>
      <object_component id="oc-26f">
         <name>.text:rx_handler</name>
         <load_address>0x9d08</load_address>
         <run_address>0x9d08</run_address>
         <size>0x54</size>
         <input_file_ref idref="fl-16"/>
      </object_component>
      <object_component id="oc-28f">
         <name>.text:send_ping_reply</name>
         <load_address>0x9d5c</load_address>
         <run_address>0x9d5c</run_address>
         <size>0x54</size>
         <input_file_ref idref="fl-2"/>
      </object_component>
      <object_component id="oc-1ec">
         <name>.text:Bsp_SetClocks</name>
         <load_address>0x9db0</load_address>
         <run_address>0x9db0</run_address>
         <size>0x52</size>
         <input_file_ref idref="fl-17"/>
      </object_component>
      <object_component id="oc-223">
         <name>.text:SetVCoreUp</name>
         <load_address>0x9e02</load_address>
         <run_address>0x9e02</run_address>
         <size>0x52</size>
         <input_file_ref idref="fl-17"/>
      </object_component>
      <object_component id="oc-284">
         <name>.text:push_buffer</name>
         <load_address>0x9e54</load_address>
         <run_address>0x9e54</run_address>
         <size>0x52</size>
         <input_file_ref idref="fl-16"/>
      </object_component>
      <object_component id="oc-298">
         <name>.text:nwk_getNextConnection</name>
         <load_address>0x9ea6</load_address>
         <run_address>0x9ea6</run_address>
         <size>0x50</size>
         <input_file_ref idref="fl-9"/>
      </object_component>
      <object_component id="oc-287">
         <name>.text:pop_buffer</name>
         <load_address>0x9ef6</load_address>
         <run_address>0x9ef6</run_address>
         <size>0x50</size>
         <input_file_ref idref="fl-16"/>
      </object_component>
      <object_component id="oc-210">
         <name>.text:wrkstn_task_addDevice</name>
         <load_address>0x9f46</load_address>
         <run_address>0x9f46</run_address>
         <size>0x50</size>
         <input_file_ref idref="fl-1c"/>
      </object_component>
      <object_component id="oc-1e9">
         <name>.text:uart_tx_irq</name>
         <load_address>0x9f96</load_address>
         <run_address>0x9f96</run_address>
         <size>0x4e</size>
         <input_file_ref idref="fl-15"/>
      </object_component>
      <object_component id="oc-22e">
         <name>.text:SMPL_Receive</name>
         <load_address>0x9fe4</load_address>
         <run_address>0x9fe4</run_address>
         <size>0x48</size>
         <input_file_ref idref="fl-b"/>
      </object_component>
      <object_component id="oc-24d">
         <name>.text:SPI_FLASH_Init</name>
         <load_address>0xa02c</load_address>
         <run_address>0xa02c</run_address>
         <size>0x48</size>
         <input_file_ref idref="fl-1a"/>
      </object_component>
      <object_component id="oc-200">
         <name>.text:mrfiRadioInterfaceReadReg</name>
         <load_address>0xa074</load_address>
         <run_address>0xa074</run_address>
         <size>0x48</size>
         <input_file_ref idref="fl-e"/>
      </object_component>
      <object_component id="oc-269">
         <name>.text:nwk_processMgmt</name>
         <load_address>0xa0bc</load_address>
         <run_address>0xa0bc</run_address>
         <size>0x48</size>
         <input_file_ref idref="fl-6"/>
      </object_component>
      <object_component id="oc-203">
         <name>.text:Mrfi_RxAddrIsFiltered</name>
         <load_address>0xa104</load_address>
         <run_address>0xa104</run_address>
         <size>0x46</size>
         <input_file_ref idref="fl-e"/>
      </object_component>
      <object_component id="oc-1dc">
         <name>.text:_isr:RTC_ISR</name>
         <load_address>0xa14a</load_address>
         <run_address>0xa14a</run_address>
         <size>0x46</size>
         <input_file_ref idref="fl-14"/>
      </object_component>
      <object_component id="oc-29c">
         <name>.text:nwk_findPeer</name>
         <load_address>0xa190</load_address>
         <run_address>0xa190</run_address>
         <size>0x46</size>
         <input_file_ref idref="fl-9"/>
      </object_component>
      <object_component id="oc-297">
         <name>.text:nwk_findAlreadyJoined</name>
         <load_address>0xa1d6</load_address>
         <run_address>0xa1d6</run_address>
         <size>0x44</size>
         <input_file_ref idref="fl-9"/>
      </object_component>
      <object_component id="oc-28b">
         <name>.text:smpl_send_ping_reply</name>
         <load_address>0xa21a</load_address>
         <run_address>0xa21a</run_address>
         <size>0x44</size>
         <input_file_ref idref="fl-7"/>
      </object_component>
      <object_component id="oc-296">
         <name>.text:nwk_isLinkDuplicate</name>
         <load_address>0xa25e</load_address>
         <run_address>0xa25e</run_address>
         <size>0x42</size>
         <input_file_ref idref="fl-9"/>
      </object_component>
      <object_component id="oc-27a">
         <name>.text:MRFI_ReplyDelay</name>
         <load_address>0xa2a0</load_address>
         <run_address>0xa2a0</run_address>
         <size>0x40</size>
         <input_file_ref idref="fl-e"/>
      </object_component>
      <object_component id="oc-173">
         <name>.text</name>
         <load_address>0xa2e0</load_address>
         <run_address>0xa2e0</run_address>
         <size>0x40</size>
         <input_file_ref idref="fl-2f"/>
      </object_component>
      <object_component id="oc-1fa">
         <name>.text:tmr_awakeISR</name>
         <load_address>0xa320</load_address>
         <run_address>0xa320</run_address>
         <size>0x40</size>
         <input_file_ref idref="fl-1b"/>
      </object_component>
      <object_component id="oc-2a5">
         <name>.text:initializeConnection</name>
         <load_address>0xa360</load_address>
         <run_address>0xa360</run_address>
         <size>0x3e</size>
         <input_file_ref idref="fl-9"/>
      </object_component>
      <object_component id="oc-1ff">
         <name>.text:l_lsl_const</name>
         <load_address>0xa39e</load_address>
         <run_address>0xa39e</run_address>
         <size>0x3e</size>
         <input_file_ref idref="fl-46"/>
      </object_component>
      <object_component id="oc-21c">
         <name>.text:l_lsr_const</name>
         <load_address>0xa3dc</load_address>
         <run_address>0xa3dc</run_address>
         <size>0x3e</size>
         <input_file_ref idref="fl-47"/>
      </object_component>
      <object_component id="oc-251">
         <name>.text:nwk_getLocalLinkID</name>
         <load_address>0xa41a</load_address>
         <run_address>0xa41a</run_address>
         <size>0x3e</size>
         <input_file_ref idref="fl-5"/>
      </object_component>
      <object_component id="oc-266">
         <name>.text:nwk_processJoin</name>
         <load_address>0xa458</load_address>
         <run_address>0xa458</run_address>
         <size>0x3c</size>
         <input_file_ref idref="fl-4"/>
      </object_component>
      <object_component id="oc-29e">
         <name>.text:nwk_putNumObjectIntoMsg</name>
         <load_address>0xa494</load_address>
         <run_address>0xa494</run_address>
         <size>0x3c</size>
         <input_file_ref idref="fl-9"/>
      </object_component>
      <object_component id="oc-277">
         <name>.text:tx_send</name>
         <load_address>0xa4d0</load_address>
         <run_address>0xa4d0</run_address>
         <size>0x3c</size>
         <input_file_ref idref="fl-16"/>
      </object_component>
      <object_component id="oc-257">
         <name>.text:tx_send_wait</name>
         <load_address>0xa50c</load_address>
         <run_address>0xa50c</run_address>
         <size>0x3c</size>
         <input_file_ref idref="fl-16"/>
      </object_component>
      <object_component id="oc-1f8">
         <name>.text:SMPL_Init</name>
         <load_address>0xa548</load_address>
         <run_address>0xa548</run_address>
         <size>0x3a</size>
         <input_file_ref idref="fl-b"/>
      </object_component>
      <object_component id="oc-27f">
         <name>.text:handleLinkRequest</name>
         <load_address>0xa582</load_address>
         <run_address>0xa582</run_address>
         <size>0x3a</size>
         <input_file_ref idref="fl-5"/>
      </object_component>
      <object_component id="oc-246">
         <name>.text:nwk_isSandFClient</name>
         <load_address>0xa5bc</load_address>
         <run_address>0xa5bc</run_address>
         <size>0x3a</size>
         <input_file_ref idref="fl-4"/>
      </object_component>
      <object_component id="oc-27d">
         <name>.text:nwk_isValidReply</name>
         <load_address>0xa5f6</load_address>
         <run_address>0xa5f6</run_address>
         <size>0x3a</size>
         <input_file_ref idref="fl-9"/>
      </object_component>
      <object_component id="oc-23a">
         <name>.text:nwk_joinInit</name>
         <load_address>0xa630</load_address>
         <run_address>0xa630</run_address>
         <size>0x3a</size>
         <input_file_ref idref="fl-4"/>
      </object_component>
      <object_component id="oc-245">
         <name>.text:nwk_replayFrame</name>
         <load_address>0xa66a</load_address>
         <run_address>0xa66a</run_address>
         <size>0x3a</size>
         <input_file_ref idref="fl-c"/>
      </object_component>
      <object_component id="oc-21a">
         <name>.text:task_mytask</name>
         <load_address>0xa6a4</load_address>
         <run_address>0xa6a4</run_address>
         <size>0x3a</size>
         <input_file_ref idref="fl-1b"/>
      </object_component>
      <object_component id="oc-268">
         <name>.text:nwk_processFreq</name>
         <load_address>0xa6de</load_address>
         <run_address>0xa6de</run_address>
         <size>0x38</size>
         <input_file_ref idref="fl-2"/>
      </object_component>
      <object_component id="oc-24b">
         <name>.text:uart_intfc_init</name>
         <load_address>0xa716</load_address>
         <run_address>0xa716</run_address>
         <size>0x38</size>
         <input_file_ref idref="fl-16"/>
      </object_component>
      <object_component id="oc-241">
         <name>.text:BSP_Delay</name>
         <load_address>0xa74e</load_address>
         <run_address>0xa74e</run_address>
         <size>0x36</size>
         <input_file_ref idref="fl-17"/>
      </object_component>
      <object_component id="oc-222">
         <name>.text:mrfiRadioInterfaceWriteReg</name>
         <load_address>0xa784</load_address>
         <run_address>0xa784</run_address>
         <size>0x36</size>
         <input_file_ref idref="fl-e"/>
      </object_component>
      <object_component id="oc-291">
         <name>.text:mrfiRadioInterfaceWriteTxFifo</name>
         <load_address>0xa7ba</load_address>
         <run_address>0xa7ba</run_address>
         <size>0x36</size>
         <input_file_ref idref="fl-e"/>
      </object_component>
      <object_component id="oc-242">
         <name>.text:nwk_QadjustOrder</name>
         <load_address>0xa7f0</load_address>
         <run_address>0xa7f0</run_address>
         <size>0x36</size>
         <input_file_ref idref="fl-a"/>
      </object_component>
      <object_component id="oc-20d">
         <name>.text:task_pool_init</name>
         <load_address>0xa826</load_address>
         <run_address>0xa826</run_address>
         <size>0x36</size>
         <input_file_ref idref="fl-10"/>
      </object_component>
      <object_component id="oc-230">
         <name>.text:MRFI_SetLogicalChannel</name>
         <load_address>0xa85c</load_address>
         <run_address>0xa85c</run_address>
         <size>0x32</size>
         <input_file_ref idref="fl-e"/>
      </object_component>
      <object_component id="oc-259">
         <name>.text:nwk_getConnInfo</name>
         <load_address>0xa88e</load_address>
         <run_address>0xa88e</run_address>
         <size>0x32</size>
         <input_file_ref idref="fl-9"/>
      </object_component>
      <object_component id="oc-23c">
         <name>.text:nwk_linkInit</name>
         <load_address>0xa8c0</load_address>
         <run_address>0xa8c0</run_address>
         <size>0x32</size>
         <input_file_ref idref="fl-5"/>
      </object_component>
      <object_component id="oc-27b">
         <name>.text:map_lid2idx</name>
         <load_address>0xa8f2</load_address>
         <run_address>0xa8f2</run_address>
         <size>0x30</size>
         <input_file_ref idref="fl-9"/>
      </object_component>
      <object_component id="oc-264">
         <name>.text:nwk_processPing</name>
         <load_address>0xa922</load_address>
         <run_address>0xa922</run_address>
         <size>0x30</size>
         <input_file_ref idref="fl-7"/>
      </object_component>
      <object_component id="oc-26a">
         <name>.text:nwk_sendFrame</name>
         <load_address>0xa952</load_address>
         <run_address>0xa952</run_address>
         <size>0x30</size>
         <input_file_ref idref="fl-c"/>
      </object_component>
      <object_component id="oc-271">
         <name>.text:tx_handler</name>
         <load_address>0xa982</load_address>
         <run_address>0xa982</run_address>
         <size>0x30</size>
         <input_file_ref idref="fl-16"/>
      </object_component>
      <object_component id="oc-204">
         <name>.text:Mrfi_CalculateRssi</name>
         <load_address>0xa9b2</load_address>
         <run_address>0xa9b2</run_address>
         <size>0x2e</size>
         <input_file_ref idref="fl-e"/>
      </object_component>
      <object_component id="oc-265">
         <name>.text:nwk_processLink</name>
         <load_address>0xa9e0</load_address>
         <run_address>0xa9e0</run_address>
         <size>0x2e</size>
         <input_file_ref idref="fl-5"/>
      </object_component>
      <object_component id="oc-28a">
         <name>.text:Mrfi_DelayUsecSem</name>
         <load_address>0xaa0e</load_address>
         <run_address>0xaa0e</run_address>
         <size>0x2c</size>
         <input_file_ref idref="fl-e"/>
      </object_component>
      <object_component id="oc-232">
         <name>.text:Mrfi_RxModeOff</name>
         <load_address>0xaa3a</load_address>
         <run_address>0xaa3a</run_address>
         <size>0x2c</size>
         <input_file_ref idref="fl-e"/>
      </object_component>
      <object_component id="oc-208">
         <name>.text:SetVCore</name>
         <load_address>0xaa66</load_address>
         <run_address>0xaa66</run_address>
         <size>0x2c</size>
         <input_file_ref idref="fl-17"/>
      </object_component>
      <object_component id="oc-1df">
         <name>.text:_isr:uart_rx_tx_enter_irq</name>
         <load_address>0xaa92</load_address>
         <run_address>0xaa92</run_address>
         <size>0x2c</size>
         <input_file_ref idref="fl-15"/>
      </object_component>
      <object_component id="oc-278">
         <name>.text:nwk_buildAckReqFrame</name>
         <load_address>0xaabe</load_address>
         <run_address>0xaabe</run_address>
         <size>0x2c</size>
         <input_file_ref idref="fl-c"/>
      </object_component>
      <object_component id="oc-2a1">
         <name>.text:nwk_checkAppMsgTID</name>
         <load_address>0xaaea</load_address>
         <run_address>0xaaea</run_address>
         <size>0x2c</size>
         <input_file_ref idref="fl-9"/>
      </object_component>
      <object_component id="oc-169">
         <name>.text</name>
         <load_address>0xab16</load_address>
         <run_address>0xab16</run_address>
         <size>0x2c</size>
         <input_file_ref idref="fl-2d"/>
      </object_component>
      <object_component id="oc-254">
         <name>.text:strncpy</name>
         <load_address>0xab42</load_address>
         <run_address>0xab42</run_address>
         <size>0x2c</size>
         <input_file_ref idref="fl-54"/>
      </object_component>
      <object_component id="oc-25a">
         <name>.text:nwk_checkConnInfo</name>
         <load_address>0xab6e</load_address>
         <run_address>0xab6e</run_address>
         <size>0x2a</size>
         <input_file_ref idref="fl-9"/>
      </object_component>
      <object_component id="oc-20b">
         <name>.text:rtc_init</name>
         <load_address>0xab98</load_address>
         <run_address>0xab98</run_address>
         <size>0x28</size>
         <input_file_ref idref="fl-14"/>
      </object_component>
      <object_component id="oc-253">
         <name>.text:MRFI_Sleep</name>
         <load_address>0xabc0</load_address>
         <run_address>0xabc0</run_address>
         <size>0x26</size>
         <input_file_ref idref="fl-e"/>
      </object_component>
      <object_component id="oc-21d">
         <name>.text:Mrfi_DelayUsec</name>
         <load_address>0xabe6</load_address>
         <run_address>0xabe6</run_address>
         <size>0x26</size>
         <input_file_ref idref="fl-e"/>
      </object_component>
      <object_component id="oc-224">
         <name>.text:SetVCoreDown</name>
         <load_address>0xac0c</load_address>
         <run_address>0xac0c</run_address>
         <size>0x26</size>
         <input_file_ref idref="fl-17"/>
      </object_component>
      <object_component id="oc-236">
         <name>.text:nwk_frameInit</name>
         <load_address>0xac32</load_address>
         <run_address>0xac32</run_address>
         <size>0x26</size>
         <input_file_ref idref="fl-c"/>
      </object_component>
      <object_component id="oc-235">
         <name>.text:nwk_globalsInit</name>
         <load_address>0xac58</load_address>
         <run_address>0xac58</run_address>
         <size>0x26</size>
         <input_file_ref idref="fl-d"/>
      </object_component>
      <object_component id="oc-272">
         <name>.text:uart_tx_message</name>
         <load_address>0xac7e</load_address>
         <run_address>0xac7e</run_address>
         <size>0x26</size>
         <input_file_ref idref="fl-15"/>
      </object_component>
      <object_component id="oc-292">
         <name>.text:Mrfi_RandomBackoffDelay</name>
         <load_address>0xaca4</load_address>
         <run_address>0xaca4</run_address>
         <size>0x24</size>
         <input_file_ref idref="fl-e"/>
      </object_component>
      <object_component id="oc-217">
         <name>.text:MRFI_RxOn</name>
         <load_address>0xacc8</load_address>
         <run_address>0xacc8</run_address>
         <size>0x22</size>
         <input_file_ref idref="fl-e"/>
      </object_component>
      <object_component id="oc-215">
         <name>.text:MRFI_WakeUp</name>
         <load_address>0xacea</load_address>
         <run_address>0xacea</run_address>
         <size>0x22</size>
         <input_file_ref idref="fl-e"/>
      </object_component>
      <object_component id="oc-243">
         <name>.text:memcmp</name>
         <load_address>0xad0c</load_address>
         <run_address>0xad0c</run_address>
         <size>0x22</size>
         <input_file_ref idref="fl-48"/>
      </object_component>
      <object_component id="oc-234">
         <name>.text</name>
         <load_address>0xad2e</load_address>
         <run_address>0xad2e</run_address>
         <size>0x22</size>
         <input_file_ref idref="fl-52"/>
      </object_component>
      <object_component id="oc-270">
         <name>.text:uart_rx_message</name>
         <load_address>0xad50</load_address>
         <run_address>0xad50</run_address>
         <size>0x22</size>
         <input_file_ref idref="fl-15"/>
      </object_component>
      <object_component id="oc-289">
         <name>.text:uart_tx_message_resume</name>
         <load_address>0xad72</load_address>
         <run_address>0xad72</run_address>
         <size>0x22</size>
         <input_file_ref idref="fl-15"/>
      </object_component>
      <object_component id="oc-20a">
         <name>.text:BSP_Init</name>
         <load_address>0xad94</load_address>
         <run_address>0xad94</run_address>
         <size>0x20</size>
         <input_file_ref idref="fl-17"/>
      </object_component>
      <object_component id="oc-205">
         <name>.text:MRFI_RxCompleteISR</name>
         <load_address>0xadb4</load_address>
         <run_address>0xadb4</run_address>
         <size>0x20</size>
         <input_file_ref idref="fl-c"/>
      </object_component>
      <object_component id="oc-252">
         <name>.text:MRFI_RxIdle</name>
         <load_address>0xadd4</load_address>
         <run_address>0xadd4</run_address>
         <size>0x20</size>
         <input_file_ref idref="fl-e"/>
      </object_component>
      <object_component id="oc-2a4">
         <name>.text:memmove</name>
         <load_address>0xadf4</load_address>
         <run_address>0xadf4</run_address>
         <size>0x20</size>
         <input_file_ref idref="fl-4a"/>
      </object_component>
      <object_component id="oc-231">
         <name>.text:MRFI_SetRFPwr</name>
         <load_address>0xae14</load_address>
         <run_address>0xae14</run_address>
         <size>0x1e</size>
         <input_file_ref idref="fl-e"/>
      </object_component>
      <object_component id="oc-24e">
         <name>.text:SPI_FLASH_BulkErase</name>
         <load_address>0xae32</load_address>
         <run_address>0xae32</run_address>
         <size>0x1e</size>
         <input_file_ref idref="fl-1a"/>
      </object_component>
      <object_component id="oc-275">
         <name>.text:SPI_FLASH_WaitForWriteEnd</name>
         <load_address>0xae50</load_address>
         <run_address>0xae50</run_address>
         <size>0x1e</size>
         <input_file_ref idref="fl-1a"/>
      </object_component>
      <object_component id="oc-237">
         <name>.text:nwk_QInit</name>
         <load_address>0xae6e</load_address>
         <run_address>0xae6e</run_address>
         <size>0x1e</size>
         <input_file_ref idref="fl-a"/>
      </object_component>
      <object_component id="oc-1f7">
         <name>.text:sCB</name>
         <load_address>0xae8c</load_address>
         <run_address>0xae8c</run_address>
         <size>0x1e</size>
         <input_file_ref idref="fl-1b"/>
      </object_component>
      <object_component id="oc-207">
         <name>.text:uart_tx_message_suspend</name>
         <load_address>0xaeaa</load_address>
         <run_address>0xaeaa</run_address>
         <size>0x1e</size>
         <input_file_ref idref="fl-15"/>
      </object_component>
      <object_component id="oc-1f6">
         <name>.text:node_init</name>
         <load_address>0xaec8</load_address>
         <run_address>0xaec8</run_address>
         <size>0x1c</size>
         <input_file_ref idref="fl-1f"/>
      </object_component>
      <object_component id="oc-216">
         <name>.text:nwk_setChannel</name>
         <load_address>0xaee4</load_address>
         <run_address>0xaee4</run_address>
         <size>0x1c</size>
         <input_file_ref idref="fl-2"/>
      </object_component>
      <object_component id="oc-226">
         <name>.text:BSP_InitDrivers</name>
         <load_address>0xaf00</load_address>
         <run_address>0xaf00</run_address>
         <size>0x1a</size>
         <input_file_ref idref="fl-17"/>
      </object_component>
      <object_component id="oc-249">
         <name>.text:BSP_InitLeds</name>
         <load_address>0xaf1a</load_address>
         <run_address>0xaf1a</run_address>
         <size>0x1a</size>
         <input_file_ref idref="fl-17"/>
      </object_component>
      <object_component id="oc-82">
         <name>.text:_isr:_c_int00_noargs_noexit</name>
         <load_address>0xaf34</load_address>
         <run_address>0xaf34</run_address>
         <size>0x1a</size>
         <input_file_ref idref="fl-28"/>
      </object_component>
      <object_component id="oc-227">
         <name>.text:init_p20</name>
         <load_address>0xaf4e</load_address>
         <run_address>0xaf4e</run_address>
         <size>0x1a</size>
         <input_file_ref idref="fl-13"/>
      </object_component>
      <object_component id="oc-1ea">
         <name>.text:uart_rx_irq</name>
         <load_address>0xaf68</load_address>
         <run_address>0xaf68</run_address>
         <size>0x1a</size>
         <input_file_ref idref="fl-15"/>
      </object_component>
      <object_component id="oc-20f">
         <name>.text:wrkstn_registerMsgProcessor</name>
         <load_address>0xaf82</load_address>
         <run_address>0xaf82</run_address>
         <size>0x1a</size>
         <input_file_ref idref="fl-1c"/>
      </object_component>
      <object_component id="oc-1fd">
         <name>.text:MRFI_DelayMs</name>
         <load_address>0xaf9c</load_address>
         <run_address>0xaf9c</run_address>
         <size>0x18</size>
         <input_file_ref idref="fl-e"/>
      </object_component>
      <object_component id="oc-280">
         <name>.text:handleJoinRequest</name>
         <load_address>0xafb4</load_address>
         <run_address>0xafb4</run_address>
         <size>0x18</size>
         <input_file_ref idref="fl-4"/>
      </object_component>
      <object_component id="oc-23b">
         <name>.text:nwk_mgmtInit</name>
         <load_address>0xafcc</load_address>
         <run_address>0xafcc</run_address>
         <size>0x18</size>
         <input_file_ref idref="fl-6"/>
      </object_component>
      <object_component id="oc-276">
         <name>.text:tx_peek</name>
         <load_address>0xafe4</load_address>
         <run_address>0xafe4</run_address>
         <size>0x18</size>
         <input_file_ref idref="fl-16"/>
      </object_component>
      <object_component id="oc-273">
         <name>.text:ExtenalFlash_Write_Enable</name>
         <load_address>0xaffc</load_address>
         <run_address>0xaffc</run_address>
         <size>0x16</size>
         <input_file_ref idref="fl-1a"/>
      </object_component>
      <object_component id="oc-25f">
         <name>.text:MRFI_RandomByte</name>
         <load_address>0xb012</load_address>
         <run_address>0xb012</run_address>
         <size>0x16</size>
         <input_file_ref idref="fl-e"/>
      </object_component>
      <object_component id="oc-23f">
         <name>.text:Mrfi_RxModeOn</name>
         <load_address>0xb028</load_address>
         <run_address>0xb028</run_address>
         <size>0x16</size>
         <input_file_ref idref="fl-e"/>
      </object_component>
      <object_component id="oc-238">
         <name>.text:nwk_freqInit</name>
         <load_address>0xb03e</load_address>
         <run_address>0xb03e</run_address>
         <size>0x16</size>
         <input_file_ref idref="fl-2"/>
      </object_component>
      <object_component id="oc-16e">
         <name>.text</name>
         <load_address>0xb054</load_address>
         <run_address>0xb054</run_address>
         <size>0x16</size>
         <input_file_ref idref="fl-2e"/>
      </object_component>
      <object_component id="oc-1fe">
         <name>.text</name>
         <load_address>0xb06a</load_address>
         <run_address>0xb06a</run_address>
         <size>0x16</size>
         <input_file_ref idref="fl-4f"/>
      </object_component>
      <object_component id="oc-288">
         <name>.text:SPI_Read_Data</name>
         <load_address>0xb080</load_address>
         <run_address>0xb080</run_address>
         <size>0x14</size>
         <input_file_ref idref="fl-1a"/>
      </object_component>
      <object_component id="oc-274">
         <name>.text:SPI_Send_Data</name>
         <load_address>0xb094</load_address>
         <run_address>0xb094</run_address>
         <size>0x14</size>
         <input_file_ref idref="fl-1a"/>
      </object_component>
      <object_component id="oc-202">
         <name>.text:memset</name>
         <load_address>0xb0a8</load_address>
         <run_address>0xb0a8</run_address>
         <size>0x14</size>
         <input_file_ref idref="fl-4b"/>
      </object_component>
      <object_component id="oc-1f9">
         <name>.text:rtc_getTimeOffset</name>
         <load_address>0xb0bc</load_address>
         <run_address>0xb0bc</run_address>
         <size>0x14</size>
         <input_file_ref idref="fl-14"/>
      </object_component>
      <object_component id="oc-20e">
         <name>.text:soft_initTimers</name>
         <load_address>0xb0d0</load_address>
         <run_address>0xb0d0</run_address>
         <size>0x14</size>
         <input_file_ref idref="fl-f"/>
      </object_component>
      <object_component id="oc-1dd">
         <name>.text:_isr:PORT2_ISR</name>
         <load_address>0xb0e4</load_address>
         <run_address>0xb0e4</run_address>
         <size>0x12</size>
         <input_file_ref idref="fl-13"/>
      </object_component>
      <object_component id="oc-1e0">
         <name>.text:_system_pre_init</name>
         <load_address>0xb0f6</load_address>
         <run_address>0xb0f6</run_address>
         <size>0x12</size>
         <input_file_ref idref="fl-17"/>
      </object_component>
      <object_component id="oc-281">
         <name>.text:handle_freq_cmd</name>
         <load_address>0xb108</load_address>
         <run_address>0xb108</run_address>
         <size>0x12</size>
         <input_file_ref idref="fl-2"/>
      </object_component>
      <object_component id="oc-1ed">
         <name>.text:memcpy</name>
         <load_address>0xb11a</load_address>
         <run_address>0xb11a</run_address>
         <size>0x12</size>
         <input_file_ref idref="fl-49"/>
      </object_component>
      <object_component id="oc-29d">
         <name>.text:nwk_getLinkToken</name>
         <load_address>0xb12c</load_address>
         <run_address>0xb12c</run_address>
         <size>0x12</size>
         <input_file_ref idref="fl-5"/>
      </object_component>
      <object_component id="oc-25e">
         <name>.text:nwk_getMyAddress</name>
         <load_address>0xb13e</load_address>
         <run_address>0xb13e</run_address>
         <size>0x12</size>
         <input_file_ref idref="fl-d"/>
      </object_component>
      <object_component id="oc-261">
         <name>.text:nwk_setLinkToken</name>
         <load_address>0xb150</load_address>
         <run_address>0xb150</run_address>
         <size>0x12</size>
         <input_file_ref idref="fl-5"/>
      </object_component>
      <object_component id="oc-240">
         <name>.text:task_sleep</name>
         <load_address>0xb162</load_address>
         <run_address>0xb162</run_address>
         <size>0x12</size>
         <input_file_ref idref="fl-1b"/>
      </object_component>
      <object_component id="oc-225">
         <name>.text:BSP_InitBoard</name>
         <load_address>0xb174</load_address>
         <run_address>0xb174</run_address>
         <size>0x10</size>
         <input_file_ref idref="fl-17"/>
      </object_component>
      <object_component id="oc-233">
         <name>.text:l_asr</name>
         <load_address>0xb184</load_address>
         <run_address>0xb184</run_address>
         <size>0x10</size>
         <input_file_ref idref="fl-26"/>
      </object_component>
      <object_component id="oc-26b">
         <name>.text:nwk_getQ</name>
         <load_address>0xb194</load_address>
         <run_address>0xb194</run_address>
         <size>0x10</size>
         <input_file_ref idref="fl-a"/>
      </object_component>
      <object_component id="oc-24a">
         <name>.text:BSP_InitButtons</name>
         <load_address>0xb1a4</load_address>
         <run_address>0xb1a4</run_address>
         <size>0xe</size>
         <input_file_ref idref="fl-17"/>
      </object_component>
      <object_component id="oc-220">
         <name>.text:MRFI_Receive</name>
         <load_address>0xb1b2</load_address>
         <run_address>0xb1b2</run_address>
         <size>0xe</size>
         <input_file_ref idref="fl-e"/>
      </object_component>
      <object_component id="oc-285">
         <name>.text:buffer_free_space</name>
         <load_address>0xb1c0</load_address>
         <run_address>0xb1c0</run_address>
         <size>0xe</size>
         <input_file_ref idref="fl-16"/>
      </object_component>
      <object_component id="oc-295">
         <name>.text:nwk_getNumObjectFromMsg</name>
         <load_address>0xb1ce</load_address>
         <run_address>0xb1ce</run_address>
         <size>0xe</size>
         <input_file_ref idref="fl-9"/>
      </object_component>
      <object_component id="oc-250">
         <name>.text:nwk_setListenContext</name>
         <load_address>0xb1dc</load_address>
         <run_address>0xb1dc</run_address>
         <size>0xe</size>
         <input_file_ref idref="fl-5"/>
      </object_component>
      <object_component id="oc-26d">
         <name>.text:MRFI_PostKillSem</name>
         <load_address>0xb1ea</load_address>
         <run_address>0xb1ea</run_address>
         <size>0xc</size>
         <input_file_ref idref="fl-e"/>
      </object_component>
      <object_component id="oc-293">
         <name>.text:buffer_used_space</name>
         <load_address>0xb1f6</load_address>
         <run_address>0xb1f6</run_address>
         <size>0xc</size>
         <input_file_ref idref="fl-16"/>
      </object_component>
      <object_component id="oc-27e">
         <name>.text:handlePingRequest</name>
         <load_address>0xb202</load_address>
         <run_address>0xb202</run_address>
         <size>0xc</size>
         <input_file_ref idref="fl-7"/>
      </object_component>
      <object_component id="oc-282">
         <name>.text:smpl_send_mgmt_reply</name>
         <load_address>0xb20e</load_address>
         <run_address>0xb20e</run_address>
         <size>0xc</size>
         <input_file_ref idref="fl-6"/>
      </object_component>
      <object_component id="oc-21b">
         <name>.text:tmr_sleepISR</name>
         <load_address>0xb21a</load_address>
         <run_address>0xb21a</run_address>
         <size>0xc</size>
         <input_file_ref idref="fl-1b"/>
      </object_component>
      <object_component id="oc-1eb">
         <name>.text:Bsp_SetVCore</name>
         <load_address>0xb226</load_address>
         <run_address>0xb226</run_address>
         <size>0xa</size>
         <input_file_ref idref="fl-17"/>
      </object_component>
      <object_component id="oc-24c">
         <name>.text:Si705x_Init</name>
         <load_address>0xb230</load_address>
         <run_address>0xb230</run_address>
         <size>0xa</size>
         <input_file_ref idref="fl-18"/>
      </object_component>
      <object_component id="oc-260">
         <name>.text:generateLinkToken</name>
         <load_address>0xb23a</load_address>
         <run_address>0xb23a</run_address>
         <size>0xa</size>
         <input_file_ref idref="fl-4"/>
      </object_component>
      <object_component id="oc-219">
         <name>.text:lpw_exitSleep</name>
         <load_address>0xb244</load_address>
         <run_address>0xb244</run_address>
         <size>0xa</size>
         <input_file_ref idref="fl-12"/>
      </object_component>
      <object_component id="oc-239">
         <name>.text:nwk_pingInit</name>
         <load_address>0xb24e</load_address>
         <run_address>0xb24e</run_address>
         <size>0xa</size>
         <input_file_ref idref="fl-7"/>
      </object_component>
      <object_component id="oc-263">
         <name>.text:lpw_enterSleep</name>
         <load_address>0xb258</load_address>
         <run_address>0xb258</run_address>
         <size>0x8</size>
         <input_file_ref idref="fl-12"/>
      </object_component>
      <object_component id="oc-2a0">
         <name>.text:nwk_resetSFMarker</name>
         <load_address>0xb260</load_address>
         <run_address>0xb260</run_address>
         <size>0x8</size>
         <input_file_ref idref="fl-6"/>
      </object_component>
      <object_component id="oc-24f">
         <name>.text:MRFI_GetRadioState</name>
         <load_address>0xb268</load_address>
         <run_address>0xb268</run_address>
         <size>0x6</size>
         <input_file_ref idref="fl-e"/>
      </object_component>
      <object_component id="oc-184">
         <name>.text:_isr:__TI_ISR_TRAP</name>
         <load_address>0xb26e</load_address>
         <run_address>0xb26e</run_address>
         <size>0x6</size>
         <input_file_ref idref="fl-45"/>
      </object_component>
      <object_component id="oc-20c">
         <name>.text:lpw_init</name>
         <load_address>0xb274</load_address>
         <run_address>0xb274</run_address>
         <size>0x6</size>
         <input_file_ref idref="fl-12"/>
      </object_component>
      <object_component id="oc-29a">
         <name>.text:nwk_freeConnection</name>
         <load_address>0xb27a</load_address>
         <run_address>0xb27a</run_address>
         <size>0x6</size>
         <input_file_ref idref="fl-9"/>
      </object_component>
      <object_component id="oc-23e">
         <name>.text:nwk_getBCastAddress</name>
         <load_address>0xb280</load_address>
         <run_address>0xb280</run_address>
         <size>0x6</size>
         <input_file_ref idref="fl-d"/>
      </object_component>
      <object_component id="oc-29b">
         <name>.text:nwk_getMyRxType</name>
         <load_address>0xb286</load_address>
         <run_address>0xb286</run_address>
         <size>0x6</size>
         <input_file_ref idref="fl-c"/>
      </object_component>
      <object_component id="oc-294">
         <name>.text:nwk_getProtocolVersion</name>
         <load_address>0xb28c</load_address>
         <run_address>0xb28c</run_address>
         <size>0x6</size>
         <input_file_ref idref="fl-d"/>
      </object_component>
      <object_component id="oc-262">
         <name>.text:nwk_getSFInfoPtr</name>
         <load_address>0xb292</load_address>
         <run_address>0xb292</run_address>
         <size>0x6</size>
         <input_file_ref idref="fl-9"/>
      </object_component>
      <object_component id="oc-1e6">
         <name>.text:abort</name>
         <load_address>0xb298</load_address>
         <run_address>0xb298</run_address>
         <size>0x4</size>
         <input_file_ref idref="fl-31"/>
      </object_component>
      <object_component id="oc-218">
         <name>.text:nwk_join</name>
         <load_address>0xb29c</load_address>
         <run_address>0xb29c</run_address>
         <size>0x4</size>
         <input_file_ref idref="fl-4"/>
      </object_component>
      <object_component id="oc-267">
         <name>.text:nwk_processSecurity</name>
         <load_address>0xb2a0</load_address>
         <run_address>0xb2a0</run_address>
         <size>0x4</size>
         <input_file_ref idref="fl-8"/>
      </object_component>
      <object_component id="oc-286">
         <name>.text:uart_rx_message_suspend</name>
         <load_address>0xb2a4</load_address>
         <run_address>0xb2a4</run_address>
         <size>0x4</size>
         <input_file_ref idref="fl-15"/>
      </object_component>
      <object_component id="oc-23d">
         <name>.text:nwk_securityInit</name>
         <load_address>0xb2a8</load_address>
         <run_address>0xb2a8</run_address>
         <size>0x2</size>
         <input_file_ref idref="fl-8"/>
      </object_component>
      <object_component id="oc-229">
         <name>.text:wrkstn_processSyncRep</name>
         <load_address>0xb2aa</load_address>
         <run_address>0xb2aa</run_address>
         <size>0x2</size>
         <input_file_ref idref="fl-1c"/>
      </object_component>
      <object_component id="oc-228">
         <name>.text:wrkstn_processSyncReq</name>
         <load_address>0xb2ac</load_address>
         <run_address>0xb2ac</run_address>
         <size>0x2</size>
         <input_file_ref idref="fl-1c"/>
      </object_component>
      <object_component id="oc-22a">
         <name>.text:wrkstn_processTmpData</name>
         <load_address>0xb2ae</load_address>
         <run_address>0xb2ae</run_address>
         <size>0x2</size>
         <input_file_ref idref="fl-1c"/>
      </object_component>
      <object_component id="oc-da">
         <name>.cinit</name>
         <load_address>0xb54e</load_address>
         <run_address>0xb54e</run_address>
         <size>0x4d</size>
         <input_file_ref idref="fl-e"/>
      </object_component>
      <object_component id="oc-96">
         <name>.cinit</name>
         <load_address>0xb59c</load_address>
         <run_address>0xb59c</run_address>
         <size>0x21</size>
         <input_file_ref idref="fl-4"/>
      </object_component>
      <object_component id="oc-cb">
         <name>.cinit</name>
         <load_address>0xb5be</load_address>
         <run_address>0xb5be</run_address>
         <size>0x20</size>
         <input_file_ref idref="fl-c"/>
      </object_component>
      <object_component id="oc-9d">
         <name>.cinit</name>
         <load_address>0xb5de</load_address>
         <run_address>0xb5de</run_address>
         <size>0x19</size>
         <input_file_ref idref="fl-5"/>
      </object_component>
      <object_component id="oc-10d">
         <name>.cinit</name>
         <load_address>0xb5f8</load_address>
         <run_address>0xb5f8</run_address>
         <size>0x18</size>
         <input_file_ref idref="fl-16"/>
      </object_component>
      <object_component id="oc-106">
         <name>.cinit</name>
         <load_address>0xb610</load_address>
         <run_address>0xb610</run_address>
         <size>0x15</size>
         <input_file_ref idref="fl-15"/>
      </object_component>
      <object_component id="oc-ff">
         <name>.cinit</name>
         <load_address>0xb626</load_address>
         <run_address>0xb626</run_address>
         <size>0x10</size>
         <input_file_ref idref="fl-14"/>
      </object_component>
      <object_component id="oc-a4">
         <name>.cinit</name>
         <load_address>0xb636</load_address>
         <run_address>0xb636</run_address>
         <size>0xb</size>
         <input_file_ref idref="fl-6"/>
      </object_component>
      <object_component id="oc-12e">
         <name>.cinit</name>
         <load_address>0xb642</load_address>
         <run_address>0xb642</run_address>
         <size>0xb</size>
         <input_file_ref idref="fl-1c"/>
      </object_component>
      <object_component id="oc-13f">
         <name>.cinit</name>
         <load_address>0xb64e</load_address>
         <run_address>0xb64e</run_address>
         <size>0x8</size>
         <input_file_ref idref="fl-1e"/>
      </object_component>
      <object_component id="oc-ed">
         <name>.cinit</name>
         <load_address>0xb656</load_address>
         <run_address>0xb656</run_address>
         <size>0x6</size>
         <input_file_ref idref="fl-11"/>
      </object_component>
      <object_component id="oc-b7">
         <name>.cinit</name>
         <load_address>0xb65c</load_address>
         <run_address>0xb65c</run_address>
         <size>0x5</size>
         <input_file_ref idref="fl-9"/>
      </object_component>
      <object_component id="oc-c4">
         <name>.cinit</name>
         <load_address>0xb662</load_address>
         <run_address>0xb662</run_address>
         <size>0x5</size>
         <input_file_ref idref="fl-b"/>
      </object_component>
      <object_component id="oc-8a">
         <name>.cinit</name>
         <load_address>0xb668</load_address>
         <run_address>0xb668</run_address>
         <size>0x5</size>
         <input_file_ref idref="fl-2"/>
      </object_component>
      <object_component id="oc-d2">
         <name>.cinit</name>
         <load_address>0xb66e</load_address>
         <run_address>0xb66e</run_address>
         <size>0x5</size>
         <input_file_ref idref="fl-d"/>
      </object_component>
      <object_component id="oc-ab">
         <name>.cinit</name>
         <load_address>0xb674</load_address>
         <run_address>0xb674</run_address>
         <size>0x5</size>
         <input_file_ref idref="fl-7"/>
      </object_component>
      <object_component id="oc-138">
         <name>.const:.string</name>
         <load_address>0xb2b0</load_address>
         <run_address>0xb2b0</run_address>
         <size>0x12e</size>
         <input_file_ref idref="fl-1d"/>
      </object_component>
      <object_component id="oc-130">
         <name>.const:.string</name>
         <load_address>0xb3de</load_address>
         <run_address>0xb3de</run_address>
         <size>0xa0</size>
         <input_file_ref idref="fl-1c"/>
      </object_component>
      <object_component id="oc-22f">
         <name>.const:mrfiRadioCfg</name>
         <load_address>0xb47e</load_address>
         <run_address>0xb47e</run_address>
         <size>0x40</size>
         <input_file_ref idref="fl-e"/>
      </object_component>
      <object_component id="oc-127">
         <name>.const:.string</name>
         <load_address>0xb4be</load_address>
         <run_address>0xb4be</run_address>
         <size>0x24</size>
         <input_file_ref idref="fl-1b"/>
      </object_component>
      <object_component id="oc-ee">
         <name>.const:.string</name>
         <load_address>0xb4e2</load_address>
         <run_address>0xb4e2</run_address>
         <size>0x20</size>
         <input_file_ref idref="fl-11"/>
      </object_component>
      <object_component id="oc-244">
         <name>.const:func</name>
         <load_address>0xb502</load_address>
         <run_address>0xb502</run_address>
         <size>0x18</size>
         <input_file_ref idref="fl-c"/>
      </object_component>
      <object_component id="oc-12f">
         <name>.const</name>
         <load_address>0xb51a</load_address>
         <run_address>0xb51a</run_address>
         <size>0x14</size>
         <input_file_ref idref="fl-1c"/>
      </object_component>
      <object_component id="oc-137">
         <name>.const</name>
         <load_address>0xb52e</load_address>
         <run_address>0xb52e</run_address>
         <size>0xa</size>
         <input_file_ref idref="fl-1d"/>
      </object_component>
      <object_component id="oc-d3">
         <name>.const</name>
         <load_address>0xb538</load_address>
         <run_address>0xb538</run_address>
         <size>0x9</size>
         <input_file_ref idref="fl-d"/>
      </object_component>
      <object_component id="oc-21e">
         <name>.const:.string:mrfiBroadcastAddr</name>
         <load_address>0xb542</load_address>
         <run_address>0xb542</run_address>
         <size>0x4</size>
         <input_file_ref idref="fl-e"/>
      </object_component>
      <object_component id="oc-25c">
         <name>.const:.string:mrfiLogicalChanTable</name>
         <load_address>0xb546</load_address>
         <run_address>0xb546</run_address>
         <size>0x4</size>
         <input_file_ref idref="fl-e"/>
[...]
      </symbol>
      <symbol id="sm-6e4">
         <name>post_task</name>
         <value>0x905c</value>
         <object_component_ref idref="oc-211"/>
      </symbol>
      <symbol id="sm-6e5">
         <name>task_scheduler</name>
         <value>0x927e</value>
         <object_component_ref idref="oc-1fc"/>
      </symbol>
      <symbol id="sm-722">
         <name>my_utoa</name>
         <value>0x9120</value>
         <object_component_ref idref="oc-255"/>
      </symbol>
      <symbol id="sm-723">
         <name>my_itoa</name>
         <value>0x8de8</value>
         <object_component_ref idref="oc-256"/>
      </symbol>
      <symbol id="sm-724">
         <name>log</name>
         <value>0x8386</value>
         <object_component_ref idref="oc-22c"/>
      </symbol>
      <symbol id="sm-734">
         <name>lpw_enterSleep</name>
         <value>0xb258</value>
         <object_component_ref idref="oc-263"/>
      </symbol>
      <symbol id="sm-735">
         <name>lpw_init</name>
         <value>0xb274</value>
         <object_component_ref idref="oc-20c"/>
      </symbol>
      <symbol id="sm-736">
         <name>lpw_exitSleep</name>
         <value>0xb244</value>
         <object_component_ref idref="oc-219"/>
      </symbol>
      <symbol id="sm-747">
         <name>init_p20</name>
         <value>0xaf4e</value>
         <object_component_ref idref="oc-227"/>
      </symbol>
      <symbol id="sm-748">
         <name>__TI_int48</name>
         <value>0xffe0</value>
         <object_component_ref idref="oc-6e"/>
      </symbol>
      <symbol id="sm-749">
         <name>PORT2_ISR</name>
         <value>0xb0e4</value>
         <object_component_ref idref="oc-1dd"/>
      </symbol>
      <symbol id="sm-763">
         <name>__TI_int46</name>
         <value>0xffdc</value>
         <object_component_ref idref="oc-6c"/>
      </symbol>
      <symbol id="sm-764">
         <name>rtc_getTimeOffset</name>
         <value>0xb0bc</value>
         <object_component_ref idref="oc-1f9"/>
      </symbol>
      <symbol id="sm-765">
         <name>rtc_init</name>
         <value>0xab98</value>
         <object_component_ref idref="oc-20b"/>
      </symbol>
      <symbol id="sm-766">
         <name>RTC_ISR</name>
         <value>0xa14a</value>
         <object_component_ref idref="oc-1dc"/>
      </symbol>
      <symbol id="sm-79b">
         <name>uart_rx_tx_enter_irq</name>
         <value>0xaa92</value>
         <object_component_ref idref="oc-1df"/>
      </symbol>
      <symbol id="sm-79c">
         <name>__TI_int58</name>
         <value>0xfff4</value>
         <object_component_ref idref="oc-78"/>
      </symbol>
      <symbol id="sm-79d">
         <name>uart_rx_message_suspend</name>
         <value>0xb2a4</value>
         <object_component_ref idref="oc-286"/>
      </symbol>
      <symbol id="sm-79e">
         <name>uart_tx_message</name>
         <value>0xac7e</value>
         <object_component_ref idref="oc-272"/>
      </symbol>
      <symbol id="sm-79f">
         <name>uart_rx_message</name>
         <value>0xad50</value>
         <object_component_ref idref="oc-270"/>
      </symbol>
      <symbol id="sm-7a0">
         <name>uart_tx_message_resume</name>
         <value>0xad72</value>
         <object_component_ref idref="oc-289"/>
      </symbol>
      <symbol id="sm-7a1">
         <name>uart_init</name>
         <value>0x93ce</value>
         <object_component_ref idref="oc-26e"/>
      </symbol>
      <symbol id="sm-7a2">
         <name>uart_tx_message_suspend</name>
         <value>0xaeaa</value>
         <object_component_ref idref="oc-207"/>
      </symbol>
      <symbol id="sm-7e1">
         <name>tx_peek</name>
         <value>0xafe4</value>
         <object_component_ref idref="oc-276"/>
      </symbol>
      <symbol id="sm-7e2">
         <name>tx_send_wait</name>
         <value>0xa50c</value>
         <object_component_ref idref="oc-257"/>
      </symbol>
      <symbol id="sm-7e3">
         <name>tx_send</name>
         <value>0xa4d0</value>
         <object_component_ref idref="oc-277"/>
      </symbol>
      <symbol id="sm-7e4">
         <name>tx_handler</name>
         <value>0xa982</value>
         <object_component_ref idref="oc-271"/>
      </symbol>
      <symbol id="sm-7e5">
         <name>rx_handler</name>
         <value>0x9d08</value>
         <object_component_ref idref="oc-26f"/>
      </symbol>
      <symbol id="sm-7e6">
         <name>uart_intfc_init</name>
         <value>0xa716</value>
         <object_component_ref idref="oc-24b"/>
      </symbol>
      <symbol id="sm-81c">
         <name>BSP_Init</name>
         <value>0xad94</value>
         <object_component_ref idref="oc-20a"/>
      </symbol>
      <symbol id="sm-81d">
         <name>BSP_InitButtons</name>
         <value>0xb1a4</value>
         <object_component_ref idref="oc-24a"/>
      </symbol>
      <symbol id="sm-81e">
         <name>BSP_InitBoard</name>
         <value>0xb174</value>
         <object_component_ref idref="oc-225"/>
      </symbol>
      <symbol id="sm-81f">
         <name>BSP_InitLeds</name>
         <value>0xaf1a</value>
         <object_component_ref idref="oc-249"/>
      </symbol>
      <symbol id="sm-820">
         <name>BSP_Delay</name>
         <value>0xa74e</value>
         <object_component_ref idref="oc-241"/>
      </symbol>
      <symbol id="sm-821">
         <name>BSP_InitDrivers</name>
         <value>0xaf00</value>
         <object_component_ref idref="oc-226"/>
      </symbol>
      <symbol id="sm-822">
         <name>_system_pre_init</name>
         <value>0xb0f6</value>
         <object_component_ref idref="oc-1e0"/>
      </symbol>
      <symbol id="sm-82e">
         <name>Si705x_Init</name>
         <value>0xb230</value>
         <object_component_ref idref="oc-24c"/>
      </symbol>
      <symbol id="sm-850">
         <name>SPI_FLASH_Init</name>
         <value>0xa02c</value>
         <object_component_ref idref="oc-24d"/>
      </symbol>
      <symbol id="sm-851">
         <name>SPI_Send_Data</name>
         <value>0xb094</value>
         <object_component_ref idref="oc-274"/>
      </symbol>
      <symbol id="sm-852">
         <name>SPI_Read_Data</name>
         <value>0xb080</value>
         <object_component_ref idref="oc-288"/>
      </symbol>
      <symbol id="sm-853">
         <name>ExtenalFlash_Write_Enable</name>
         <value>0xaffc</value>
         <object_component_ref idref="oc-273"/>
      </symbol>
      <symbol id="sm-854">
         <name>SPI_FLASH_BulkErase</name>
         <value>0xae32</value>
         <object_component_ref idref="oc-24e"/>
      </symbol>
      <symbol id="sm-855">
         <name>SPI_FLASH_WaitForWriteEnd</name>
         <value>0xae50</value>
         <object_component_ref idref="oc-275"/>
      </symbol>
      <symbol id="sm-874">
         <name>task_mytask</name>
         <value>0xa6a4</value>
         <object_component_ref idref="oc-21a"/>
      </symbol>
      <symbol id="sm-875">
         <name>main</name>
         <value>0x9cb2</value>
         <object_component_ref idref="oc-1e5"/>
      </symbol>
      <symbol id="sm-876">
         <name>tmr_awakeISR</name>
         <value>0xa320</value>
         <object_component_ref idref="oc-1fa"/>
      </symbol>
      <symbol id="sm-877">
         <name>tmr_sleepISR</name>
         <value>0xb21a</value>
         <object_component_ref idref="oc-21b"/>
      </symbol>
      <symbol id="sm-878">
         <name>task_sleep</name>
         <value>0xb162</value>
         <object_component_ref idref="oc-240"/>
      </symbol>
      <symbol id="sm-8ab">
         <name>wrkstn_processTmpData</name>
         <value>0xb2ae</value>
         <object_component_ref idref="oc-22a"/>
      </symbol>
      <symbol id="sm-8ac">
         <name>wrkstn_registerMsgProcessor</name>
         <value>0xaf82</value>
         <object_component_ref idref="oc-20f"/>
      </symbol>
      <symbol id="sm-8ad">
         <name>wrkstn_processSyncRep</name>
         <value>0xb2aa</value>
         <object_component_ref idref="oc-229"/>
      </symbol>
      <symbol id="sm-8ae">
         <name>wrkstn_processSyncReq</name>
         <value>0xb2ac</value>
         <object_component_ref idref="oc-228"/>
      </symbol>
      <symbol id="sm-8af">
         <name>sendTimeSync</name>
         <value>0x87aa</value>
         <object_component_ref idref="oc-22d"/>
      </symbol>
      <symbol id="sm-8b0">
         <name>wrkstn_task_addDevice</name>
         <value>0x9f46</value>
         <object_component_ref idref="oc-210"/>
      </symbol>
      <symbol id="sm-8b1">
         <name>wrkstn_task_readFrame</name>
         <value>0x97ec</value>
         <object_component_ref idref="oc-212"/>
      </symbol>
      <symbol id="sm-8d5">
         <name>gNextWkup</name>
         <value>0x229a</value>
         <object_component_ref idref="oc-13d"/>
      </symbol>
      <symbol id="sm-8e1">
         <name>node_init</name>
         <value>0xaec8</value>
         <object_component_ref idref="oc-1f6"/>
      </symbol>
      <symbol id="sm-8ef">
         <name>L_ASR</name>
         <value>0xb184</value>
         <object_component_ref idref="oc-233"/>
      </symbol>
      <symbol id="sm-8fe">
         <name>_stack</name>
         <value>0x23ac</value>
         <object_component_ref idref="oc-14b"/>
      </symbol>
      <symbol id="sm-8ff">
         <name>_reset_vector</name>
         <value>0xfffe</value>
         <object_component_ref idref="oc-14c"/>
      </symbol>
      <symbol id="sm-90d">
         <name>_c_int00_noargs_noexit</name>
         <value>0xaf34</value>
         <object_component_ref idref="oc-82"/>
      </symbol>
      <symbol id="sm-941">
         <name>__remi</name>
         <value>0xab16</value>
         <object_component_ref idref="oc-169"/>
      </symbol>
      <symbol id="sm-942">
         <name>__divi</name>
         <value>0xab16</value>
         <object_component_ref idref="oc-169"/>
      </symbol>
      <symbol id="sm-950">
         <name>__remu</name>
         <value>0xb054</value>
         <object_component_ref idref="oc-16e"/>
      </symbol>
      <symbol id="sm-951">
         <name>__divu</name>
         <value>0xb054</value>
         <object_component_ref idref="oc-16e"/>
      </symbol>
      <symbol id="sm-962">
         <name>__remli</name>
         <value>0xa2e0</value>
         <object_component_ref idref="oc-173"/>
      </symbol>
      <symbol id="sm-963">
         <name>__divli</name>
         <value>0xa2e0</value>
         <object_component_ref idref="oc-173"/>
      </symbol>
      <symbol id="sm-976">
         <name>__divul</name>
         <value>0x9c5a</value>
         <object_component_ref idref="oc-178"/>
      </symbol>
      <symbol id="sm-977">
         <name>__remul</name>
         <value>0x9c5a</value>
         <object_component_ref idref="oc-178"/>
      </symbol>
      <symbol id="sm-985">
         <name>C$$EXIT</name>
         <value>0xb298</value>
         <object_component_ref idref="oc-1e6"/>
      </symbol>
      <symbol id="sm-986">
         <name>abort</name>
         <value>0xb298</value>
         <object_component_ref idref="oc-1e6"/>
      </symbol>
      <symbol id="sm-98f">
         <name>__TI_int41</name>
         <value>0xffd2</value>
         <object_component_ref idref="oc-67"/>
      </symbol>
      <symbol id="sm-993">
         <name>__TI_int42</name>
         <value>0xffd4</value>
         <object_component_ref idref="oc-68"/>
      </symbol>
      <symbol id="sm-997">
         <name>__TI_int43</name>
         <value>0xffd6</value>
         <object_component_ref idref="oc-69"/>
      </symbol>
      <symbol id="sm-99b">
         <name>__TI_int44</name>
         <value>0xffd8</value>
         <object_component_ref idref="oc-6a"/>
      </symbol>
      <symbol id="sm-99f">
         <name>__TI_int45</name>
         <value>0xffda</value>
         <object_component_ref idref="oc-6b"/>
      </symbol>
      <symbol id="sm-9a3">
         <name>__TI_int47</name>
         <value>0xffde</value>
         <object_component_ref idref="oc-6d"/>
      </symbol>
      <symbol id="sm-9a7">
         <name>__TI_int49</name>
         <value>0xffe2</value>
         <object_component_ref idref="oc-6f"/>
      </symbol>
      <symbol id="sm-9ab">
         <name>__TI_int50</name>
         <value>0xffe4</value>
         <object_component_ref idref="oc-70"/>
      </symbol>
      <symbol id="sm-9af">
         <name>__TI_int51</name>
         <value>0xffe6</value>
         <object_component_ref idref="oc-71"/>
      </symbol>
      <symbol id="sm-9b3">
         <name>__TI_int52</name>
         <value>0xffe8</value>
         <object_component_ref idref="oc-72"/>
      </symbol>
      <symbol id="sm-9b7">
         <name>__TI_int54</name>
         <value>0xffec</value>
         <object_component_ref idref="oc-74"/>
      </symbol>
      <symbol id="sm-9bb">
         <name>__TI_int55</name>
         <value>0xffee</value>
         <object_component_ref idref="oc-75"/>
      </symbol>
      <symbol id="sm-9bf">
         <name>__TI_int56</name>
         <value>0xfff0</value>
         <object_component_ref idref="oc-76"/>
      </symbol>
      <symbol id="sm-9c3">
         <name>__TI_int57</name>
         <value>0xfff2</value>
         <object_component_ref idref="oc-77"/>
      </symbol>
      <symbol id="sm-9c7">
         <name>__TI_int59</name>
         <value>0xfff6</value>
         <object_component_ref idref="oc-79"/>
      </symbol>
      <symbol id="sm-9cb">
         <name>__TI_int60</name>
         <value>0xfff8</value>
         <object_component_ref idref="oc-7a"/>
      </symbol>
      <symbol id="sm-9cf">
         <name>__TI_int61</name>
         <value>0xfffa</value>
         <object_component_ref idref="oc-7b"/>
      </symbol>
      <symbol id="sm-9d3">
         <name>__TI_int62</name>
         <value>0xfffc</value>
         <object_component_ref idref="oc-7c"/>
      </symbol>
      <symbol id="sm-9df">
         <name>__TI_ISR_TRAP</name>
         <value>0xb26e</value>
         <object_component_ref idref="oc-184"/>
      </symbol>
      <symbol id="sm-9eb">
         <name>L_LSL_3</name>
         <value>0xa3ce</value>
         <object_component_ref idref="oc-1ff"/>
      </symbol>
      <symbol id="sm-9ec">
         <name>L_LSL_2</name>
         <value>0xa3d2</value>
         <object_component_ref idref="oc-1ff"/>
      </symbol>
      <symbol id="sm-9ed">
         <name>L_LSL_1</name>
         <value>0xa3d6</value>
         <object_component_ref idref="oc-1ff"/>
      </symbol>
      <symbol id="sm-9ee">
         <name>L_LSL_7</name>
         <value>0xa3be</value>
         <object_component_ref idref="oc-1ff"/>
      </symbol>
      <symbol id="sm-9ef">
         <name>L_LSL_6</name>
         <value>0xa3c2</value>
         <object_component_ref idref="oc-1ff"/>
      </symbol>
      <symbol id="sm-9f0">
         <name>L_LSL_5</name>
         <value>0xa3c6</value>
         <object_component_ref idref="oc-1ff"/>
      </symbol>
      <symbol id="sm-9f1">
         <name>L_LSL_4</name>
         <value>0xa3ca</value>
         <object_component_ref idref="oc-1ff"/>
      </symbol>
      <symbol id="sm-9f2">
         <name>L_LSL_9</name>
         <value>0xa3b6</value>
         <object_component_ref idref="oc-1ff"/>
      </symbol>
      <symbol id="sm-9f3">
         <name>L_LSL_8</name>
         <value>0xa3ba</value>
         <object_component_ref idref="oc-1ff"/>
      </symbol>
      <symbol id="sm-9f4">
         <name>L_LSL_12</name>
         <value>0xa3aa</value>
         <object_component_ref idref="oc-1ff"/>
      </symbol>
      <symbol id="sm-9f5">
         <name>L_LSL_13</name>
         <value>0xa3a6</value>
         <object_component_ref idref="oc-1ff"/>
      </symbol>
      <symbol id="sm-9f6">
         <name>L_LSL_10</name>
         <value>0xa3b2</value>
         <object_component_ref idref="oc-1ff"/>
      </symbol>
      <symbol id="sm-9f7">
         <name>L_LSL_11</name>
         <value>0xa3ae</value>
         <object_component_ref idref="oc-1ff"/>
      </symbol>
      <symbol id="sm-9f8">
         <name>L_LSL_14</name>
         <value>0xa3a2</value>
         <object_component_ref idref="oc-1ff"/>
      </symbol>
      <symbol id="sm-9f9">
         <name>L_LSL_15</name>
         <value>0xa39e</value>
         <object_component_ref idref="oc-1ff"/>
      </symbol>
      <symbol id="sm-a05">
         <name>L_LSR_12</name>
         <value>0xa3e8</value>
         <object_component_ref idref="oc-21c"/>
      </symbol>
      <symbol id="sm-a06">
         <name>L_LSR_13</name>
         <value>0xa3e4</value>
         <object_component_ref idref="oc-21c"/>
      </symbol>
      <symbol id="sm-a07">
         <name>L_LSR_10</name>
         <value>0xa3f0</value>
         <object_component_ref idref="oc-21c"/>
      </symbol>
      <symbol id="sm-a08">
         <name>L_LSR_11</name>
         <value>0xa3ec</value>
         <object_component_ref idref="oc-21c"/>
      </symbol>
      <symbol id="sm-a09">
         <name>L_LSR_14</name>
         <value>0xa3e0</value>
         <object_component_ref idref="oc-21c"/>
      </symbol>
      <symbol id="sm-a0a">
         <name>L_LSR_15</name>
         <value>0xa3dc</value>
         <object_component_ref idref="oc-21c"/>
      </symbol>
      <symbol id="sm-a0b">
         <name>L_LSR_3</name>
         <value>0xa40c</value>
         <object_component_ref idref="oc-21c"/>
      </symbol>
      <symbol id="sm-a0c">
         <name>L_LSR_2</name>
         <value>0xa410</value>
         <object_component_ref idref="oc-21c"/>
      </symbol>
      <symbol id="sm-a0d">
         <name>L_LSR_1</name>
         <value>0xa414</value>
         <object_component_ref idref="oc-21c"/>
      </symbol>
      <symbol id="sm-a0e">
         <name>L_LSR_7</name>
         <value>0xa3fc</value>
         <object_component_ref idref="oc-21c"/>
      </symbol>
      <symbol id="sm-a0f">
         <name>L_LSR_6</name>
         <value>0xa400</value>
         <object_component_ref idref="oc-21c"/>
      </symbol>
      <symbol id="sm-a10">
         <name>L_LSR_5</name>
         <value>0xa404</value>
         <object_component_ref idref="oc-21c"/>
      </symbol>
      <symbol id="sm-a11">
         <name>L_LSR_4</name>
         <value>0xa408</value>
         <object_component_ref idref="oc-21c"/>
      </symbol>
      <symbol id="sm-a12">
         <name>L_LSR_9</name>
         <value>0xa3f4</value>
         <object_component_ref idref="oc-21c"/>
      </symbol>
      <symbol id="sm-a13">
         <name>L_LSR_8</name>
         <value>0xa3f8</value>
         <object_component_ref idref="oc-21c"/>
      </symbol>
      <symbol id="sm-a22">
         <name>memcmp</name>
         <value>0xad0c</value>
         <object_component_ref idref="oc-243"/>
      </symbol>
      <symbol id="sm-a30">
         <name>memcpy</name>
         <value>0xb11a</value>
         <object_component_ref idref="oc-1ed"/>
      </symbol>
      <symbol id="sm-a3f">
         <name>memmove</name>
         <value>0xadf4</value>
         <object_component_ref idref="oc-2a4"/>
      </symbol>
      <symbol id="sm-a4d">
         <name>memset</name>
         <value>0xb0a8</value>
         <object_component_ref idref="oc-202"/>
      </symbol>
      <symbol id="sm-a80">
         <name>__mpyi_f5hw</name>
         <value>0xb06a</value>
         <object_component_ref idref="oc-1fe"/>
      </symbol>
      <symbol id="sm-ab6">
         <name>__mpyl_f5hw</name>
         <value>0xad2e</value>
         <object_component_ref idref="oc-234"/>
      </symbol>
      <symbol id="sm-adb">
         <name>strncpy</name>
         <value>0xab42</value>
         <object_component_ref idref="oc-254"/>
      </symbol>
      <symbol id="sm-b00">
         <name>_auto_init_hold_wdt</name>
         <value>0x9bfc</value>
         <object_component_ref idref="oc-1e1"/>
      </symbol>
   </symbol_table>
   <title>Link successful</title>
</link_info>
